BL51 BANKED LINKER/LOCATER V6.22.2.0                                                    11/30/2021  16:22:28  PAGE 1


BL51 BANKED LINKER/LOCATER V6.22.2.0, INVOKED BY:
C:\KEIL_V5\C51\BIN\BL51.EXE ..\obj\uartdrv.obj, ..\obj\timer.obj, ..\obj\interrupt.obj, ..\obj\main.obj, ..\obj\sysutil.
>> obj, ..\obj\event.obj, ..\obj\STARTUP_OCELOT.obj, ..\obj\vtss_os.obj, ..\obj\i2c_h.obj, ..\obj\i2c.obj, ..\obj\txrxts
>> t.obj, ..\obj\h2flowc.obj, ..\obj\h2ioutil.obj, ..\obj\h2mactab.obj, ..\obj\h2txrx.obj, ..\obj\h2vlan.obj, ..\obj\h2.
>> obj, ..\obj\h2io.obj, ..\obj\h2fan.obj, ..\obj\h2eee.obj, ..\obj\h2pcs1g.obj, ..\obj\h2sdcfg.obj, ..\obj\h2stats.obj,
>>  ..\obj\h2gpios.obj, ..\obj\h2txrxaux.obj, ..\obj\h2aggr.obj, ..\obj\h2e2etc.obj, ..\obj\h2mailc.obj, ..\obj\h2tcam.o
>> bj, ..\obj\txt.obj, ..\obj\print.obj, ..\obj\clihnd.obj, ..\obj\txt_moredef.obj, ..\obj\phytsk.obj, ..\obj\phymap.obj
>> , ..\obj\phydrv.obj, ..\obj\veriphy.obj, ..\obj\phy_base.obj, ..\obj\phy_atom12.obj, ..\obj\phy_tesla.obj, ..\obj\phy
>> _elise.obj, ..\obj\phy_spyder.obj, ..\obj\phy_quattro.obj, ..\obj\phy_enzo.obj, ..\obj\phy_cobra.obj, ..\obj\version.
>> obj, ..\obj\hwport.obj, ..\obj\spiflash.obj, ..\obj\misc1.obj, ..\obj\misc2.obj, ..\obj\misc3.obj, ..\obj\lldp.obj, .
>> .\obj\lldp_os.obj, ..\obj\lldp_remote.obj, ..\obj\lldp_sm.obj, ..\obj\lldp_tlv.obj, ..\obj\mib_common.obj, ..\obj\vts
>> s_lacp.obj, ..\obj\eee.obj, ..\obj\eee_base.obj, ..\obj\fan.obj, ..\obj\ledtsk.obj, ..\obj\loopdet.obj TO ..\obj\Ferr
>> et_Unmanaged_F5_Develop PRINT (..\lst\Ferret_Unmanaged_F5_Develop.m51) RAMSIZE (256) OVERLAY (?PR?_H2_WRITE_MASKED?H2
>> IOUTIL ! *) CODE (0X0000-0XDFFF) XDATA (0XE000-0XFFFF)


MEMORY MODEL: LARGE WITH FLOATING POINT ARITHMETIC


INPUT MODULES INCLUDED:
  ..\obj\uartdrv.obj (UARTDRV)
  ..\obj\timer.obj (TIMER)
  ..\obj\interrupt.obj (INTERRUPT)
  ..\obj\main.obj (MAIN)
  ..\obj\sysutil.obj (SYSUTIL)
  ..\obj\event.obj (EVENT)
  ..\obj\STARTUP_OCELOT.obj (?C_STARTUP)
  ..\obj\vtss_os.obj (VTSS_OS)
  ..\obj\i2c_h.obj (I2C_H)
  ..\obj\i2c.obj (I2C)
  ..\obj\txrxtst.obj (TXRXTST)
  ..\obj\h2flowc.obj (H2FLOWC)
  ..\obj\h2ioutil.obj (H2IOUTIL)
  ..\obj\h2mactab.obj (H2MACTAB)
  ..\obj\h2txrx.obj (H2TXRX)
  ..\obj\h2vlan.obj (H2VLAN)
  ..\obj\h2.obj (H2)
  ..\obj\h2io.obj (H2IO)
  ..\obj\h2fan.obj (H2FAN)
  ..\obj\h2eee.obj (H2EEE)
  ..\obj\h2pcs1g.obj (H2PCS1G)
  ..\obj\h2sdcfg.obj (H2SDCFG)
  ..\obj\h2stats.obj (H2STATS)
  ..\obj\h2gpios.obj (H2GPIOS)
  ..\obj\h2txrxaux.obj (H2TXRXAUX)
  ..\obj\h2aggr.obj (H2AGGR)
  ..\obj\h2e2etc.obj (H2E2ETC)
  ..\obj\h2mailc.obj (H2MAILC)
  ..\obj\h2tcam.obj (H2TCAM)
  ..\obj\txt.obj (TXT)
  ..\obj\print.obj (PRINT)
  ..\obj\clihnd.obj (CLIHND)
  ..\obj\txt_moredef.obj (TXT_MOREDEF)
  ..\obj\phytsk.obj (PHYTSK)
  ..\obj\phymap.obj (PHYMAP)
  ..\obj\phydrv.obj (PHYDRV)
  ..\obj\veriphy.obj (VERIPHY)
  ..\obj\phy_base.obj (PHY_BASE)
BL51 BANKED LINKER/LOCATER V6.22.2.0                                                  11/30/2021  16:22:28  PAGE 2


  ..\obj\phy_atom12.obj (PHY_ATOM12)
  ..\obj\phy_tesla.obj (PHY_TESLA)
  ..\obj\phy_elise.obj (PHY_ELISE)
  ..\obj\phy_spyder.obj (PHY_SPYDER)
  ..\obj\phy_quattro.obj (PHY_QUATTRO)
  ..\obj\phy_enzo.obj (PHY_ENZO)
  ..\obj\phy_cobra.obj (PHY_COBRA)
  ..\obj\version.obj (VERSION)
  ..\obj\hwport.obj (HWPORT)
  ..\obj\spiflash.obj (SPIFLASH)
  ..\obj\misc1.obj (MISC1)
  ..\obj\misc2.obj (MISCUTIL2)
  ..\obj\misc3.obj (MISCUTIL3)
  ..\obj\lldp.obj (LLDP)
  ..\obj\lldp_os.obj (LLDP_OS)
  ..\obj\lldp_remote.obj (LLDP_REMOTE)
  ..\obj\lldp_sm.obj (LLDP_SM)
  ..\obj\lldp_tlv.obj (LLDP_TLV)
  ..\obj\mib_common.obj (MIB_COMMON)
  ..\obj\vtss_lacp.obj (VTSS_LACP)
  ..\obj\eee.obj (EEE)
  ..\obj\eee_base.obj (EEE_BASE)
  ..\obj\fan.obj (FAN)
  ..\obj\ledtsk.obj (LEDTSK)
  ..\obj\loopdet.obj (LOOPDET)
  C:\KEIL_V5\C51\LIB\C51FPL.LIB (?C?FPADD)
  C:\KEIL_V5\C51\LIB\C51FPL.LIB (?C?FPMUL)
  C:\KEIL_V5\C51\LIB\C51FPL.LIB (?C?FPDIV)
  C:\KEIL_V5\C51\LIB\C51FPL.LIB (?C?FCAST)
  C:\KEIL_V5\C51\LIB\C51FPL.LIB (?C?CASTF)
  C:\KEIL_V5\C51\LIB\C51FPL.LIB (?C?FPGETOPN)
  C:\KEIL_V5\C51\LIB\C51L.LIB (?C_INIT)
  C:\KEIL_V5\C51\LIB\C51L.LIB (?C?COPY)
  C:\KEIL_V5\C51\LIB\C51L.LIB (?C?SCDIV)
  C:\KEIL_V5\C51\LIB\C51L.LIB (?C?CLDPTR)
  C:\KEIL_V5\C51\LIB\C51L.LIB (?C?CLDOPTR)
  C:\KEIL_V5\C51\LIB\C51L.LIB (?C?CILDOPTR)
  C:\KEIL_V5\C51\LIB\C51L.LIB (?C?CSTPTR)
  C:\KEIL_V5\C51\LIB\C51L.LIB (?C?CSTOPTR)
  C:\KEIL_V5\C51\LIB\C51L.LIB (?C?IILDX)
  C:\KEIL_V5\C51\LIB\C51L.LIB (?C?ILDIX)
  C:\KEIL_V5\C51\LIB\C51L.LIB (?C?ILDOPTR)
  C:\KEIL_V5\C51\LIB\C51L.LIB (?C?ISTPTR)
  C:\KEIL_V5\C51\LIB\C51L.LIB (?C?LADD)
  C:\KEIL_V5\C51\LIB\C51L.LIB (?C?LSUB)
  C:\KEIL_V5\C51\LIB\C51L.LIB (?C?LMUL)
  C:\KEIL_V5\C51\LIB\C51L.LIB (?C?ULDIV)
  C:\KEIL_V5\C51\LIB\C51L.LIB (?C?LAND)
  C:\KEIL_V5\C51\LIB\C51L.LIB (?C?LOR)
  C:\KEIL_V5\C51\LIB\C51L.LIB (?C?LNOT)
  C:\KEIL_V5\C51\LIB\C51L.LIB (?C?LNEG)
  C:\KEIL_V5\C51\LIB\C51L.LIB (?C?ULCMP)
  C:\KEIL_V5\C51\LIB\C51L.LIB (?C?ULSHR)
  C:\KEIL_V5\C51\LIB\C51L.LIB (?C?LSHL)
  C:\KEIL_V5\C51\LIB\C51L.LIB (?C?LLDIDATA)
  C:\KEIL_V5\C51\LIB\C51L.LIB (?C?LLDXDATA)
  C:\KEIL_V5\C51\LIB\C51L.LIB (?C?LLDIDATA0)
BL51 BANKED LINKER/LOCATER V6.22.2.0                                                  11/30/2021  16:22:28  PAGE 3


  C:\KEIL_V5\C51\LIB\C51L.LIB (?C?LLDXDATA0)
  C:\KEIL_V5\C51\LIB\C51L.LIB (?C?LLDIXDATA)
  C:\KEIL_V5\C51\LIB\C51L.LIB (?C?LSTIDATA)
  C:\KEIL_V5\C51\LIB\C51L.LIB (?C?LSTXDATA)
  C:\KEIL_V5\C51\LIB\C51L.LIB (?C?LSTKXDATA)
  C:\KEIL_V5\C51\LIB\C51L.LIB (?C?OFFXADD)
  C:\KEIL_V5\C51\LIB\C51L.LIB (?C?PLDXDATA)
  C:\KEIL_V5\C51\LIB\C51L.LIB (?C?PLDIXDATA)
  C:\KEIL_V5\C51\LIB\C51L.LIB (?C?PSTXDATA)
  C:\KEIL_V5\C51\LIB\C51L.LIB (?C?CCASE)
  C:\KEIL_V5\C51\LIB\C51L.LIB (?C?LCASE)
  C:\KEIL_V5\C51\LIB\C51L.LIB (?C?LIMUL)
  C:\KEIL_V5\C51\LIB\C51L.LIB (STRLEN)
  C:\KEIL_V5\C51\LIB\C51L.LIB (?C?MEMSET)


LINK MAP OF MODULE:  ..\obj\Ferret_Unmanaged_F5_Develop (UARTDRV)


            TYPE    BASE      LENGTH    RELOCATION   SEGMENT NAME
            -----------------------------------------------------

            * * * * * * *   D A T A   M E M O R Y   * * * * * * *
            REG     0000H     0008H     ABSOLUTE     "REG BANK 0"
            REG     0008H     0008H     ABSOLUTE     "REG BANK 1"
            REG     0010H     0008H     ABSOLUTE     "REG BANK 2"
            DATA    0018H     0006H     UNIT         ?DT?TIMER
                    001EH     0002H                  *** GAP ***
            BIT     0020H.0   0000H.5   UNIT         ?BI?TIMER
            BIT     0020H.5   0000H.2   UNIT         _BIT_GROUP_
            BIT     0020H.7   0000H.1   UNIT         ?BI?UARTDRV
            BIT     0021H.0   0000H.1   UNIT         ?BI?PHYTSK
                    0021H.1   0000H.7                *** GAP ***
            DATA    0022H     0025H     UNIT         _DATA_GROUP_
            DATA    0047H     000CH     UNIT         ?DT?_H2_WRITE_MASKED?H2IOUTIL
            DATA    0053H     0004H     UNIT         ?DT?UARTDRV
            DATA    0057H     0004H     UNIT         ?DT?SPIFLASH
            IDATA   005BH     0020H     UNIT         ?ID?UARTDRV
            IDATA   007BH     0010H     UNIT         ?ID?CLIHND
            IDATA   008BH     0001H     UNIT         ?STACK

            * * * * * * *  X D A T A   M E M O R Y  * * * * * * *
                    0000H     E000H                  *** GAP ***
            XDATA   E000H     02C9H     UNIT         ?XD?TXT_MOREDEF
            XDATA   E2C9H     00E2H     UNIT         _XDATA_GROUP_
            XDATA   E3ABH     0044H     UNIT         ?XD?CLIHND
            XDATA   E3EFH     003FH     UNIT         ?XD?SPIFLASH
            XDATA   E42EH     0035H     UNIT         ?XD?PHYTSK
            XDATA   E463H     0022H     UNIT         ?XD?LEDTSK
            XDATA   E485H     0019H     UNIT         ?XD?H2STATS
            XDATA   E49EH     000BH     UNIT         ?XD?H2PCS1G
            XDATA   E4A9H     000BH     UNIT         ?XD?PHYMAP
            XDATA   E4B4H     0006H     UNIT         ?XD?VERSION
            XDATA   E4BAH     0004H     UNIT         ?XD?TIMER
            XDATA   E4BEH     0004H     UNIT         ?XD?MAIN
            XDATA   E4C2H     0002H     UNIT         ?XD?SYSUTIL
            XDATA   E4C4H     0001H     UNIT         ?XD?VTSS_OS
BL51 BANKED LINKER/LOCATER V6.22.2.0                                                  11/30/2021  16:22:28  PAGE 4


            XDATA   E4C5H     0001H     UNIT         ?XD?HWPORT

            * * * * * * *   C O D E   M E M O R Y   * * * * * * *
            CODE    0000H     0003H     ABSOLUTE     
            CODE    0003H     0003H     ABSOLUTE     
            CODE    0006H     000DH     UNIT         ?PR?H2IOUTIL
            CODE    0013H     0003H     ABSOLUTE     
            CODE    0016H     0E0FH     UNIT         ?PR?_H2_SD6G_CFG?H2SDCFG
            CODE    0E25H     08FCH     UNIT         ?PR?_FERRET_BUF_CONF_SET?H2
            CODE    1721H     08E6H     UNIT         ?C?LIB_CODE
            CODE    2007H     0590H     UNIT         ?CO?CLIHND
            CODE    2597H     049AH     UNIT         ?PR?_I2C_RX?I2C_H
            CODE    2A31H     0421H     UNIT         ?C_INITSEG
            CODE    2E52H     03FCH     UNIT         ?PR?_HANDLE_SERDES?PHYTSK
            CODE    324EH     0387H     UNIT         ?PR?__FERRET_PORT_FC_SETUP?H2FLOWC
            CODE    35D5H     0339H     UNIT         ?PR?_H2_SD1G_CFG?H2SDCFG
            CODE    390EH     02A3H     UNIT         ?CO?I2C_H
            CODE    3BB1H     0296H     UNIT         ?PR?HANDLE_COMMAND?CLIHND
            CODE    3E47H     025DH     UNIT         ?PR?__SETUP_MAC?H2
            CODE    40A4H     024EH     UNIT         ?PR?H2
            CODE    42F2H     021DH     UNIT         ?PR?_H2_MACTAB_RESULT?H2MACTAB
            CODE    450FH     020DH     UNIT         ?PR?_H2_PCS1G_CLAUSE_37_STATUS_GET?H2PCS1G
            CODE    471CH     01FCH     UNIT         ?PR?__SETUP_PCS?H2
            CODE    4918H     01F7H     UNIT         ?PR?_H2_MACTAB_SET?H2MACTAB
            CODE    4B0FH     01EBH     UNIT         ?PR?_HANDLE_PHY?PHYTSK
            CODE    4CFAH     01ACH     UNIT         ?PR?_PORT_INFO_FORMAT_OUTPUT?CLIHND
            CODE    4EA6H     019EH     UNIT         ?PR?__FERRET_PORT_RESET?H2
            CODE    5044H     019EH     UNIT         ?CO?PHYTSK
            CODE    51E2H     0189H     UNIT         ?PR?_H2_PCS1G_SETUP?H2PCS1G
            CODE    536BH     0177H     UNIT         PROG
            CODE    54E2H     0176H     UNIT         ?PR?_PRINT_PORT_STATISTICS?H2STATS
            CODE    5658H     0154H     UNIT         ?PR?RETRIEVE_PARMS?CLIHND
            CODE    57ACH     0151H     UNIT         ?PR?_H2_SGPIO_WRITE?H2GPIOS
            CODE    58FDH     0142H     UNIT         ?PR?_H2_PCS1G_100FX_STATUS_GET?H2PCS1G
            CODE    5A3FH     012AH     UNIT         ?PR?I2C_INIT?I2C_H
            CODE    5B69H     012AH     UNIT         ?PR?CLI_SHOW_PORT_INFO?CLIHND
            CODE    5C93H     0125H     UNIT         ?PR?H2PCS1G
            CODE    5DB8H     0109H     UNIT         ?PR?PHY_INIT?PHYTSK
            CODE    5EC1H     0101H     UNIT         ?PR?UART_INIT?UARTDRV
            CODE    5FC2H     00FBH     UNIT         ?PR?_CLI_SHOW_MAC_ADDR?CLIHND
            CODE    60BDH     00F9H     UNIT         ?PR?CMD_READY?CLIHND
            CODE    61B6H     00F8H     UNIT         ?PR?__SETUP_PORT?H2
            CODE    62AEH     00F1H     UNIT         ?PR?H2MACTAB
            CODE    639FH     00EAH     UNIT         ?PR?H2_INIT_PORTS?H2
            CODE    6489H     00E7H     UNIT         ?PR?_H2_GPIO_MODE_SET?H2GPIOS
            CODE    6570H     00E0H     UNIT         ?PR?_H2_PCS1G_CLAUSE_37_CONTROL_SET?H2PCS1G
            CODE    6650H     00DAH     UNIT         ?C_C51STARTUP
            CODE    672AH     00D3H     UNIT         ?PR?_I2C_SET_GPIO_ALT?I2C_H
            CODE    67FDH     00D1H     UNIT         ?PR?H2SDCFG
            CODE    68CEH     00C3H     UNIT         ?PR?_CMD_RETRIEVE_MAC_ADDR?CLIHND
            CODE    6991H     00C3H     UNIT         ?PR?_SFP_DETECT?PHYTSK
            CODE    6A54H     00C1H     UNIT         ?PR?_PHY_READ_ID?PHY_BASE
            CODE    6B15H     00BDH     UNIT         ?PR?H2_SGPIO_ENABLE?H2GPIOS
            CODE    6BD2H     00BDH     UNIT         ?PR?CLI_SHOW_HELP_MSG?CLIHND
            CODE    6C8FH     00BDH     UNIT         ?PR?_SERDES_LINK_MODE_GET?PHYTSK
            CODE    6D4CH     00B4H     UNIT         ?PR?I2C_H
            CODE    6E00H     00B4H     UNIT         ?PR?CLIHND
BL51 BANKED LINKER/LOCATER V6.22.2.0                                                  11/30/2021  16:22:28  PAGE 5


            CODE    6EB4H     00B2H     UNIT         ?PR?_H2_MACTAB_AGE?H2MACTAB
            CODE    6F66H     00B1H     UNIT         ?PR?_H2_PCS1G_2_5G_LINK_STATUS_GET?H2PCS1G
            CODE    7017H     00AEH     UNIT         ?PR?H2_SERDES_MACRO_PHASE_LOOP_LOCKED?H2SDCFG
            CODE    70C5H     00ADH     UNIT         ?PR?_CMP_CMD_TXT?TXT
            CODE    7172H     00ADH     UNIT         ?PR?PHY_HW_INIT?HWPORT
            CODE    721FH     00ACH     UNIT         ?PR?PHYTSK
            CODE    72CBH     00ABH     UNIT         ?PR?CLI_SHOW_SW_VER?CLIHND
            CODE    7376H     00AAH     UNIT         ?PR?__LED_MODE_SET?LEDTSK
            CODE    7420H     00A7H     UNIT         ?PR?_PHY_RECEIVER_RECONFIG?PHYDRV
            CODE    74C7H     00A4H     UNIT         ?PR?_I2C_SET_TAR_REGISTER?I2C_H
            CODE    756BH     00A2H     UNIT         ?PR?_PRINT_DEC_32?PRINT
            CODE    760DH     009DH     UNIT         ?PR?H2_POST_RESET?H2
            CODE    76AAH     009CH     UNIT         ?PR?_I2C_TX?I2C_H
            CODE    7746H     009CH     UNIT         ?PR?GET_HW_VERSION?HWPORT
            CODE    77E2H     009AH     UNIT         ?PR?_H2_STATS_COUNTER_GET?H2STATS
            CODE    787CH     0098H     UNIT         ?PR?MAIN?MAIN
            CODE    7914H     0097H     UNIT         ?PR?_PRINT_PHY_MODEL_2_TXT?CLIHND
            CODE    79ABH     0093H     UNIT         ?PR?TIMER_1_INIT?TIMER
            CODE    7A3EH     008FH     UNIT         ?PR?UART_INTERRUPT?UARTDRV
            CODE    7ACDH     008DH     UNIT         ?PR?H2GPIOS
            CODE    7B5AH     008DH     UNIT         ?PR?RETRIEVE_STR_PARMS?CLIHND
            CODE    7BE7H     008DH     UNIT         ?PR?__PHY_READ_REG_DATA?PHYDRV
            CODE    7C74H     008AH     UNIT         ?CO?SYSUTIL
            CODE    7CFEH     008AH     UNIT         ?PR?_H2_PCS1G_CLOCK_SET?H2PCS1G
            CODE    7D88H     0085H     UNIT         ?CO?H2STATS
            CODE    7E0DH     0081H     UNIT         ?CO?PRINT
            CODE    7E8EH     0080H     UNIT         ?PR?__H2_STATS_COUNTER_GET_PRIVATE?H2STATS
            CODE    7F0EH     007FH     UNIT         ?PR?HANDLE_SYS_CONFIG?CLIHND
            CODE    7F8DH     007DH     UNIT         ?PR?SYSUTIL_SHOW_CHIP_ID?SYSUTIL
            CODE    800AH     007BH     UNIT         ?PR?_PRINT_PORT_LIST?PRINT
            CODE    8085H     007BH     UNIT         ?PR?_LED_UPDATE_PORT_BY_TOWER_MODE?LEDTSK
            CODE    8100H     007AH     UNIT         ?PR?PHY_TSK_INIT?PHYTSK
            CODE    817AH     0076H     UNIT         ?PR?_PRINT_DEC?PRINT
            CODE    81F0H     0071H     UNIT         ?PR?_PHY_WRITE?PHYDRV
            CODE    8261H     006FH     UNIT         ?PR?_PHY_STATE_TO_SETUP?PHYTSK
            CODE    82D0H     0068H     UNIT         ?PR?EXT_1_INTERRUPT?INTERRUPT
            CODE    8338H     0068H     UNIT         ?PR?EXT_0_INTERRUPT?INTERRUPT
            CODE    83A0H     0067H     UNIT         ?PR?_PHY_LINK_MODE_GET?PHYTSK
            CODE    8407H     0066H     UNIT         ?PR?CLI_TSK?CLIHND
            CODE    846DH     0061H     UNIT         ?PR?_SFP_I2C_READ?PHYTSK
            CODE    84CEH     005EH     UNIT         ?PR?_PRINT_BINARY_32?PRINT
            CODE    852CH     005EH     UNIT         ?PR?_FLASH_WRITE_MAC_ADDR?SPIFLASH
            CODE    858AH     005CH     UNIT         ?PR?PHYDRV
            CODE    85E6H     0059H     UNIT         ?PR?_H2_MACTAB_GET_NEXT?H2MACTAB
            CODE    863FH     0057H     UNIT         ?PR?_TX_I2C_DATA?I2C_H
            CODE    8696H     0054H     UNIT         ?PR?_PHY_MMD_RD?PHYDRV
            CODE    86EAH     0052H     UNIT         ?PR?_UART_PUT_BYTE?UARTDRV
            CODE    873CH     004BH     UNIT         ?PR?PRINT
            CODE    8787H     0049H     UNIT         ?PR?_PHY_DO_LINK_UP_SETTINGS?PHYDRV
            CODE    87D0H     0045H     UNIT         ?PR?_PRINT_PARSE_INFO_32?PRINT
            CODE    8815H     0045H     UNIT         ?PR?_PHY_INIT_STATE?PHYTSK
            CODE    885AH     0045H     UNIT         ?PR?PHY_TSK?PHYTSK
            CODE    889FH     0044H     UNIT         ?PR?_H2_WRITE_MASKED?H2IOUTIL
            CODE    88E3H     0044H     UNIT         ?PR?_GET_MAC_ADDR?HWPORT
            CODE    8927H     003FH     UNIT         ?PR?_H2_SETUP_FLOW_CONTROL?H2FLOWC
            CODE    8966H     003FH     UNIT         ?PR?H2FLOWC
            CODE    89A5H     003EH     UNIT         ?PR?__H2_VLAN_DO_COMMAND?H2VLAN
BL51 BANKED LINKER/LOCATER V6.22.2.0                                                  11/30/2021  16:22:28  PAGE 6


            CODE    89E3H     003EH     UNIT         ?PR?_H2_GPIO_READ?H2GPIOS
            CODE    8A21H     003EH     UNIT         ?CO?TXT
            CODE    8A5FH     003CH     UNIT         ?CO?H2
            CODE    8A9BH     003CH     UNIT         ?PR?_PRINT_MAC_ADDR?PRINT
            CODE    8AD7H     003CH     UNIT         ?CO?VERSION
            CODE    8B13H     003BH     UNIT         ?PR?_H2_ENABLE_EXC_COL_DROP?H2
            CODE    8B4EH     0039H     UNIT         ?PR?_PHY_MAP_SERDES_IF_RESTORE?PHYMAP
            CODE    8B87H     0037H     UNIT         ?PR?TIMER_1_INTERRUPT?TIMER
            CODE    8BBEH     0035H     UNIT         ?PR?_WRITE_MACDATA_REG?H2MACTAB
            CODE    8BF3H     0035H     UNIT         ?PR?_PRINT_N_STR?PRINT
            CODE    8C28H     0034H     UNIT         ?PR?_DO_MACTAB_CMD?H2MACTAB
            CODE    8C5CH     0033H     UNIT         ?PR?_PRINT_TXT?TXT
            CODE    8C8FH     0033H     UNIT         ?PR?_DO_LINK_DOWN?PHYTSK
            CODE    8CC2H     0032H     UNIT         ?PR?_BUILD_MACHDATA?H2MACTAB
            CODE    8CF4H     0032H     UNIT         ?PR?_H2_SD1G_READ?H2SDCFG
            CODE    8D26H     0032H     UNIT         ?PR?_H2_GPIO_WRITE?H2GPIOS
            CODE    8D58H     0031H     UNIT         ?PR?WAIT_FOR_TX_BUFFER_EMPTY?I2C_H
            CODE    8D89H     0031H     UNIT         ?PR?_H2_SD6G_READ?H2SDCFG
            CODE    8DBAH     002FH     UNIT         ?PR?_PRINT_TXT_LEFT?TXT
            CODE    8DE9H     002EH     UNIT         ?PR?_PHY_WRITE_MASKED?PHYDRV
            CODE    8E17H     002DH     UNIT         ?PR?_H2_SD1G_WRITE?H2SDCFG
            CODE    8E44H     002DH     UNIT         ?PR?_DO_LINK_UP?PHYTSK
            CODE    8E71H     002DH     UNIT         ?PR?PHY_CHECK_ALL?PHYTSK
            CODE    8E9EH     002CH     UNIT         ?PR?_H2_SD6G_WRITE?H2SDCFG
            CODE    8ECAH     002CH     UNIT         ?PR?_SERDES_PORT_SFP_DETECT?PHYTSK
            CODE    8EF6H     002BH     UNIT         ?PR?_BUILD_MACLDATA?H2MACTAB
            CODE    8F21H     002BH     UNIT         ?PR?_PHY_MAP_SERDES?PHYMAP
            CODE    8F4CH     0028H     UNIT         ?PR?_PHY_AWAIT_COMPLETED?PHYDRV
            CODE    8F74H     0027H     UNIT         ?PR?_PRINT_DEC_8_RIGHT_2?PRINT
            CODE    8F9BH     0027H     UNIT         ?PR?_ASCII_TO_HEX_NIB?MISC1
            CODE    8FC2H     0026H     UNIT         ?PR?SYSUTIL_HANG?SYSUTIL
            CODE    8FE8H     0025H     UNIT         ?PR?HANDLE_TIMEOUT_EVENT_1SEC?MAIN
            CODE    900DH     0025H     UNIT         ?PR?PHY_BASE
            CODE    9032H     0024H     UNIT         ?CO?MAIN
            CODE    9056H     0024H     UNIT         ?PR?SYSUTIL_SHOW_SW_VER?SYSUTIL
            CODE    907AH     0023H     UNIT         ?PR?H2_MACTAB_AGETIME_SET?H2MACTAB
            CODE    909DH     0023H     UNIT         ?PR?_CONV_TO_UPPER_CASE?MISC1
            CODE    90C0H     0022H     UNIT         ?PR?_H2_MAC_TYPE?H2MACTAB
            CODE    90E2H     0022H     UNIT         ?PR?_PHY_READ?PHYDRV
            CODE    9104H     0021H     UNIT         ?PR?_H2_SETUP_PORT?H2
            CODE    9125H     0021H     UNIT         ?CO?PHYMAP
            CODE    9146H     0020H     UNIT         ?PR?LED_INIT?LEDTSK
            CODE    9166H     001FH     UNIT         ?PR?_PHY_DO_LINK_DOWN_SETTINGS?PHYDRV
            CODE    9185H     001FH     UNIT         ?PR?_UPORT2CPORT?HWPORT
            CODE    91A4H     001EH     UNIT         ?PR?H2_SERDES_MACRO_CONFIG?H2SDCFG
            CODE    91C2H     001EH     UNIT         ?PR?TXT
            CODE    91E0H     001DH     UNIT         ?PR?_PRINT_HEX_B?PRINT
            CODE    91FDH     001DH     UNIT         ?PR?_PRINT_HEX_DW?PRINT
            CODE    921AH     001DH     UNIT         ?PR?_PRINT_LINE?PRINT
            CODE    9237H     001DH     UNIT         ?PR?LED_1S_TIMER?LEDTSK
            CODE    9254H     001CH     UNIT         ?PR?_WM_ENC?H2FLOWC
            CODE    9270H     001CH     UNIT         ?PR?_IS_IPMC_ENTRY?H2MACTAB
            CODE    928CH     001CH     UNIT         ?PR?_WM_ENC?H2
            CODE    92A8H     001CH     UNIT         ?PR?SFP_INIT?PHYTSK
            CODE    92C4H     001BH     UNIT         ?PR?__PORT_RESET?H2
            CODE    92DFH     001BH     UNIT         ?PR?_PRINT_STR?PRINT
            CODE    92FAH     001AH     UNIT         ?PR?_H2_STATS_COUNTER_CLEAR?H2STATS
BL51 BANKED LINKER/LOCATER V6.22.2.0                                                  11/30/2021  16:22:28  PAGE 7


            CODE    9314H     0019H     UNIT         ?PR?_PRINT_HEX_W?PRINT
            CODE    932DH     0019H     UNIT         ?PR?_PHY_GET_SPEED_AND_FDX?PHYDRV
            CODE    9346H     0018H     UNIT         ?PR?_DELAY_1?TIMER
            CODE    935EH     0018H     UNIT         ?PR?H2_CHIP_RESET?H2
            CODE    9376H     0017H     UNIT         ?PR?_IS_IPV6MC_ENTRY?H2MACTAB
            CODE    938DH     0015H     UNIT         ?PR?UARTDRV
            CODE    93A2H     0015H     UNIT         ?PR?_H2_MACTAB_FLUSH_PORT?H2MACTAB
            CODE    93B7H     0015H     UNIT         ?PR?_TXT_LEN?TXT
            CODE    93CCH     0015H     UNIT         ?PR?_PRINT_SPACES?PRINT
            CODE    93E1H     0015H     UNIT         ?PR?_PHY_MAP?PHYMAP
            CODE    93F6H     0015H     UNIT         ?PR?FLASH_LOAD_CONFIG?SPIFLASH
            CODE    940BH     0015H     UNIT         ?PR?LED_TSK?LEDTSK
            CODE    9420H     0015H     UNIT         ?PR?_STRLEN?STRLEN
            CODE    9435H     0014H     UNIT         ?PR?PHY_TIMER_10?PHYTSK
            CODE    9449H     0014H     UNIT         ?PR?PHYMAP
            CODE    945DH     0014H     UNIT         ?PR?_PHY_RESTART_ANEG?PHYDRV
            CODE    9471H     0014H     UNIT         ?PR?_CPORT2UPORT?HWPORT
            CODE    9485H     0013H     UNIT         ?PR?H2_RESET?H2
            CODE    9498H     0013H     UNIT         ?PR?_H2_SD6G_CFG_CHANGE?H2SDCFG
            CODE    94ABH     0013H     UNIT         ?PR?_HEX_TO_ASCII_NIB?MISC1
            CODE    94BEH     0012H     UNIT         ?PR?SYSUTIL_SHOW_COMPILE_DATE?SYSUTIL
            CODE    94D0H     0012H     UNIT         ?PR?SYSUTIL_SHOW_HW_VER?SYSUTIL
            CODE    94E2H     0012H     UNIT         ?PR?_PRINT_PORT_MAC_ADDR?PRINT
            CODE    94F4H     0011H     UNIT         ?PR?INTERRUPT
            CODE    9505H     0011H     UNIT         ?PR?_CLI_CSI_PREFIX?CLIHND
            CODE    9516H     0010H     UNIT         ?CO?HWPORT
            CODE    9526H     000FH     UNIT         ?PR?UART_GET_BYTE?UARTDRV
            CODE    9535H     000FH     UNIT         ?PR?_PHY_MAP_PHY_NO?PHYMAP
            CODE    9544H     000EH     UNIT         ?PR?_IS_PORT_LINK?PHYTSK
            CODE    9552H     000EH     UNIT         ?PR?_PHY_MAP_MIIM_NO?PHYMAP
            CODE    9560H     000DH     UNIT         ?PR?_PRINT_DEC_RIGHT?PRINT
            CODE    956DH     000DH     UNIT         ?PR?SKIP_SPACES?CLIHND
            CODE    957AH     000DH     UNIT         ?PR?_PHY_LINK_STATUS?PHYDRV
            CODE    9587H     000CH     UNIT         ?PR?ERROR_CHECK?MAIN
            CODE    9593H     000CH     UNIT         ?PR?HANDLE_TIMEOUT_EVENT_10MS?MAIN
            CODE    959FH     000BH     UNIT         ?PR?H2_VLAN_CLEAR_TAB?H2VLAN
            CODE    95AAH     000BH     UNIT         ?PR?__SFP_TX_DISABLE_SET?PHYTSK
            CODE    95B5H     000BH     UNIT         ?PR?_PHY_MAP_SERDES_IF_UPDATE?PHYMAP
            CODE    95C0H     000AH     UNIT         ?PR?UART_BYTE_READY?UARTDRV
            CODE    95CAH     000AH     UNIT         ?PR?_DELAY?TIMER
            CODE    95D4H     000AH     UNIT         ?PR?SYSUTIL
            CODE    95DEH     000AH     UNIT         ?PR?H2STATS
            CODE    95E8H     000AH     UNIT         ?PR?PRINT_HEX_PREFIX?PRINT
            CODE    95F2H     000AH     UNIT         ?PR?PRINT_CR_LF?PRINT
            CODE    95FCH     000AH     UNIT         ?PR?CLI_BACKSPACE?CLIHND
            CODE    9606H     000AH     UNIT         ?PR?_PHY_PRE_RESET?PHYDRV
            CODE    9610H     000AH     UNIT         ?PR?_PHY_POST_RESET?PHYDRV
            CODE    961AH     000AH     UNIT         ?PR?_PHY_SETUP?PHYDRV
            CODE    9624H     0009H     UNIT         ?PR?EXT_INTERRUPT_INIT?INTERRUPT
            CODE    962DH     0009H     UNIT         ?PR?HANDLE_TIMEOUT_EVENT_100MS?MAIN
            CODE    9636H     0009H     UNIT         ?PR?_PORT_LINK_MODE_GET?PHYTSK
            CODE    963FH     0009H     UNIT         ?PR?_PHY_PAGE_TP?PHYDRV
            CODE    9648H     0009H     UNIT         ?PR?_PHY_PAGE_TR?PHYDRV
            CODE    9651H     0009H     UNIT         ?PR?LEDTSK
            CODE    965AH     0008H     UNIT         ?PR?SYSUTIL_REBOOT?SYSUTIL
            CODE    9662H     0008H     UNIT         ?PR?H2_MACTAB_CLEAR?H2MACTAB
            CODE    966AH     0008H     UNIT         ?PR?_PHY_PAGE_STD?PHYDRV
BL51 BANKED LINKER/LOCATER V6.22.2.0                                                  11/30/2021  16:22:28  PAGE 8


            CODE    9672H     0007H     UNIT         ?PR?_START_TIMER?TIMER
            CODE    9679H     0007H     UNIT         ?PR?TIMER
            CODE    9680H     0007H     UNIT         ?PR?HWPORT
            CODE    9687H     0007H     UNIT         ?PR?_FLASH_READ_MAC_ADDR?SPIFLASH
            CODE    968EH     0007H     UNIT         ?PR?LED_REFRESH?LEDTSK
            CODE    9695H     0007H     UNIT         ?PR?_LED_UPDATE_SYSTEM?LEDTSK
            CODE    969CH     0006H     UNIT         ?PR?_SYSUTIL_ASSERT_EVENT_SET?SYSUTIL
            CODE    96A2H     0006H     UNIT         ?PR?SYSUTIL_ASSERT_EVENT_GET?SYSUTIL
            CODE    96A8H     0006H     UNIT         ?PR?_SYSUTIL_SET_SUSPEND?SYSUTIL
            CODE    96AEH     0006H     UNIT         ?PR?SYSUTIL_GET_SUSPEND?SYSUTIL
            CODE    96B4H     0006H     UNIT         ?PR?_PRINTLN_STR?PRINT
            CODE    96BAH     0006H     UNIT         ?PR?_PHY_FLOWCONTROL_GET?PHYTSK
            CODE    96C0H     0006H     UNIT         ?PR?_PHY_FLOWCONTROL_SET?PHYTSK
            CODE    96C6H     0006H     UNIT         ?PR?_PHY_POWER_DOWN?PHYDRV
            CODE    96CCH     0004H     UNIT         ?PR?TIMEOUT?TIMER
            CODE    96D0H     0003H     UNIT         ?PR?_CALLBACK_LINK_UP?EVENT
            CODE    96D3H     0003H     UNIT         ?PR?_CALLBACK_LINK_DOWN?EVENT
            CODE    96D6H     0003H     UNIT         ?PR?_PRINT_CH?PRINT
            CODE    96D9H     0003H     UNIT         ?PR?GPIO_INIT?HWPORT
            CODE    96DCH     0001H     UNIT         ?PR?_H2_SETUP_CPU_IF?H2
            CODE    96DDH     0001H     UNIT         ?PR?VTSS_UPDATE_MASKS?H2



OVERLAY MAP OF MODULE:   ..\obj\Ferret_Unmanaged_F5_Develop (UARTDRV)


SEGMENT                                             BIT_GROUP          DATA_GROUP          XDATA_GROUP
  +--> CALLED SEGMENT                            START    LENGTH     START    LENGTH     START    LENGTH
--------------------------------------------------------------------------------------------------------
?PR?EXT_1_INTERRUPT?INTERRUPT                    -----    -----      0022H    0004H      -----    -----
  +--> ?PR?INTERRUPT
  +--> ?PR?UART_INTERRUPT?UARTDRV
  +--> ?PR?_H2_WRITE_MASKED?H2IOUTIL

?PR?UART_INTERRUPT?UARTDRV                       -----    -----      0026H    0004H      -----    -----
  +--> ?PR?UARTDRV

?PR?_H2_WRITE_MASKED?H2IOUTIL                    -----    -----      -----    -----      -----    -----
  +--> ?PR?H2IOUTIL

*** NEW ROOT ***************************************************

?PR?EXT_0_INTERRUPT?INTERRUPT                    -----    -----      002AH    0004H      -----    -----
  +--> ?PR?INTERRUPT
  +--> ?PR?TIMER_1_INTERRUPT?TIMER
  +--> ?PR?_H2_WRITE_MASKED?H2IOUTIL

*** NEW ROOT ***************************************************

?C_C51STARTUP                                    -----    -----      -----    -----      -----    -----
  +--> ?PR?MAIN?MAIN
  +--> ?C_INITSEG

?PR?MAIN?MAIN                                    -----    -----      -----    -----      E2C9H    0001H
  +--> ?PR?GET_HW_VERSION?HWPORT
  +--> ?PR?TIMER_1_INIT?TIMER
BL51 BANKED LINKER/LOCATER V6.22.2.0                                                  11/30/2021  16:22:28  PAGE 9


  +--> ?PR?UART_INIT?UARTDRV
  +--> ?PR?EXT_INTERRUPT_INIT?INTERRUPT
  +--> ?PR?_DELAY_1?TIMER
  +--> ?PR?PRINT_CR_LF?PRINT
  +--> ?PR?SYSUTIL_SHOW_CHIP_ID?SYSUTIL
  +--> ?PR?SYSUTIL_SHOW_SW_VER?SYSUTIL
  +--> ?PR?SYSUTIL_SHOW_COMPILE_DATE?SYSUTIL
  +--> ?PR?SYSUTIL_SHOW_HW_VER?SYSUTIL
  +--> ?PR?H2_POST_RESET?H2
  +--> ?PR?GPIO_INIT?HWPORT
  +--> ?PR?FLASH_LOAD_CONFIG?SPIFLASH
  +--> ?PR?SYSUTIL_ASSERT_EVENT_GET?SYSUTIL
  +--> ?PR?SYSUTIL_HANG?SYSUTIL
  +--> ?PR?PHY_HW_INIT?HWPORT
  +--> ?PR?H2_INIT_PORTS?H2
  +--> ?PR?PHY_TSK_INIT?PHYTSK
  +--> ?PR?LED_INIT?LEDTSK
  +--> ?PR?I2C_INIT?I2C_H
  +--> ?CO?MAIN
  +--> ?PR?_PRINTLN_STR?PRINT
  +--> ?PR?_UART_PUT_BYTE?UARTDRV
  +--> ?PR?SYSUTIL_REBOOT?SYSUTIL
  +--> ?PR?CLI_TSK?CLIHND
  +--> ?PR?SYSUTIL_GET_SUSPEND?SYSUTIL
  +--> ?PR?HANDLE_TIMEOUT_EVENT_10MS?MAIN
  +--> ?PR?HANDLE_TIMEOUT_EVENT_100MS?MAIN
  +--> ?PR?HANDLE_TIMEOUT_EVENT_1SEC?MAIN

?PR?GET_HW_VERSION?HWPORT                        -----    -----      -----    -----      E2D1H    0010H
  +--> ?PR?HWPORT

?PR?TIMER_1_INIT?TIMER                           -----    -----      -----    -----      -----    -----
  +--> ?PR?TIMER
  +--> ?PR?_H2_WRITE_MASKED?H2IOUTIL

?PR?UART_INIT?UARTDRV                            -----    -----      -----    -----      -----    -----
  +--> ?PR?UARTDRV
  +--> ?PR?_H2_WRITE_MASKED?H2IOUTIL

?PR?PRINT_CR_LF?PRINT                            -----    -----      -----    -----      -----    -----
  +--> ?PR?_UART_PUT_BYTE?UARTDRV

?PR?_UART_PUT_BYTE?UARTDRV                       -----    -----      002FH    0005H      -----    -----
  +--> ?PR?UARTDRV

?PR?SYSUTIL_SHOW_CHIP_ID?SYSUTIL                 -----    -----      -----    -----      E2D1H    0005H
  +--> ?CO?SYSUTIL
  +--> ?PR?_PRINT_STR?PRINT
  +--> ?PR?_PRINT_CH?PRINT
  +--> ?PR?PRINT_CR_LF?PRINT

?PR?_PRINT_STR?PRINT                             -----    -----      -----    -----      E328H    0003H
  +--> ?PR?PRINT
  +--> ?PR?_UART_PUT_BYTE?UARTDRV

?PR?_PRINT_CH?PRINT                              -----    -----      -----    -----      -----    -----
  +--> ?PR?_UART_PUT_BYTE?UARTDRV
BL51 BANKED LINKER/LOCATER V6.22.2.0                                                  11/30/2021  16:22:28  PAGE 10



?PR?SYSUTIL_SHOW_SW_VER?SYSUTIL                  -----    -----      -----    -----      -----    -----
  +--> ?CO?SYSUTIL
  +--> ?PR?_PRINT_STR?PRINT
  +--> ?PR?SYSUTIL
  +--> ?PR?_PRINTLN_STR?PRINT

?PR?_PRINTLN_STR?PRINT                           -----    -----      -----    -----      -----    -----
  +--> ?PR?_PRINT_STR?PRINT
  +--> ?PR?PRINT_CR_LF?PRINT

?PR?SYSUTIL_SHOW_COMPILE_DATE?SYSUTIL            -----    -----      -----    -----      -----    -----
  +--> ?CO?SYSUTIL
  +--> ?PR?_PRINT_STR?PRINT
  +--> ?PR?SYSUTIL
  +--> ?PR?_PRINTLN_STR?PRINT

?PR?SYSUTIL_SHOW_HW_VER?SYSUTIL                  -----    -----      -----    -----      -----    -----
  +--> ?CO?SYSUTIL
  +--> ?PR?_PRINT_STR?PRINT
  +--> ?PR?GET_HW_VERSION?HWPORT
  +--> ?PR?_PRINT_CH?PRINT
  +--> ?PR?PRINT_CR_LF?PRINT

?PR?H2_POST_RESET?H2                             -----    -----      -----    -----      -----    -----
  +--> ?PR?_H2_SETUP_CPU_IF?H2
  +--> ?PR?H2_SERDES_MACRO_PHASE_LOOP_LOCKED...
  +--> ?CO?H2
  +--> ?PR?_PRINTLN_STR?PRINT
  +--> ?PR?H2_SERDES_MACRO_CONFIG?H2SDCFG
  +--> ?PR?H2
  +--> ?PR?_START_TIMER?TIMER
  +--> ?PR?TIMEOUT?TIMER
  +--> ?PR?_SYSUTIL_ASSERT_EVENT_SET?SYSUTIL
  +--> ?PR?_H2_WRITE_MASKED?H2IOUTIL
  +--> ?PR?H2_MACTAB_CLEAR?H2MACTAB
  +--> ?PR?H2_VLAN_CLEAR_TAB?H2VLAN
  +--> ?PR?_DELAY?TIMER
  +--> ?PR?H2_MACTAB_AGETIME_SET?H2MACTAB
  +--> ?PR?_FERRET_BUF_CONF_SET?H2

?PR?H2_SERDES_MACRO_PHASE_LOOP_LOCKED...         -----    -----      -----    -----      -----    -----
  +--> ?PR?H2SDCFG
  +--> ?PR?_DELAY_1?TIMER
  +--> ?PR?_H2_WRITE_MASKED?H2IOUTIL

?PR?H2_SERDES_MACRO_CONFIG?H2SDCFG               -----    -----      -----    -----      -----    -----
  +--> ?PR?_H2_SD6G_CFG?H2SDCFG
  +--> ?PR?_H2_SD1G_CFG?H2SDCFG

?PR?_H2_SD6G_CFG?H2SDCFG                         -----    -----      -----    -----      E2DFH    00B5H
  +--> ?PR?_H2_SD6G_READ?H2SDCFG
  +--> ?PR?H2SDCFG
  +--> ?PR?_H2_WRITE_MASKED?H2IOUTIL
  +--> ?PR?_DELAY_1?TIMER
  +--> ?PR?_H2_SD6G_WRITE?H2SDCFG

BL51 BANKED LINKER/LOCATER V6.22.2.0                                                  11/30/2021  16:22:28  PAGE 11


?PR?_H2_SD6G_READ?H2SDCFG                        -----    -----      -----    -----      E394H    0004H
  +--> ?PR?H2SDCFG

?PR?_H2_SD6G_WRITE?H2SDCFG                       -----    -----      -----    -----      E394H    0004H
  +--> ?PR?H2SDCFG

?PR?_H2_SD1G_CFG?H2SDCFG                         -----    -----      -----    -----      E2DAH    0029H
  +--> ?PR?_H2_SD1G_READ?H2SDCFG
  +--> ?PR?H2SDCFG
  +--> ?PR?_H2_WRITE_MASKED?H2IOUTIL
  +--> ?PR?_H2_SD1G_WRITE?H2SDCFG

?PR?_H2_SD1G_READ?H2SDCFG                        -----    -----      -----    -----      E303H    0004H
  +--> ?PR?H2SDCFG

?PR?_H2_SD1G_WRITE?H2SDCFG                       -----    -----      -----    -----      E303H    0004H
  +--> ?PR?H2SDCFG

?PR?H2                                           -----    -----      -----    -----      -----    -----
  +--> ?PR?_WM_ENC?H2

?PR?H2_MACTAB_CLEAR?H2MACTAB                     -----    -----      -----    -----      -----    -----
  +--> ?PR?H2MACTAB
  +--> ?PR?_DO_MACTAB_CMD?H2MACTAB

?PR?_DO_MACTAB_CMD?H2MACTAB                      -----    -----      -----    -----      E2FDH    0004H
  +--> ?PR?H2MACTAB

?PR?H2_VLAN_CLEAR_TAB?H2VLAN                     -----    -----      -----    -----      -----    -----
  +--> ?PR?__H2_VLAN_DO_COMMAND?H2VLAN

?PR?__H2_VLAN_DO_COMMAND?H2VLAN                  -----    -----      -----    -----      -----    -----
  +--> ?PR?_START_TIMER?TIMER
  +--> ?PR?TIMEOUT?TIMER

?PR?H2_MACTAB_AGETIME_SET?H2MACTAB               -----    -----      -----    -----      -----    -----
  +--> ?PR?H2MACTAB
  +--> ?PR?_H2_WRITE_MASKED?H2IOUTIL

?PR?_FERRET_BUF_CONF_SET?H2                      -----    -----      -----    -----      E2CAH    00E1H
  +--> ?PR?H2
  +--> ?PR?_WM_ENC?H2
  +--> ?PR?_UPORT2CPORT?HWPORT

?PR?_UPORT2CPORT?HWPORT                          -----    -----      -----    -----      -----    -----
  +--> ?CO?HWPORT

?PR?GPIO_INIT?HWPORT                             -----    -----      -----    -----      -----    -----
  +--> ?PR?H2_SGPIO_ENABLE?H2GPIOS

?PR?H2_SGPIO_ENABLE?H2GPIOS                      -----    -----      -----    -----      E2CAH    0001H
  +--> ?PR?_H2_GPIO_MODE_SET?H2GPIOS
  +--> ?PR?_H2_WRITE_MASKED?H2IOUTIL
  +--> ?PR?_H2_SGPIO_WRITE?H2GPIOS

?PR?_H2_GPIO_MODE_SET?H2GPIOS                    -----    -----      -----    -----      E2CCH    0005H
  +--> ?PR?H2GPIOS
BL51 BANKED LINKER/LOCATER V6.22.2.0                                                  11/30/2021  16:22:28  PAGE 12


  +--> ?PR?_H2_WRITE_MASKED?H2IOUTIL

?PR?_H2_SGPIO_WRITE?H2GPIOS                      -----    -----      -----    -----      E2D0H    0004H
  +--> ?PR?H2GPIOS
  +--> ?PR?_H2_WRITE_MASKED?H2IOUTIL
  +--> ?PR?_DELAY_1?TIMER

?PR?FLASH_LOAD_CONFIG?SPIFLASH                   -----    -----      -----    -----      E2CAH    0002H

?PR?SYSUTIL_HANG?SYSUTIL                         -----    -----      -----    -----      E2CAH    0001H
  +--> ?PR?SYSUTIL_ASSERT_EVENT_GET?SYSUTIL
  +--> ?PR?_DELAY_1?TIMER
  +--> ?CO?SYSUTIL
  +--> ?PR?_PRINT_STR?PRINT
  +--> ?PR?_PRINT_HEX_B?PRINT
  +--> ?PR?SYSUTIL_SHOW_SW_VER?SYSUTIL
  +--> ?PR?SYSUTIL_SHOW_COMPILE_DATE?SYSUTIL

?PR?_PRINT_HEX_B?PRINT                           -----    -----      -----    -----      E324H    0001H
  +--> ?PR?_HEX_TO_ASCII_NIB?MISC1
  +--> ?PR?_UART_PUT_BYTE?UARTDRV

?PR?PHY_HW_INIT?HWPORT                           -----    -----      -----    -----      E2CAH    0005H
  +--> ?PR?_START_TIMER?TIMER
  +--> ?PR?HWPORT
  +--> ?PR?TIMEOUT?TIMER
  +--> ?PR?_DELAY_1?TIMER
  +--> ?PR?_H2_WRITE_MASKED?H2IOUTIL

?PR?H2_INIT_PORTS?H2                             -----    -----      -----    -----      E2CAH    0006H
  +--> ?PR?_UPORT2CPORT?HWPORT
  +--> ?PR?H2
  +--> ?PR?_H2_SETUP_PORT?H2
  +--> ?PR?__PORT_RESET?H2
  +--> ?PR?_H2_WRITE_MASKED?H2IOUTIL
  +--> ?PR?VTSS_UPDATE_MASKS?H2

?PR?_H2_SETUP_PORT?H2                            -----    -----      -----    -----      E2DBH    0002H
  +--> ?PR?__PORT_RESET?H2
  +--> ?PR?__SETUP_PORT?H2
  +--> ?PR?__SETUP_PCS?H2

?PR?__PORT_RESET?H2                              -----    -----      -----    -----      E2DDH    0002H
  +--> ?PR?__FERRET_PORT_RESET?H2
  +--> ?PR?_H2_MACTAB_FLUSH_PORT?H2MACTAB

?PR?__FERRET_PORT_RESET?H2                       -----    -----      -----    -----      E2E0H    0007H
  +--> ?PR?H2
  +--> ?PR?_H2_WRITE_MASKED?H2IOUTIL
  +--> ?PR?_DELAY_1?TIMER
  +--> ?PR?__SETUP_MAC?H2
  +--> ?PR?_H2_SETUP_FLOW_CONTROL?H2FLOWC

?PR?__SETUP_MAC?H2                               -----    -----      -----    -----      E2E7H    0013H
  +--> ?PR?H2
  +--> ?PR?_H2_WRITE_MASKED?H2IOUTIL
  +--> ?PR?_DELAY_1?TIMER
BL51 BANKED LINKER/LOCATER V6.22.2.0                                                  11/30/2021  16:22:28  PAGE 13


  +--> ?PR?_PHY_MAP_MIIM_NO?PHYMAP

?PR?_PHY_MAP_MIIM_NO?PHYMAP                      -----    -----      -----    -----      -----    -----
  +--> ?PR?PHYMAP

?PR?_H2_SETUP_FLOW_CONTROL?H2FLOWC               -----    -----      -----    -----      E2E7H    0003H
  +--> ?PR?_PHY_FLOWCONTROL_GET?PHYTSK
  +--> ?PR?__FERRET_PORT_FC_SETUP?H2FLOWC

?PR?_PHY_FLOWCONTROL_GET?PHYTSK                  -----    -----      -----    -----      -----    -----
  +--> ?PR?PHYTSK

?PR?__FERRET_PORT_FC_SETUP?H2FLOWC               -----    -----      -----    -----      E2EAH    003AH
  +--> ?PR?H2FLOWC
  +--> ?PR?_GET_MAC_ADDR?HWPORT
  +--> ?PR?_H2_WRITE_MASKED?H2IOUTIL
  +--> ?PR?_UPORT2CPORT?HWPORT
  +--> ?PR?_PORT_LINK_MODE_GET?PHYTSK
  +--> ?PR?_WM_ENC?H2FLOWC

?PR?_GET_MAC_ADDR?HWPORT                         -----    -----      -----    -----      E324H    0004H
  +--> ?PR?_FLASH_READ_MAC_ADDR?SPIFLASH

?PR?_PORT_LINK_MODE_GET?PHYTSK                   -----    -----      -----    -----      -----    -----
  +--> ?PR?PHYTSK

?PR?_H2_MACTAB_FLUSH_PORT?H2MACTAB               -----    -----      -----    -----      E2DFH    0001H
  +--> ?PR?H2MACTAB
  +--> ?PR?_H2_MACTAB_AGE?H2MACTAB

?PR?_H2_MACTAB_AGE?H2MACTAB                      -----    -----      -----    -----      E2E0H    0005H
  +--> ?PR?H2MACTAB
  +--> ?PR?_H2_WRITE_MASKED?H2IOUTIL
  +--> ?PR?_DO_MACTAB_CMD?H2MACTAB

?PR?__SETUP_PORT?H2                              -----    -----      -----    -----      E2DDH    0003H
  +--> ?PR?_H2_SETUP_FLOW_CONTROL?H2FLOWC
  +--> ?PR?_H2_ENABLE_EXC_COL_DROP?H2
  +--> ?PR?H2
  +--> ?PR?_H2_WRITE_MASKED?H2IOUTIL
  +--> ?PR?__FERRET_PORT_RESET?H2
  +--> ?PR?VTSS_UPDATE_MASKS?H2

?PR?_H2_ENABLE_EXC_COL_DROP?H2                   -----    -----      -----    -----      E2E0H    0001H
  +--> ?PR?H2
  +--> ?PR?_H2_WRITE_MASKED?H2IOUTIL

?PR?__SETUP_PCS?H2                               -----    -----      -----    -----      E2DDH    000BH
  +--> ?PR?_PHY_MAP_MIIM_NO?PHYMAP
  +--> ?PR?_PHY_MAP_SERDES?PHYMAP
  +--> ?PR?H2
  +--> ?PR?_H2_WRITE_MASKED?H2IOUTIL
  +--> ?PR?_H2_PCS1G_CLOCK_SET?H2PCS1G

?PR?_PHY_MAP_SERDES?PHYMAP                       -----    -----      -----    -----      -----    -----
  +--> ?PR?PHYMAP

BL51 BANKED LINKER/LOCATER V6.22.2.0                                                  11/30/2021  16:22:28  PAGE 14


?PR?_H2_PCS1G_CLOCK_SET?H2PCS1G                  -----    -----      -----    -----      E2E8H    0001H
  +--> ?PR?H2PCS1G
  +--> ?PR?_H2_WRITE_MASKED?H2IOUTIL
  +--> ?PR?_DELAY_1?TIMER

?PR?PHY_TSK_INIT?PHYTSK                          -----    -----      -----    -----      E2CAH    0002H
  +--> ?PR?PHYTSK
  +--> ?PR?_UPORT2CPORT?HWPORT
  +--> ?PR?_PHY_INIT_STATE?PHYTSK
  +--> ?PR?_PHY_MAP?PHYMAP
  +--> ?PR?_PHY_MAP_SERDES?PHYMAP
  +--> ?PR?PHY_INIT?PHYTSK
  +--> ?PR?SFP_INIT?PHYTSK
  +--> ?PR?PHY_CHECK_ALL?PHYTSK

?PR?_PHY_INIT_STATE?PHYTSK                       -----    -----      -----    -----      E2CCH    0001H
  +--> ?PR?_PHY_MAP?PHYMAP
  +--> ?PR?_PHY_WRITE_MASKED?PHYDRV
  +--> ?PR?_PHY_MAP_SERDES?PHYMAP

?PR?_PHY_MAP?PHYMAP                              -----    -----      -----    -----      -----    -----
  +--> ?PR?PHYMAP

?PR?_PHY_WRITE_MASKED?PHYDRV                     -----    -----      002EH    0006H      -----    -----
  +--> ?PR?_PHY_READ?PHYDRV
  +--> ?PR?_PHY_WRITE?PHYDRV

?PR?_PHY_READ?PHYDRV                             -----    -----      0034H    0004H      -----    -----
  +--> ?PR?_PHY_MAP?PHYMAP
  +--> ?PR?__PHY_READ_REG_DATA?PHYDRV

?PR?__PHY_READ_REG_DATA?PHYDRV                   -----    -----      0038H    000AH      -----    -----
  +--> ?PR?_PHY_MAP_MIIM_NO?PHYMAP
  +--> ?PR?_PHY_MAP_PHY_NO?PHYMAP
  +--> ?PR?PHYDRV
  +--> ?PR?_PHY_AWAIT_COMPLETED?PHYDRV

?PR?_PHY_MAP_PHY_NO?PHYMAP                       -----    -----      -----    -----      -----    -----
  +--> ?PR?PHYMAP
  +--> ?CO?PHYMAP

?PR?_PHY_AWAIT_COMPLETED?PHYDRV                  -----    -----      0042H    0005H      -----    -----
  +--> ?PR?PHYDRV

?PR?_PHY_WRITE?PHYDRV                            -----    -----      0034H    0005H      -----    -----
  +--> ?PR?_PHY_MAP?PHYMAP
  +--> ?PR?_PHY_MAP_MIIM_NO?PHYMAP
  +--> ?PR?_PHY_MAP_PHY_NO?PHYMAP
  +--> ?PR?PHYDRV
  +--> ?PR?_PHY_AWAIT_COMPLETED?PHYDRV

?PR?PHY_INIT?PHYTSK                              -----    -----      -----    -----      E2CCH    0004H
  +--> ?PR?_DELAY?TIMER
  +--> ?PR?_PHY_PRE_RESET?PHYDRV
  +--> ?PR?_PHY_PAGE_STD?PHYDRV
  +--> ?PR?PHYTSK
  +--> ?PR?_UPORT2CPORT?HWPORT
BL51 BANKED LINKER/LOCATER V6.22.2.0                                                  11/30/2021  16:22:28  PAGE 15


  +--> ?PR?_PHY_MAP?PHYMAP
  +--> ?PR?_PHY_PAGE_TR?PHYDRV
  +--> ?PR?_PHY_WRITE?PHYDRV
  +--> ?PR?_PHY_SETUP?PHYDRV
  +--> ?PR?_PHY_POST_RESET?PHYDRV
  +--> ?CO?PHYTSK
  +--> ?PR?_PRINT_STR?PRINT
  +--> ?PR?_PRINT_DEC?PRINT
  +--> ?PR?PRINT_CR_LF?PRINT
  +--> ?PR?_PHY_POWER_DOWN?PHYDRV
  +--> ?PR?_PHY_READ?PHYDRV

?PR?_PHY_PRE_RESET?PHYDRV                        -----    -----      -----    -----      E2D0H    0004H
  +--> ?PR?_PHY_READ_ID?PHY_BASE

?PR?_PHY_READ_ID?PHY_BASE                        -----    -----      -----    -----      E2DEH    0008H
  +--> ?PR?_PHY_MAP?PHYMAP
  +--> ?PR?PHY_BASE
  +--> ?PR?_PHY_READ?PHYDRV

?PR?_PHY_PAGE_STD?PHYDRV                         -----    -----      -----    -----      -----    -----
  +--> ?PR?_PHY_WRITE?PHYDRV

?PR?_PHY_PAGE_TR?PHYDRV                          -----    -----      -----    -----      -----    -----
  +--> ?PR?_PHY_WRITE?PHYDRV

?PR?_PHY_SETUP?PHYDRV                            -----    -----      -----    -----      E2D0H    0004H
  +--> ?PR?_PHY_READ_ID?PHY_BASE

?PR?_PHY_POST_RESET?PHYDRV                       -----    -----      -----    -----      E2D0H    0004H
  +--> ?PR?_PHY_READ_ID?PHY_BASE

?PR?_PRINT_DEC?PRINT                             -----    -----      -----    -----      E31EH    000FH
  +--> ?PR?PRINT
  +--> ?PR?_UART_PUT_BYTE?UARTDRV

?PR?_PHY_POWER_DOWN?PHYDRV                       -----    -----      -----    -----      -----    -----
  +--> ?PR?PHYDRV
  +--> ?PR?_PHY_WRITE_MASKED?PHYDRV

?PR?SFP_INIT?PHYTSK                              -----    -----      -----    -----      -----    -----
  +--> ?PR?_H2_GPIO_MODE_SET?H2GPIOS
  +--> ?PR?_H2_GPIO_WRITE?H2GPIOS
  +--> ?PR?__SFP_TX_DISABLE_SET?PHYTSK

?PR?_H2_GPIO_WRITE?H2GPIOS                       -----    -----      -----    -----      E2DAH    0001H
  +--> ?PR?H2GPIOS
  +--> ?PR?_H2_WRITE_MASKED?H2IOUTIL

?PR?__SFP_TX_DISABLE_SET?PHYTSK                  -----    -----      -----    -----      -----    -----
  +--> ?PR?_H2_GPIO_WRITE?H2GPIOS

?PR?PHY_CHECK_ALL?PHYTSK                         -----    -----      -----    -----      E2CCH    0003H
  +--> ?PR?PHYTSK
  +--> ?PR?_UPORT2CPORT?HWPORT
  +--> ?PR?_PHY_MAP?PHYMAP

BL51 BANKED LINKER/LOCATER V6.22.2.0                                                  11/30/2021  16:22:28  PAGE 16


?PR?LED_INIT?LEDTSK                              -----    -----      -----    -----      -----    -----
  +--> ?PR?LEDTSK
  +--> ?PR?_LED_UPDATE_SYSTEM?LEDTSK
  +--> ?PR?_LED_UPDATE_PORT_BY_TOWER_MODE?LE...

?PR?_LED_UPDATE_SYSTEM?LEDTSK                    -----    -----      -----    -----      -----    -----
  +--> ?PR?__LED_MODE_SET?LEDTSK

?PR?__LED_MODE_SET?LEDTSK                        0020H.5  0000H.1    -----    -----      E2CDH    0003H
  +--> ?PR?_H2_SGPIO_WRITE?H2GPIOS

?PR?_LED_UPDATE_PORT_BY_TOWER_MODE?LE...         -----    -----      -----    -----      E2CAH    0003H
  +--> ?PR?_UPORT2CPORT?HWPORT
  +--> ?PR?_PORT_LINK_MODE_GET?PHYTSK
  +--> ?PR?__LED_MODE_SET?LEDTSK

?PR?I2C_INIT?I2C_H                               -----    -----      -----    -----      E31EH    0004H
  +--> ?PR?I2C_H

?PR?SYSUTIL_REBOOT?SYSUTIL                       -----    -----      -----    -----      -----    -----
  +--> ?PR?H2_CHIP_RESET?H2

?PR?H2_CHIP_RESET?H2                             -----    -----      -----    -----      -----    -----
  +--> ?PR?H2

?PR?CLI_TSK?CLIHND                               -----    -----      -----    -----      E2CAH    0001H
  +--> ?PR?CMD_READY?CLIHND
  +--> ?PR?SKIP_SPACES?CLIHND
  +--> ?PR?_CMP_CMD_TXT?TXT
  +--> ?PR?CLIHND
  +--> ?PR?HANDLE_SYS_CONFIG?CLIHND
  +--> ?PR?HANDLE_COMMAND?CLIHND
  +--> ?PR?UART_BYTE_READY?UARTDRV
  +--> ?PR?UART_GET_BYTE?UARTDRV
  +--> ?CO?CLIHND
  +--> ?PR?_PRINTLN_STR?PRINT
  +--> ?PR?_UART_PUT_BYTE?UARTDRV

?PR?CMD_READY?CLIHND                             -----    -----      -----    -----      E2CBH    0001H
  +--> ?PR?UART_BYTE_READY?UARTDRV
  +--> ?PR?UART_GET_BYTE?UARTDRV
  +--> ?PR?CLI_BACKSPACE?CLIHND
  +--> ?PR?_DELAY_1?TIMER
  +--> ?PR?CLIHND
  +--> ?PR?_UART_PUT_BYTE?UARTDRV

?PR?CLI_BACKSPACE?CLIHND                         -----    -----      -----    -----      -----    -----
  +--> ?PR?_CLI_CSI_PREFIX?CLIHND

?PR?_CLI_CSI_PREFIX?CLIHND                       -----    -----      002EH    0001H      -----    -----
  +--> ?PR?_UART_PUT_BYTE?UARTDRV

?PR?SKIP_SPACES?CLIHND                           -----    -----      -----    -----      -----    -----
  +--> ?PR?CLIHND

?PR?_CMP_CMD_TXT?TXT                             -----    -----      -----    -----      E2D2H    0009H
  +--> ?PR?TXT
BL51 BANKED LINKER/LOCATER V6.22.2.0                                                  11/30/2021  16:22:28  PAGE 17


  +--> ?PR?_CONV_TO_UPPER_CASE?MISC1

?PR?HANDLE_SYS_CONFIG?CLIHND                     -----    -----      -----    -----      E2CBH    0007H
  +--> ?PR?RETRIEVE_STR_PARMS?CLIHND
  +--> ?PR?_FLASH_READ_MAC_ADDR?SPIFLASH
  +--> ?PR?_PRINT_MAC_ADDR?PRINT
  +--> ?PR?PRINT_CR_LF?PRINT
  +--> ?PR?_CMP_CMD_TXT?TXT
  +--> ?PR?_CMD_RETRIEVE_MAC_ADDR?CLIHND
  +--> ?PR?_FLASH_WRITE_MAC_ADDR?SPIFLASH

?PR?RETRIEVE_STR_PARMS?CLIHND                    -----    -----      -----    -----      -----    -----
  +--> ?PR?CLIHND
  +--> ?PR?SKIP_SPACES?CLIHND

?PR?_PRINT_MAC_ADDR?PRINT                        -----    -----      -----    -----      E2E5H    0004H
  +--> ?PR?PRINT
  +--> ?PR?_PRINT_HEX_B?PRINT
  +--> ?PR?_PRINT_CH?PRINT

?PR?_CMD_RETRIEVE_MAC_ADDR?CLIHND                -----    -----      -----    -----      E2D2H    000CH
  +--> ?PR?CLIHND
  +--> ?PR?_ASCII_TO_HEX_NIB?MISC1

?PR?_ASCII_TO_HEX_NIB?MISC1                      -----    -----      -----    -----      -----    -----
  +--> ?PR?_CONV_TO_UPPER_CASE?MISC1

?PR?_FLASH_WRITE_MAC_ADDR?SPIFLASH               -----    -----      -----    -----      E2D2H    000EH
  +--> ?PR?_H2_MACTAB_SET?H2MACTAB

?PR?_H2_MACTAB_SET?H2MACTAB                      -----    -----      -----    -----      E2E0H    001DH
  +--> ?PR?H2MACTAB
  +--> ?PR?_WRITE_MACDATA_REG?H2MACTAB
  +--> ?PR?_H2_MAC_TYPE?H2MACTAB
  +--> ?PR?_BUILD_MACHDATA?H2MACTAB
  +--> ?PR?_BUILD_MACLDATA?H2MACTAB
  +--> ?PR?_DO_MACTAB_CMD?H2MACTAB

?PR?_WRITE_MACDATA_REG?H2MACTAB                  -----    -----      -----    -----      E2FDH    0002H
  +--> ?PR?_BUILD_MACHDATA?H2MACTAB
  +--> ?PR?H2MACTAB
  +--> ?PR?_BUILD_MACLDATA?H2MACTAB

?PR?_BUILD_MACHDATA?H2MACTAB                     -----    -----      -----    -----      E2FFH    0004H

?PR?_BUILD_MACLDATA?H2MACTAB                     -----    -----      -----    -----      E2FFH    0004H
  +--> ?PR?H2MACTAB

?PR?_H2_MAC_TYPE?H2MACTAB                        -----    -----      -----    -----      -----    -----
  +--> ?PR?_IS_IPMC_ENTRY?H2MACTAB
  +--> ?PR?_IS_IPV6MC_ENTRY?H2MACTAB

?PR?_IS_IPMC_ENTRY?H2MACTAB                      -----    -----      -----    -----      -----    -----
  +--> ?PR?H2MACTAB

?PR?_IS_IPV6MC_ENTRY?H2MACTAB                    -----    -----      -----    -----      -----    -----
  +--> ?PR?H2MACTAB
BL51 BANKED LINKER/LOCATER V6.22.2.0                                                  11/30/2021  16:22:28  PAGE 18



?PR?HANDLE_COMMAND?CLIHND                        -----    -----      -----    -----      E2CBH    0004H
  +--> ?PR?CLIHND
  +--> ?PR?RETRIEVE_PARMS?CLIHND
  +--> ?PR?_CONV_TO_UPPER_CASE?MISC1
  +--> ?PR?CLI_SHOW_SW_VER?CLIHND
  +--> ?PR?CLI_SHOW_PORT_INFO?CLIHND
  +--> ?PR?_PRINT_PARSE_INFO_32?PRINT
  +--> ?PR?_PHY_WRITE?PHYDRV
  +--> ?PR?PRINT_HEX_PREFIX?PRINT
  +--> ?PR?_PHY_READ?PHYDRV
  +--> ?PR?_PRINT_HEX_W?PRINT
  +--> ?PR?PRINT_CR_LF?PRINT
  +--> ?PR?_CLI_SHOW_MAC_ADDR?CLIHND
  +--> ?PR?_H2_MACTAB_FLUSH_PORT?H2MACTAB
  +--> ?PR?CLI_SHOW_HELP_MSG?CLIHND
  +--> ?PR?_PHY_FLOWCONTROL_SET?PHYTSK
  +--> ?PR?_PHY_STATE_TO_SETUP?PHYTSK
  +--> ?PR?_UPORT2CPORT?HWPORT
  +--> ?PR?_IS_PORT_LINK?PHYTSK
  +--> ?PR?_H2_ENABLE_EXC_COL_DROP?H2
  +--> ?PR?_PRINT_PORT_STATISTICS?H2STATS
  +--> ?PR?_H2_STATS_COUNTER_CLEAR?H2STATS
  +--> ?PR?H2_RESET?H2
  +--> ?PR?_SYSUTIL_SET_SUSPEND?SYSUTIL

?PR?RETRIEVE_PARMS?CLIHND                        -----    -----      -----    -----      E2CFH    0012H
  +--> ?PR?CLIHND
  +--> ?PR?SKIP_SPACES?CLIHND
  +--> ?PR?_CONV_TO_UPPER_CASE?MISC1
  +--> ?PR?_ASCII_TO_HEX_NIB?MISC1

?PR?CLI_SHOW_SW_VER?CLIHND                       -----    -----      -----    -----      E2CFH    0002H
  +--> ?PR?SYSUTIL_SHOW_CHIP_ID?SYSUTIL
  +--> ?PR?SYSUTIL_SHOW_SW_VER?SYSUTIL
  +--> ?PR?SYSUTIL_SHOW_COMPILE_DATE?SYSUTIL
  +--> ?PR?SYSUTIL_SHOW_HW_VER?SYSUTIL
  +--> ?CO?CLIHND
  +--> ?PR?_PRINT_STR?PRINT
  +--> ?PR?_PRINT_SPACES?PRINT
  +--> ?PR?_PRINT_DEC?PRINT
  +--> ?PR?PRINT_CR_LF?PRINT
  +--> ?PR?_PRINTLN_STR?PRINT
  +--> ?PR?CLIHND
  +--> ?PR?_UPORT2CPORT?HWPORT
  +--> ?PR?_PHY_MAP?PHYMAP
  +--> ?PR?_PHY_MAP_SERDES?PHYMAP
  +--> ?PR?_PRINT_PORT_MAC_ADDR?PRINT
  +--> ?PR?_PHY_MAP_MIIM_NO?PHYMAP
  +--> ?PR?_PHY_MAP_PHY_NO?PHYMAP
  +--> ?PR?_PRINT_DEC_8_RIGHT_2?PRINT

?PR?_PRINT_SPACES?PRINT                          -----    -----      -----    -----      E2E5H    0001H
  +--> ?PR?PRINT
  +--> ?PR?_UART_PUT_BYTE?UARTDRV

?PR?_PRINT_PORT_MAC_ADDR?PRINT                   -----    -----      -----    -----      E2D1H    0006H
BL51 BANKED LINKER/LOCATER V6.22.2.0                                                  11/30/2021  16:22:28  PAGE 19


  +--> ?PR?_GET_MAC_ADDR?HWPORT
  +--> ?PR?_PRINT_MAC_ADDR?PRINT

?PR?_PRINT_DEC_8_RIGHT_2?PRINT                   -----    -----      -----    -----      E2E3H    0001H
  +--> ?PR?PRINT
  +--> ?PR?_UART_PUT_BYTE?UARTDRV

?PR?CLI_SHOW_PORT_INFO?CLIHND                    -----    -----      -----    -----      E2CFH    000FH
  +--> ?CO?CLIHND
  +--> ?PR?_PRINT_STR?PRINT
  +--> ?PR?_PRINT_SPACES?PRINT
  +--> ?PR?_PRINTLN_STR?PRINT
  +--> ?PR?_PRINT_LINE?PRINT
  +--> ?PR?PRINT_CR_LF?PRINT
  +--> ?PR?CLIHND
  +--> ?PR?_UPORT2CPORT?HWPORT
  +--> ?PR?_PHY_READ_ID?PHY_BASE
  +--> ?PR?_PHY_MAP_MIIM_NO?PHYMAP
  +--> ?PR?_PHY_MAP_PHY_NO?PHYMAP
  +--> ?PR?_PORT_LINK_MODE_GET?PHYTSK
  +--> ?PR?_PORT_INFO_FORMAT_OUTPUT?CLIHND

?PR?_PRINT_LINE?PRINT                            -----    -----      -----    -----      E2DEH    0001H
  +--> ?PR?PRINT
  +--> ?PR?_UART_PUT_BYTE?UARTDRV

?PR?_PORT_INFO_FORMAT_OUTPUT?CLIHND              -----    -----      -----    -----      E2DEH    0005H
  +--> ?PR?_PRINT_SPACES?PRINT
  +--> ?PR?CLIHND
  +--> ?PR?_PRINT_DEC_8_RIGHT_2?PRINT
  +--> ?PR?PRINT_HEX_PREFIX?PRINT
  +--> ?PR?_PRINT_HEX_B?PRINT
  +--> ?PR?_PHY_MAP?PHYMAP
  +--> ?PR?_PRINT_PHY_MODEL_2_TXT?CLIHND
  +--> ?CO?CLIHND
  +--> ?PR?_PRINT_N_STR?PRINT
  +--> ?PR?_PRINT_STR?PRINT
  +--> ?PR?PRINT_CR_LF?PRINT

?PR?PRINT_HEX_PREFIX?PRINT                       -----    -----      -----    -----      -----    -----
  +--> ?PR?_UART_PUT_BYTE?UARTDRV

?PR?_PRINT_PHY_MODEL_2_TXT?CLIHND                -----    -----      -----    -----      -----    -----
  +--> ?CO?CLIHND
  +--> ?PR?_PRINT_N_STR?PRINT

?PR?_PRINT_N_STR?PRINT                           -----    -----      -----    -----      E2E3H    0004H
  +--> ?PR?PRINT
  +--> ?PR?_UART_PUT_BYTE?UARTDRV

?PR?_PRINT_PARSE_INFO_32?PRINT                   -----    -----      -----    -----      E2CFH    0004H
  +--> ?CO?PRINT
  +--> ?PR?_PRINT_STR?PRINT
  +--> ?PR?PRINT_CR_LF?PRINT
  +--> ?PR?PRINT_HEX_PREFIX?PRINT
  +--> ?PR?_PRINT_HEX_DW?PRINT
  +--> ?PR?_PRINT_DEC_RIGHT?PRINT
BL51 BANKED LINKER/LOCATER V6.22.2.0                                                  11/30/2021  16:22:28  PAGE 20


  +--> ?PR?_PRINT_BINARY_32?PRINT
  +--> ?PR?_PRINT_SPACES?PRINT

?PR?_PRINT_HEX_DW?PRINT                          -----    -----      -----    -----      E31EH    0004H
  +--> ?PR?_PRINT_HEX_W?PRINT

?PR?_PRINT_HEX_W?PRINT                           -----    -----      -----    -----      E322H    0002H
  +--> ?PR?_PRINT_HEX_B?PRINT

?PR?_PRINT_DEC_RIGHT?PRINT                       -----    -----      -----    -----      -----    -----
  +--> ?PR?_PRINT_DEC_32?PRINT

?PR?_PRINT_DEC_32?PRINT                          -----    -----      -----    -----      E2DAH    0011H
  +--> ?PR?_UART_PUT_BYTE?UARTDRV
  +--> ?PR?PRINT

?PR?_PRINT_BINARY_32?PRINT                       -----    -----      -----    -----      E2D3H    0005H
  +--> ?PR?_UART_PUT_BYTE?UARTDRV

?PR?_CLI_SHOW_MAC_ADDR?CLIHND                    -----    -----      -----    -----      E2CFH    0016H
  +--> ?PR?_H2_MACTAB_GET_NEXT?H2MACTAB
  +--> ?PR?_PRINT_MAC_ADDR?PRINT
  +--> ?PR?_PRINT_SPACES?PRINT
  +--> ?CO?CLIHND
  +--> ?PR?_PRINT_STR?PRINT
  +--> ?PR?_PRINT_PORT_LIST?PRINT
  +--> ?PR?PRINT_CR_LF?PRINT
  +--> ?PR?_PRINT_DEC?PRINT

?PR?_H2_MACTAB_GET_NEXT?H2MACTAB                 -----    -----      -----    -----      E2E5H    0007H
  +--> ?PR?_WRITE_MACDATA_REG?H2MACTAB
  +--> ?PR?_H2_MAC_TYPE?H2MACTAB
  +--> ?PR?H2MACTAB
  +--> ?PR?_DO_MACTAB_CMD?H2MACTAB
  +--> ?PR?_H2_MACTAB_RESULT?H2MACTAB

?PR?_H2_MACTAB_RESULT?H2MACTAB                   -----    -----      -----    -----      E2ECH    001CH
  +--> ?PR?H2MACTAB

?PR?_PRINT_PORT_LIST?PRINT                       -----    -----      -----    -----      E2E5H    0006H
  +--> ?CO?PRINT
  +--> ?PR?_PRINT_STR?PRINT
  +--> ?PR?_PRINT_CH?PRINT
  +--> ?PR?_CPORT2UPORT?HWPORT
  +--> ?PR?_PRINT_DEC?PRINT

?PR?_CPORT2UPORT?HWPORT                          -----    -----      -----    -----      -----    -----
  +--> ?CO?HWPORT

?PR?CLI_SHOW_HELP_MSG?CLIHND                     -----    -----      -----    -----      -----    -----
  +--> ?CO?CLIHND
  +--> ?PR?_PRINTLN_STR?PRINT

?PR?_PHY_FLOWCONTROL_SET?PHYTSK                  -----    -----      -----    -----      -----    -----
  +--> ?PR?PHYTSK

?PR?_PHY_STATE_TO_SETUP?PHYTSK                   -----    -----      -----    -----      E2CFH    0001H
BL51 BANKED LINKER/LOCATER V6.22.2.0                                                  11/30/2021  16:22:28  PAGE 21


  +--> ?PR?_PHY_MAP?PHYMAP
  +--> ?PR?PHYTSK
  +--> ?PR?_DO_LINK_DOWN?PHYTSK
  +--> ?PR?_PHY_WRITE?PHYDRV
  +--> ?PR?_PHY_WRITE_MASKED?PHYDRV
  +--> ?PR?_PHY_MAP_SERDES?PHYMAP

?PR?_DO_LINK_DOWN?PHYTSK                         -----    -----      -----    -----      E2DAH    0001H
  +--> ?PR?PHYTSK
  +--> ?PR?_PHY_MAP?PHYMAP
  +--> ?PR?_PHY_DO_LINK_DOWN_SETTINGS?PHYDRV
  +--> ?PR?_H2_SETUP_PORT?H2
  +--> ?PR?_CALLBACK_LINK_DOWN?EVENT

?PR?_PHY_DO_LINK_DOWN_SETTINGS?PHYDRV            -----    -----      -----    -----      E2DBH    0001H
  +--> ?PR?PHYDRV
  +--> ?PR?_PHY_WRITE_MASKED?PHYDRV
  +--> ?PR?_DELAY_1?TIMER

?PR?_CALLBACK_LINK_DOWN?EVENT                    -----    -----      -----    -----      -----    -----
  +--> ?PR?LED_REFRESH?LEDTSK

?PR?_IS_PORT_LINK?PHYTSK                         -----    -----      -----    -----      -----    -----
  +--> ?PR?PHYTSK

?PR?_PRINT_PORT_STATISTICS?H2STATS               -----    -----      -----    -----      E2CFH    000BH
  +--> ?PR?H2STATS
  +--> ?PR?_PRINT_TXT?TXT
  +--> ?PR?_TXT_LEN?TXT
  +--> ?PR?_PRINT_LINE?PRINT
  +--> ?PR?PRINT_CR_LF?PRINT
  +--> ?CO?H2STATS
  +--> ?PR?_PRINT_TXT_LEFT?TXT
  +--> ?PR?_H2_STATS_COUNTER_GET?H2STATS
  +--> ?PR?_PRINT_DEC_RIGHT?PRINT
  +--> ?PR?_PRINT_STR?PRINT
  +--> ?PR?_PRINT_SPACES?PRINT

?PR?_PRINT_TXT?TXT                               -----    -----      -----    -----      E2DDH    0001H
  +--> ?PR?TXT
  +--> ?PR?_PRINT_STR?PRINT
  +--> ?CO?TXT
  +--> ?PR?_PRINT_HEX_B?PRINT
  +--> ?PR?PRINT_CR_LF?PRINT

?PR?_TXT_LEN?TXT                                 -----    -----      -----    -----      -----    -----
  +--> ?PR?TXT
  +--> ?PR?_STRLEN?STRLEN

?PR?_PRINT_TXT_LEFT?TXT                          -----    -----      -----    -----      E2DAH    0003H
  +--> ?PR?_TXT_LEN?TXT
  +--> ?PR?_PRINT_TXT?TXT
  +--> ?PR?_PRINT_SPACES?PRINT

?PR?_H2_STATS_COUNTER_GET?H2STATS                -----    -----      -----    -----      E2DAH    0009H
  +--> ?PR?__H2_STATS_COUNTER_GET_PRIVATE?H2...

BL51 BANKED LINKER/LOCATER V6.22.2.0                                                  11/30/2021  16:22:28  PAGE 22


?PR?__H2_STATS_COUNTER_GET_PRIVATE?H2...         -----    -----      -----    -----      E2E3H    0006H
  +--> ?PR?_H2_WRITE_MASKED?H2IOUTIL

?PR?H2_RESET?H2                                  -----    -----      -----    -----      -----    -----
  +--> ?PR?H2
  +--> ?PR?_H2_WRITE_MASKED?H2IOUTIL

?PR?HANDLE_TIMEOUT_EVENT_10MS?MAIN               -----    -----      -----    -----      -----    -----
  +--> ?PR?PHY_TIMER_10?PHYTSK
  +--> ?PR?PHY_TSK?PHYTSK

?PR?PHY_TSK?PHYTSK                               -----    -----      -----    -----      E2CAH    0002H
  +--> ?PR?PHYTSK
  +--> ?PR?_UPORT2CPORT?HWPORT
  +--> ?PR?_PHY_MAP?PHYMAP
  +--> ?PR?_HANDLE_PHY?PHYTSK
  +--> ?PR?_PHY_MAP_SERDES?PHYMAP
  +--> ?PR?_HANDLE_SERDES?PHYTSK

?PR?_HANDLE_PHY?PHYTSK                           -----    -----      -----    -----      E2CCH    0005H
  +--> ?PR?PHYTSK
  +--> ?PR?_PHY_FLOWCONTROL_GET?PHYTSK
  +--> ?PR?_PHY_WRITE?PHYDRV
  +--> ?CO?PHYTSK
  +--> ?PR?PRINT_CR_LF?PRINT
  +--> ?PR?_PHY_RESTART_ANEG?PHYDRV
  +--> ?PR?_PRINT_STR?PRINT
  +--> ?PR?_PRINTLN_STR?PRINT
  +--> ?PR?_H2_SETUP_PORT?H2
  +--> ?PR?_PHY_DO_LINK_UP_SETTINGS?PHYDRV
  +--> ?PR?_DO_LINK_UP?PHYTSK
  +--> ?PR?_PHY_WRITE_MASKED?PHYDRV
  +--> ?PR?_DO_LINK_DOWN?PHYTSK
  +--> ?PR?_CPORT2UPORT?HWPORT
  +--> ?PR?_PRINT_DEC_8_RIGHT_2?PRINT
  +--> ?PR?_PHY_LINK_MODE_GET?PHYTSK
  +--> ?PR?_PHY_READ?PHYDRV

?PR?_PHY_RESTART_ANEG?PHYDRV                     -----    -----      -----    -----      -----    -----
  +--> ?PR?_PHY_WRITE_MASKED?PHYDRV
  +--> ?PR?_DELAY_1?TIMER

?PR?_PHY_DO_LINK_UP_SETTINGS?PHYDRV              -----    -----      -----    -----      E2D1H    0003H
  +--> ?PR?PHYDRV
  +--> ?PR?_PHY_WRITE_MASKED?PHYDRV
  +--> ?PR?_PHY_RECEIVER_RECONFIG?PHYDRV

?PR?_PHY_RECEIVER_RECONFIG?PHYDRV                -----    -----      -----    -----      E2D4H    0008H
  +--> ?PR?_PHY_READ_ID?PHY_BASE
  +--> ?PR?_PHY_PAGE_TR?PHYDRV
  +--> ?PR?_PHY_WRITE?PHYDRV
  +--> ?PR?_PHY_READ?PHYDRV
  +--> ?PR?_PHY_PAGE_TP?PHYDRV
  +--> ?PR?PHYDRV
  +--> ?PR?_PHY_WRITE_MASKED?PHYDRV
  +--> ?PR?_PHY_PAGE_STD?PHYDRV

BL51 BANKED LINKER/LOCATER V6.22.2.0                                                  11/30/2021  16:22:28  PAGE 23


?PR?_PHY_PAGE_TP?PHYDRV                          -----    -----      -----    -----      -----    -----
  +--> ?PR?_PHY_WRITE?PHYDRV

?PR?_DO_LINK_UP?PHYTSK                           -----    -----      -----    -----      E2DAH    0002H
  +--> ?PR?PHYTSK
  +--> ?PR?VTSS_UPDATE_MASKS?H2
  +--> ?PR?_PHY_READ?PHYDRV
  +--> ?PR?_CALLBACK_LINK_UP?EVENT

?PR?_CALLBACK_LINK_UP?EVENT                      -----    -----      -----    -----      -----    -----
  +--> ?PR?LED_REFRESH?LEDTSK

?PR?_PHY_LINK_MODE_GET?PHYTSK                    -----    -----      -----    -----      E2D1H    0002H
  +--> ?PR?_PHY_LINK_STATUS?PHYDRV
  +--> ?PR?_PHY_GET_SPEED_AND_FDX?PHYDRV
  +--> ?PR?_PHY_READ?PHYDRV
  +--> ?PR?_PHY_MMD_RD?PHYDRV

?PR?_PHY_LINK_STATUS?PHYDRV                      -----    -----      -----    -----      -----    -----
  +--> ?PR?_PHY_READ?PHYDRV

?PR?_PHY_GET_SPEED_AND_FDX?PHYDRV                -----    -----      -----    -----      -----    -----
  +--> ?PR?_PHY_READ?PHYDRV

?PR?_PHY_MMD_RD?PHYDRV                           -----    -----      -----    -----      E2D3H    0005H
  +--> ?PR?_PHY_PAGE_STD?PHYDRV
  +--> ?PR?_PHY_WRITE?PHYDRV
  +--> ?PR?_PHY_READ?PHYDRV

?PR?_HANDLE_SERDES?PHYTSK                        -----    -----      -----    -----      E2CCH    000EH
  +--> ?PR?PHYTSK
  +--> ?PR?__SFP_TX_DISABLE_SET?PHYTSK
  +--> ?PR?_H2_PCS1G_CLOCK_SET?H2PCS1G
  +--> ?PR?_DELAY_1?TIMER
  +--> ?PR?_SFP_DETECT?PHYTSK
  +--> ?PR?_PHY_MAP_SERDES_IF_RESTORE?PHYMAP
  +--> ?PR?_PHY_MAP_SERDES_IF_UPDATE?PHYMAP
  +--> ?PR?_H2_SD6G_CFG_CHANGE?H2SDCFG
  +--> ?PR?_H2_SD1G_CFG?H2SDCFG
  +--> ?PR?_H2_PCS1G_SETUP?H2PCS1G
  +--> ?PR?_PHY_FLOWCONTROL_GET?PHYTSK
  +--> ?PR?_H2_PCS1G_CLAUSE_37_CONTROL_SET?H...
  +--> ?PR?_H2_SETUP_PORT?H2
  +--> ?PR?_H2_WRITE_MASKED?H2IOUTIL
  +--> ?CO?PHYTSK
  +--> ?PR?_PRINT_STR?PRINT
  +--> ?PR?_PRINTLN_STR?PRINT
  +--> ?PR?_DO_LINK_UP?PHYTSK
  +--> ?PR?_SERDES_PORT_SFP_DETECT?PHYTSK
  +--> ?PR?_DO_LINK_DOWN?PHYTSK
  +--> ?PR?PRINT_CR_LF?PRINT
  +--> ?PR?_CPORT2UPORT?HWPORT
  +--> ?PR?_PRINT_DEC_8_RIGHT_2?PRINT
  +--> ?PR?_SERDES_LINK_MODE_GET?PHYTSK
  +--> ?PR?_PHY_MAP_MIIM_NO?PHYMAP

?PR?_SFP_DETECT?PHYTSK                           -----    -----      -----    -----      E2DAH    001FH
BL51 BANKED LINKER/LOCATER V6.22.2.0                                                  11/30/2021  16:22:28  PAGE 24


  +--> ?CO?PHYTSK
  +--> ?PR?_PRINT_STR?PRINT
  +--> ?PR?_PRINT_HEX_B?PRINT
  +--> ?PR?PRINT_CR_LF?PRINT
  +--> ?PR?_SFP_I2C_READ?PHYTSK

?PR?_SFP_I2C_READ?PHYTSK                         -----    -----      -----    -----      E2F9H    0008H
  +--> ?PR?_PHY_MAP_SERDES?PHYMAP
  +--> ?PR?_PHY_MAP_PHY_NO?PHYMAP
  +--> ?PR?_I2C_TX?I2C_H
  +--> ?PR?PHYTSK
  +--> ?PR?_I2C_RX?I2C_H

?PR?_I2C_TX?I2C_H                                -----    -----      -----    -----      E301H    000FH
  +--> ?PR?I2C_H
  +--> ?PR?_I2C_SET_GPIO_ALT?I2C_H
  +--> ?PR?_I2C_SET_TAR_REGISTER?I2C_H
  +--> ?PR?WAIT_FOR_TX_BUFFER_EMPTY?I2C_H
  +--> ?PR?_TX_I2C_DATA?I2C_H
  +--> ?PR?_DELAY?TIMER

?PR?_I2C_SET_GPIO_ALT?I2C_H                      -----    -----      -----    -----      E31EH    0001H
  +--> ?PR?I2C_H
  +--> ?PR?_H2_WRITE_MASKED?H2IOUTIL

?PR?_I2C_SET_TAR_REGISTER?I2C_H                  -----    -----      -----    -----      E31EH    000AH
  +--> ?PR?I2C_H
  +--> ?CO?I2C_H
  +--> ?PR?_PRINTLN_STR?PRINT

?PR?WAIT_FOR_TX_BUFFER_EMPTY?I2C_H               -----    -----      -----    -----      E31EH    0004H
  +--> ?PR?_START_TIMER?TIMER
  +--> ?PR?I2C_H
  +--> ?PR?TIMEOUT?TIMER
  +--> ?CO?I2C_H
  +--> ?PR?_PRINTLN_STR?PRINT

?PR?_TX_I2C_DATA?I2C_H                           -----    -----      -----    -----      E31EH    0008H
  +--> ?PR?_START_TIMER?TIMER
  +--> ?PR?I2C_H
  +--> ?PR?TIMEOUT?TIMER
  +--> ?CO?I2C_H
  +--> ?PR?_PRINTLN_STR?PRINT

?PR?_I2C_RX?I2C_H                                -----    -----      -----    -----      E301H    001DH
  +--> ?PR?I2C_H
  +--> ?PR?_I2C_SET_GPIO_ALT?I2C_H
  +--> ?PR?_I2C_SET_TAR_REGISTER?I2C_H
  +--> ?PR?WAIT_FOR_TX_BUFFER_EMPTY?I2C_H
  +--> ?PR?_TX_I2C_DATA?I2C_H
  +--> ?CO?I2C_H
  +--> ?PR?_PRINTLN_STR?PRINT
  +--> ?PR?_START_TIMER?TIMER
  +--> ?PR?TIMEOUT?TIMER
  +--> ?PR?_PRINT_STR?PRINT
  +--> ?PR?_PRINT_DEC?PRINT
  +--> ?PR?PRINT_CR_LF?PRINT
BL51 BANKED LINKER/LOCATER V6.22.2.0                                                  11/30/2021  16:22:28  PAGE 25


  +--> ?PR?_PRINT_HEX_W?PRINT
  +--> ?PR?I2C_INIT?I2C_H
  +--> ?PR?_DELAY?TIMER
  +--> ?PR?_PRINT_HEX_DW?PRINT

?PR?_PHY_MAP_SERDES_IF_RESTORE?PHYMAP            -----    -----      002EH    000CH      -----    -----
  +--> ?CO?PHYMAP
  +--> ?PR?PHYMAP

?PR?_PHY_MAP_SERDES_IF_UPDATE?PHYMAP             -----    -----      -----    -----      -----    -----
  +--> ?PR?PHYMAP

?PR?_H2_SD6G_CFG_CHANGE?H2SDCFG                  -----    -----      -----    -----      E2DAH    0005H
  +--> ?PR?_H2_SD6G_CFG?H2SDCFG

?PR?_H2_PCS1G_SETUP?H2PCS1G                      -----    -----      -----    -----      E2DAH    0006H
  +--> ?PR?H2PCS1G
  +--> ?PR?_H2_WRITE_MASKED?H2IOUTIL
  +--> ?PR?_H2_PCS1G_CLOCK_SET?H2PCS1G

?PR?_H2_PCS1G_CLAUSE_37_CONTROL_SET?H...         -----    -----      -----    -----      E2EFH    0007H
  +--> ?PR?H2PCS1G
  +--> ?PR?_PHY_MAP_MIIM_NO?PHYMAP
  +--> ?PR?_H2_WRITE_MASKED?H2IOUTIL
  +--> ?PR?_DELAY_1?TIMER

?PR?_SERDES_PORT_SFP_DETECT?PHYTSK               -----    -----      -----    -----      E2DAH    0002H
  +--> ?PR?_PHY_MAP_SERDES?PHYMAP
  +--> ?PR?_H2_GPIO_READ?H2GPIOS

?PR?_H2_GPIO_READ?H2GPIOS                        -----    -----      -----    -----      E2DCH    0008H
  +--> ?PR?H2GPIOS

?PR?_SERDES_LINK_MODE_GET?PHYTSK                 -----    -----      -----    -----      E2DAH    0003H
  +--> ?PR?_PHY_MAP_SERDES?PHYMAP
  +--> ?PR?_PHY_MAP_MIIM_NO?PHYMAP
  +--> ?PR?_H2_PCS1G_CLAUSE_37_STATUS_GET?H2...
  +--> ?PR?_H2_PCS1G_100FX_STATUS_GET?H2PCS1G
  +--> ?PR?_H2_PCS1G_2_5G_LINK_STATUS_GET?H2...
  +--> ?PR?_DELAY_1?TIMER
  +--> ?PR?PHYTSK

?PR?_H2_PCS1G_CLAUSE_37_STATUS_GET?H2...         0020H.5  0000H.2    -----    -----      E2DDH    0012H
  +--> ?PR?H2PCS1G
  +--> ?PR?_PHY_MAP_MIIM_NO?PHYMAP
  +--> ?PR?_H2_WRITE_MASKED?H2IOUTIL
  +--> ?PR?_DELAY_1?TIMER
  +--> ?PR?_H2_PCS1G_CLAUSE_37_CONTROL_SET?H...

?PR?_H2_PCS1G_100FX_STATUS_GET?H2PCS1G           -----    -----      -----    -----      E2DDH    0009H
  +--> ?PR?H2PCS1G
  +--> ?PR?_H2_WRITE_MASKED?H2IOUTIL
  +--> ?PR?_DELAY_1?TIMER

?PR?_H2_PCS1G_2_5G_LINK_STATUS_GET?H2...         -----    -----      -----    -----      E2DDH    0009H
  +--> ?PR?H2PCS1G
  +--> ?PR?_H2_WRITE_MASKED?H2IOUTIL
BL51 BANKED LINKER/LOCATER V6.22.2.0                                                  11/30/2021  16:22:28  PAGE 26


  +--> ?PR?_DELAY_1?TIMER

?PR?HANDLE_TIMEOUT_EVENT_100MS?MAIN              -----    -----      -----    -----      -----    -----
  +--> ?PR?LED_TSK?LEDTSK

?PR?LED_TSK?LEDTSK                               -----    -----      -----    -----      -----    -----
  +--> ?PR?_LED_UPDATE_PORT_BY_TOWER_MODE?LE...

?PR?HANDLE_TIMEOUT_EVENT_1SEC?MAIN               -----    -----      -----    -----      -----    -----
  +--> ?PR?LED_1S_TIMER?LEDTSK
  +--> ?PR?ERROR_CHECK?MAIN

?PR?LED_1S_TIMER?LEDTSK                          -----    -----      -----    -----      -----    -----
  +--> ?PR?_LED_UPDATE_SYSTEM?LEDTSK

?PR?ERROR_CHECK?MAIN                             -----    -----      -----    -----      -----    -----
  +--> ?PR?PHY_CHECK_ALL?PHYTSK
  +--> ?PR?_SYSUTIL_ASSERT_EVENT_SET?SYSUTIL

?C_INITSEG                                       -----    -----      -----    -----      -----    -----
  +--> ?CO?VERSION



SYMBOL TABLE OF MODULE:  ..\obj\Ferret_Unmanaged_F5_Develop (UARTDRV)

  VALUE           TYPE          NAME
  ----------------------------------

  -------         MODULE        UARTDRV
  C:0000H         SYMBOL        _ICE_DUMMY_
  D:0090H         PUBLIC        P1
  D:00B0H         PUBLIC        P3
  B:00A8H.7       PUBLIC        EA
  I:005BH         SYMBOL        rx_buf
  D:00A8H         PUBLIC        IE
  C:86EAH         PUBLIC        _uart_put_byte
  C:7A3EH         PUBLIC        uart_interrupt
  D:00B8H         PUBLIC        IP
  B:0020H.7       PUBLIC        uart_rx_buf_overrun
  D:0098H         PUBLIC        SCON
  D:0088H         PUBLIC        TCON
  C:95C0H         PUBLIC        uart_byte_ready
  D:0053H         SYMBOL        redir_ptr
  C:5EC1H         PUBLIC        uart_init
  D:0055H         SYMBOL        rx_head
  D:00C8H         PUBLIC        T2CON
  D:0056H         SYMBOL        rx_tail
  C:9526H         PUBLIC        uart_get_byte
  D:00D0H         PUBLIC        PSW
  C:938DH         SYMBOL        Com0017
  C:938DH         SYMBOL        L?0024
  C:938DH         SYMBOL        L?0025
  C:9394H         SYMBOL        L?0026
  C:9394H         SYMBOL        L?0027
  C:939BH         SYMBOL        L?0030
  C:939BH         SYMBOL        L?0031
BL51 BANKED LINKER/LOCATER V6.22.2.0                                                  11/30/2021  16:22:28  PAGE 27


  -------         PROC          COM0017
  -------         ENDPROC       COM0017
  C:5F8DH         SYMBOL        L?0022
  C:5F9EH         SYMBOL        L?0028
  C:5FACH         SYMBOL        L?0029
  C:5FB8H         SYMBOL        L?0032
  -------         PROC          UART_INIT
  C:5EC1H         LINE#         110
  C:5EC1H         LINE#         128
  C:5ED8H         LINE#         131
  C:5EE5H         LINE#         135
  C:5EF2H         LINE#         136
  C:5EFFH         LINE#         137
  C:5F0BH         LINE#         140
  C:5F22H         LINE#         146
  C:5F34H         LINE#         149
  C:5F5EH         LINE#         152
  C:5F8DH         LINE#         190
  -------         ENDPROC       UART_INIT
  C:7ABBH         SYMBOL        L?0021
  -------         PROC          UART_INTERRUPT
  -------         DO            
  D:0007H         SYMBOL        ch
  D:0026H         SYMBOL        temp
  -------         ENDDO         
  C:7A3EH         LINE#         194
  C:7A3EH         LINE#         214
  C:7A40H         LINE#         216
  C:7A45H         LINE#         217
  C:7A53H         LINE#         219
  C:7A74H         LINE#         220
  C:7A74H         LINE#         221
  C:7A79H         LINE#         222
  C:7A79H         LINE#         224
  C:7A89H         LINE#         225
  C:7A8BH         LINE#         226
  C:7A8DH         LINE#         227
  C:7A94H         LINE#         228
  C:7A9BH         LINE#         229
  C:7A9BH         LINE#         230
  C:7AABH         LINE#         231
  C:7AB8H         LINE#         232
  C:7AB8H         LINE#         233
  C:7ABAH         LINE#         270
  -------         ENDPROC       UART_INTERRUPT
  -------         PROC          UART_BYTE_READY
  C:95C0H         LINE#         273
  C:95C0H         LINE#         282
  C:95C9H         LINE#         283
  -------         ENDPROC       UART_BYTE_READY
  -------         PROC          UART_GET_BYTE
  -------         DO            
  D:0007H         SYMBOL        tmp
  -------         ENDDO         
  C:9526H         LINE#         286
  C:9526H         LINE#         297
  C:952DH         LINE#         298
BL51 BANKED LINKER/LOCATER V6.22.2.0                                                  11/30/2021  16:22:28  PAGE 28


  C:9534H         LINE#         299
  C:9534H         LINE#         300
  -------         ENDPROC       UART_GET_BYTE
  -------         PROC          _UART_PUT_BYTE
  D:002FH         SYMBOL        ch
  -------         DO            
  D:0030H         SYMBOL        lsr
  -------         ENDDO         
  C:86EAH         LINE#         302
  C:86ECH         LINE#         306
  C:86F2H         LINE#         307
  C:8705H         LINE#         309
  C:8705H         LINE#         312
  C:8705H         LINE#         314
  C:8719H         LINE#         315
  C:8726H         LINE#         317
  C:873BH         LINE#         327
  -------         ENDPROC       _UART_PUT_BYTE
  -------         ENDMOD        UARTDRV

  -------         MODULE        TIMER
  C:0000H         SYMBOL        _ICE_DUMMY_
  D:0090H         PUBLIC        P1
  D:00B0H         PUBLIC        P3
  C:8B87H         PUBLIC        timer_1_interrupt
  C:96CCH         PUBLIC        timeout
  B:0020H.0       PUBLIC        ms_10_timeout_flag
  D:00A8H         PUBLIC        IE
  C:95CAH         PUBLIC        _delay
  X:E4BAH         SYMBOL        time_since_boot_t
  D:00B8H         PUBLIC        IP
  C:9346H         PUBLIC        _delay_1
  D:001BH         SYMBOL        timer_count
  D:0098H         PUBLIC        SCON
  D:0088H         PUBLIC        TCON
  C:9672H         PUBLIC        _start_timer
  B:0020H.1       PUBLIC        sec_1_timeout_flag
  D:001CH         PUBLIC        tick_count
  B:0020H.2       PUBLIC        ms_100_timeout_flag
  C:79ABH         PUBLIC        timer_1_init
  B:0020H.3       SYMBOL        sw_timer_active_flag
  B:0020H.4       SYMBOL        ms_1_timeout_flag
  D:00C8H         PUBLIC        T2CON
  D:00D0H         PUBLIC        PSW
  C:9679H         SYMBOL        Com0014
  C:9679H         SYMBOL        L?0021
  C:9679H         SYMBOL        L?0022
  -------         PROC          COM0014
  -------         ENDPROC       COM0014
  C:7A26H         SYMBOL        L?0019
  C:7A34H         SYMBOL        L?0023
  -------         PROC          TIMER_1_INIT
  C:79ABH         LINE#         140
  C:79ABH         LINE#         150
  C:79B8H         LINE#         155
  C:79E7H         LINE#         160
  C:7A16H         LINE#         166
BL51 BANKED LINKER/LOCATER V6.22.2.0                                                  11/30/2021  16:22:28  PAGE 29


  C:7A26H         LINE#         184
  -------         ENDPROC       TIMER_1_INIT
  -------         PROC          TIMER_1_INTERRUPT
  -------         DO            
  D:0018H         SYMBOL        ms_1_count
  D:0019H         SYMBOL        ms_10_count
  D:001AH         SYMBOL        ms_100_count
  -------         ENDDO         
  C:8B87H         LINE#         191
  C:8B87H         LINE#         201
  C:8B8FH         LINE#         202
  C:8B91H         LINE#         204
  C:8B97H         LINE#         205
  C:8B9AH         LINE#         208
  C:8B9CH         LINE#         211
  C:8BA2H         LINE#         212
  C:8BA5H         LINE#         215
  C:8BA7H         LINE#         217
  C:8BADH         LINE#         218
  C:8BB0H         LINE#         219
  C:8BB2H         LINE#         220
  C:8BB2H         LINE#         221
  C:8BB2H         LINE#         224
  C:8BB5H         LINE#         225
  C:8BBBH         LINE#         226
  C:8BBDH         LINE#         227
  C:8BBDH         LINE#         228
  C:8BBDH         LINE#         229
  C:8BBDH         LINE#         230
  -------         ENDPROC       TIMER_1_INTERRUPT
  -------         PROC          _DELAY
  D:0007H         SYMBOL        delay_in_10_msec
  C:95CAH         LINE#         244
  C:95CAH         LINE#         247
  C:95CCH         LINE#         248
  C:95CEH         LINE#         249
  C:95D0H         LINE#         252
  C:95D3H         LINE#         254
  C:95D3H         LINE#         255
  -------         ENDPROC       _DELAY
  -------         PROC          _DELAY_1
  D:0007H         SYMBOL        delay_in_1_msec
  C:9346H         LINE#         267
  C:9346H         LINE#         270
  C:9348H         LINE#         273
  C:9356H         LINE#         274
  C:9359H         LINE#         275
  C:9359H         LINE#         276
  C:935BH         LINE#         277
  C:935DH         LINE#         278
  -------         ENDPROC       _DELAY_1
  -------         PROC          _START_TIMER
  D:0007H         SYMBOL        time_in_10_msec
  C:9672H         LINE#         297
  C:9672H         LINE#         299
  C:9674H         LINE#         300
  C:9676H         LINE#         301
BL51 BANKED LINKER/LOCATER V6.22.2.0                                                  11/30/2021  16:22:28  PAGE 30


  C:9678H         LINE#         302
  -------         ENDPROC       _START_TIMER
  -------         PROC          TIMEOUT
  C:96CCH         LINE#         312
  C:96CCH         LINE#         314
  C:96CFH         LINE#         315
  -------         ENDPROC       TIMEOUT
  -------         ENDMOD        TIMER

  -------         MODULE        INTERRUPT
  C:0000H         SYMBOL        _ICE_DUMMY_
  D:0090H         PUBLIC        P1
  D:00B0H         PUBLIC        P3
  B:00A8H.7       PUBLIC        EA
  D:00A8H         PUBLIC        IE
  D:00B8H         PUBLIC        IP
  D:0098H         PUBLIC        SCON
  D:0088H         PUBLIC        TCON
  C:8338H         PUBLIC        ext_0_interrupt
  C:82D0H         PUBLIC        ext_1_interrupt
  C:9624H         PUBLIC        ext_interrupt_init
  B:00A8H.0       PUBLIC        EX0
  B:00A8H.2       PUBLIC        EX1
  B:00B8H.0       PUBLIC        PX0
  B:00B8H.2       PUBLIC        PX1
  D:00C8H         PUBLIC        T2CON
  D:00D0H         PUBLIC        PSW
  C:94F4H         SYMBOL        Com0006
  C:94F4H         SYMBOL        L?0007
  C:94FEH         SYMBOL        L?0008
  -------         PROC          COM0006
  -------         ENDPROC       COM0006
  -------         PROC          EXT_INTERRUPT_INIT
  C:9624H         LINE#         79
  C:9624H         LINE#         101
  C:9626H         LINE#         102
  C:9628H         LINE#         104
  C:962AH         LINE#         105
  C:962CH         LINE#         106
  -------         ENDPROC       EXT_INTERRUPT_INIT
  -------         PROC          EXT_1_INTERRUPT
  -------         DO            
  D:0022H         SYMBOL        ident
  -------         ENDDO         
  C:82D0H         LINE#         109
  C:82DDH         LINE#         122
  C:82DDH         LINE#         124
  C:82F1H         LINE#         126
  C:82FEH         LINE#         128
  C:8301H         LINE#         131
  C:832DH         LINE#         132
  C:832DH         LINE#         146
  -------         ENDPROC       EXT_1_INTERRUPT
  -------         PROC          EXT_0_INTERRUPT
  -------         DO            
  D:002AH         SYMBOL        ident
  -------         ENDDO         
BL51 BANKED LINKER/LOCATER V6.22.2.0                                                  11/30/2021  16:22:28  PAGE 31


  C:8338H         LINE#         149
  C:8345H         LINE#         162
  C:8345H         LINE#         163
[...]
  B:0088H.7       SYMBOL        TF1
  B:00C8H.7       SYMBOL        TF2
  D:008CH         SYMBOL        TH0
  D:008DH         SYMBOL        TH1
  D:00CDH         SYMBOL        TH2
  B:0098H.1       SYMBOL        TI
  D:008AH         SYMBOL        TL0
  D:008BH         SYMBOL        TL1
  D:00CCH         SYMBOL        TL2
  D:0089H         SYMBOL        TMOD
  B:0088H.4       SYMBOL        TR0
  B:0088H.6       SYMBOL        TR1
  B:00C8H.2       SYMBOL        TR2
  B:00B0H.1       SYMBOL        TXD
  B:00B0H.6       SYMBOL        WR
  C:5480H         LINE#         56
  C:5482H         LINE#         58
  C:5484H         LINE#         59
  C:5486H         LINE#         60
  C:5487H         LINE#         61
  C:5488H         LINE#         62
  C:5489H         LINE#         63
  C:548BH         LINE#         64
  C:548DH         LINE#         66
  C:548FH         LINE#         67
  C:5491H         LINE#         68
  C:5492H         LINE#         69
  C:5493H         LINE#         70
  C:5495H         LINE#         71
  C:5497H         LINE#         73
  C:5498H         LINE#         74
  C:5499H         LINE#         75
  C:549AH         LINE#         76
  C:549CH         LINE#         78
  C:549EH         LINE#         79
  C:54A0H         LINE#         80
  C:54A1H         LINE#         82
  C:54A3H         LINE#         83
  C:54A5H         LINE#         84
BL51 BANKED LINKER/LOCATER V6.22.2.0                                                  11/30/2021  16:22:28  PAGE 140


  C:54A6H         LINE#         85
  C:54A8H         LINE#         86
  C:54A9H         LINE#         101
  C:54ABH         LINE#         102
  C:54ADH         LINE#         115
  C:54AFH         LINE#         117
  C:54B1H         LINE#         118
  C:54B3H         LINE#         119
  C:54B4H         LINE#         120
  C:54B5H         LINE#         121
  C:54B7H         LINE#         122
  C:54B9H         LINE#         124
  C:54BBH         LINE#         125
  C:54BDH         LINE#         126
  C:54BEH         LINE#         127
  C:54BFH         LINE#         128
  C:54C1H         LINE#         129
  C:54C3H         LINE#         131
  C:54C5H         LINE#         132
  C:54C6H         LINE#         145
  C:54C8H         LINE#         146
  C:54CAH         LINE#         159
  C:54CBH         LINE#         160
  C:54CCH         LINE#         161
  C:54CEH         LINE#         174
  C:54CFH         LINE#         175
  C:54D0H         LINE#         176
  C:54D2H         LINE#         189
  C:54D3H         LINE#         190
  C:54D4H         LINE#         191
  C:54D5H         LINE#         192
  C:54D7H         LINE#         193
  C:54D9H         LINE#         194
  C:54DAH         LINE#         195
  C:54DBH         LINE#         196
  C:54DDH         LINE#         197
  C:54DFH         LINE#         199
  C:54E1H         LINE#         200
  -------         ENDMOD        MISCUTIL3

  -------         MODULE        LLDP
  C:0000H         SYMBOL        _ICE_DUMMY_
  D:0090H         PUBLIC        P1
  D:00B0H         PUBLIC        P3
  D:00A8H         PUBLIC        IE
  D:00B8H         PUBLIC        IP
  D:0098H         PUBLIC        SCON
  D:0088H         PUBLIC        TCON
  D:00C8H         PUBLIC        T2CON
  D:00D0H         PUBLIC        PSW
  -------         ENDMOD        LLDP

  -------         MODULE        LLDP_OS
  C:0000H         SYMBOL        _ICE_DUMMY_
  D:0090H         PUBLIC        P1
  D:00B0H         PUBLIC        P3
  D:00A8H         PUBLIC        IE
BL51 BANKED LINKER/LOCATER V6.22.2.0                                                  11/30/2021  16:22:28  PAGE 141


  D:00B8H         PUBLIC        IP
  D:0098H         PUBLIC        SCON
  D:0088H         PUBLIC        TCON
  D:00C8H         PUBLIC        T2CON
  D:00D0H         PUBLIC        PSW
  -------         ENDMOD        LLDP_OS

  -------         MODULE        LLDP_REMOTE
  C:0000H         SYMBOL        _ICE_DUMMY_
  D:0090H         PUBLIC        P1
  D:00B0H         PUBLIC        P3
  D:00A8H         PUBLIC        IE
  D:00B8H         PUBLIC        IP
  D:0098H         PUBLIC        SCON
  D:0088H         PUBLIC        TCON
  D:00C8H         PUBLIC        T2CON
  D:00D0H         PUBLIC        PSW
  -------         ENDMOD        LLDP_REMOTE

  -------         MODULE        LLDP_SM
  C:0000H         SYMBOL        _ICE_DUMMY_
  D:0090H         PUBLIC        P1
  D:00B0H         PUBLIC        P3
  D:00A8H         PUBLIC        IE
  D:00B8H         PUBLIC        IP
  D:0098H         PUBLIC        SCON
  D:0088H         PUBLIC        TCON
  D:00C8H         PUBLIC        T2CON
  D:00D0H         PUBLIC        PSW
  -------         ENDMOD        LLDP_SM

  -------         MODULE        LLDP_TLV
  C:0000H         SYMBOL        _ICE_DUMMY_
  D:0090H         PUBLIC        P1
  D:00B0H         PUBLIC        P3
  D:00A8H         PUBLIC        IE
  D:00B8H         PUBLIC        IP
  D:0098H         PUBLIC        SCON
  D:0088H         PUBLIC        TCON
  D:00C8H         PUBLIC        T2CON
  D:00D0H         PUBLIC        PSW
  -------         ENDMOD        LLDP_TLV

  -------         MODULE        MIB_COMMON
  C:0000H         SYMBOL        _ICE_DUMMY_
  D:0090H         PUBLIC        P1
  D:00B0H         PUBLIC        P3
  D:00A8H         PUBLIC        IE
  D:00B8H         PUBLIC        IP
  D:0098H         PUBLIC        SCON
  D:0088H         PUBLIC        TCON
  D:00C8H         PUBLIC        T2CON
  D:00D0H         PUBLIC        PSW
  -------         ENDMOD        MIB_COMMON

  -------         MODULE        VTSS_LACP
  C:0000H         SYMBOL        _ICE_DUMMY_
BL51 BANKED LINKER/LOCATER V6.22.2.0                                                  11/30/2021  16:22:28  PAGE 142


  D:0090H         PUBLIC        P1
  D:00B0H         PUBLIC        P3
  D:00A8H         PUBLIC        IE
  D:00B8H         PUBLIC        IP
  D:0098H         PUBLIC        SCON
  D:0088H         PUBLIC        TCON
  D:00C8H         PUBLIC        T2CON
  D:00D0H         PUBLIC        PSW
  -------         ENDMOD        VTSS_LACP

  -------         MODULE        EEE
  C:0000H         SYMBOL        _ICE_DUMMY_
  D:0090H         PUBLIC        P1
  D:00B0H         PUBLIC        P3
  D:00A8H         PUBLIC        IE
  D:00B8H         PUBLIC        IP
  D:0098H         PUBLIC        SCON
  D:0088H         PUBLIC        TCON
  D:00C8H         PUBLIC        T2CON
  D:00D0H         PUBLIC        PSW
  -------         ENDMOD        EEE

  -------         MODULE        EEE_BASE
  C:0000H         SYMBOL        _ICE_DUMMY_
  D:0090H         PUBLIC        P1
  D:00B0H         PUBLIC        P3
  D:00A8H         PUBLIC        IE
  D:00B8H         PUBLIC        IP
  D:0098H         PUBLIC        SCON
  D:0088H         PUBLIC        TCON
  D:00C8H         PUBLIC        T2CON
  D:00D0H         PUBLIC        PSW
  -------         ENDMOD        EEE_BASE

  -------         MODULE        FAN
  C:0000H         SYMBOL        _ICE_DUMMY_
  -------         ENDMOD        FAN

  -------         MODULE        LEDTSK
  C:0000H         SYMBOL        _ICE_DUMMY_
  C:8085H         SYMBOL        _led_update_port_by_tower_mode
  D:0090H         PUBLIC        P1
  D:00B0H         PUBLIC        P3
  X:E464H         SYMBOL        curr_led_port_event
  C:968EH         PUBLIC        led_refresh
  D:00A8H         PUBLIC        IE
  D:00B8H         PUBLIC        IP
  C:9695H         PUBLIC        _led_update_system
  D:0098H         PUBLIC        SCON
  D:0088H         PUBLIC        TCON
  C:9237H         PUBLIC        led_1s_timer
  X:E46AH         SYMBOL        led_mode_timer
  X:E46BH         SYMBOL        is_refresh_led
  C:7376H         SYMBOL        __led_mode_set
  C:9146H         PUBLIC        led_init
  X:E46CH         SYMBOL        curr_tower_mode
  X:E46DH         SYMBOL        led_port_event
BL51 BANKED LINKER/LOCATER V6.22.2.0                                                  11/30/2021  16:22:28  PAGE 143


  D:00C8H         PUBLIC        T2CON
  C:940BH         PUBLIC        led_tsk
  D:00D0H         PUBLIC        PSW
  C:9651H         SYMBOL        Com002A
  C:9651H         SYMBOL        L?0043
  -------         PROC          COM002A
  -------         ENDPROC       COM002A
  -------         PROC          __LED_MODE_SET
  X:E2CDH         SYMBOL        sgpio_no
  D:0005H         SYMBOL        mode
  -------         DO            
  X:E2CEH         SYMBOL        sgpio_bit_0_mode
  X:E2CFH         SYMBOL        sgpio_bit_1_mode
  B:0020H.5       SYMBOL        valid_mode
  -------         ENDDO         
  C:7376H         LINE#         101
  C:737BH         LINE#         102
  C:737BH         LINE#         104
  C:737DH         LINE#         106
  C:73A0H         LINE#         110
  C:73A0H         LINE#         111
  C:73A5H         LINE#         112
  C:73A5H         LINE#         113
  C:73A7H         LINE#         114
  C:73A7H         LINE#         115
  C:73ADH         LINE#         116
  C:73AEH         LINE#         117
  C:73B0H         LINE#         118
  C:73B0H         LINE#         119
  C:73B5H         LINE#         120
  C:73B5H         LINE#         121
  C:73B7H         LINE#         122
  C:73B7H         LINE#         123
  C:73BCH         LINE#         124
  C:73C1H         LINE#         125
  C:73C3H         LINE#         126
  C:73C3H         LINE#         127
  C:73C9H         LINE#         128
  C:73CEH         LINE#         129
  C:73D0H         LINE#         130
  C:73D0H         LINE#         131
  C:73D6H         LINE#         132
  C:73DCH         LINE#         133
  C:73DEH         LINE#         134
  C:73DEH         LINE#         135
  C:73E3H         LINE#         136
  C:73E7H         LINE#         137
  C:73E9H         LINE#         138
  C:73E9H         LINE#         139
  C:73EEH         LINE#         140
  C:73F0H         LINE#         141
  C:73F0H         LINE#         142
  C:73F8H         LINE#         143
  C:73FAH         LINE#         180
  C:73FAH         LINE#         186
  C:73FCH         LINE#         187
  C:73FCH         LINE#         188
BL51 BANKED LINKER/LOCATER V6.22.2.0                                                  11/30/2021  16:22:28  PAGE 144


  C:73FCH         LINE#         190
  C:73FFH         LINE#         191
  C:7410H         LINE#         192
  C:741FH         LINE#         193
  C:741FH         LINE#         194
  -------         ENDPROC       __LED_MODE_SET
  -------         PROC          LED_TSK
  C:940BH         LINE#         302
  C:940BH         LINE#         310
  C:940BH         LINE#         330
  C:9417H         LINE#         332
  C:941AH         LINE#         333
  C:941AH         LINE#         335
  C:941FH         LINE#         351
  -------         ENDPROC       LED_TSK
  -------         PROC          _LED_UPDATE_PORT_BY_TOWER_MODE
  -------         DO            
  X:E2CAH         SYMBOL        iport_idx
  X:E2CBH         SYMBOL        chip_port
  X:E2CCH         SYMBOL        link_mode
  -------         ENDDO         
  C:8085H         LINE#         379
  C:8085H         LINE#         387
  C:8085H         LINE#         392
  C:8098H         LINE#         393
  C:80ACH         LINE#         395
  C:80ACH         LINE#         396
  C:80ACH         LINE#         398
  C:80BAH         LINE#         399
  C:80C2H         LINE#         415
  C:80C8H         LINE#         460
  C:80C8H         LINE#         462
  C:80CFH         LINE#         464
  C:80D6H         LINE#         465
  C:80E4H         LINE#         466
  C:80E4H         LINE#         468
  C:80EBH         LINE#         469
  C:80EDH         LINE#         471
  C:80F7H         LINE#         472
  C:80F7H         LINE#         473
  C:80F7H         LINE#         475
  C:80F7H         LINE#         476
  C:80F7H         LINE#         477
  C:80F7H         LINE#         478
  C:80FFH         LINE#         479
  -------         ENDPROC       _LED_UPDATE_PORT_BY_TOWER_MODE
  -------         PROC          LED_REFRESH
  C:968EH         LINE#         481
  C:968EH         LINE#         482
  C:968EH         LINE#         483
  C:9694H         LINE#         484
  -------         ENDPROC       LED_REFRESH
  -------         PROC          LED_INIT
  C:9146H         LINE#         488
  C:9146H         LINE#         496
  C:9146H         LINE#         504
  C:914FH         LINE#         505
BL51 BANKED LINKER/LOCATER V6.22.2.0                                                  11/30/2021  16:22:28  PAGE 145


  C:9158H         LINE#         510
  C:915EH         LINE#         513
  C:9163H         LINE#         521
  -------         ENDPROC       LED_INIT
  -------         PROC          _LED_UPDATE_SYSTEM
  D:0007H         SYMBOL        mode
  C:9695H         LINE#         596
  C:9695H         LINE#         597
  C:9695H         LINE#         599
  -------         ENDPROC       _LED_UPDATE_SYSTEM
  -------         PROC          LED_1S_TIMER
  -------         DO            
  X:E463H         SYMBOL        i
  -------         ENDDO         
  C:9237H         LINE#         603
  C:9237H         LINE#         604
  C:9237H         LINE#         611
  C:924BH         LINE#         614
  C:9251H         LINE#         615
  C:9253H         LINE#         616
  -------         ENDPROC       LED_1S_TIMER
  -------         ENDMOD        LEDTSK

  -------         MODULE        LOOPDET
  C:0000H         SYMBOL        _ICE_DUMMY_
  D:0090H         PUBLIC        P1
  D:00B0H         PUBLIC        P3
  D:00A8H         PUBLIC        IE
  D:00B8H         PUBLIC        IP
  D:0098H         PUBLIC        SCON
  D:0088H         PUBLIC        TCON
  D:00C8H         PUBLIC        T2CON
  D:00D0H         PUBLIC        PSW
  -------         ENDMOD        LOOPDET

  -------         MODULE        ?C?FPADD
  C:1728H         PUBLIC        ?C?FPADD
  C:1724H         PUBLIC        ?C?FPSUB
  -------         ENDMOD        ?C?FPADD

  -------         MODULE        ?C?FPMUL
  C:1819H         PUBLIC        ?C?FPMUL
  -------         ENDMOD        ?C?FPMUL

  -------         MODULE        ?C?FPDIV
  C:1922H         PUBLIC        ?C?FPDIV
  -------         ENDMOD        ?C?FPDIV

  -------         MODULE        ?C?FCAST
  C:19C9H         PUBLIC        ?C?FCASTC
  C:19C4H         PUBLIC        ?C?FCASTI
  C:19BFH         PUBLIC        ?C?FCASTL
  -------         ENDMOD        ?C?FCAST

  -------         MODULE        ?C?CASTF
  C:19FDH         PUBLIC        ?C?CASTF
  -------         ENDMOD        ?C?CASTF
BL51 BANKED LINKER/LOCATER V6.22.2.0                                                  11/30/2021  16:22:28  PAGE 146



  -------         MODULE        ?C?COPY
  C:1B4EH         PUBLIC        ?C?COPY
  -------         ENDMOD        ?C?COPY

  -------         MODULE        ?C?SCDIV
  C:1B74H         PUBLIC        ?C?SCDIV
  -------         ENDMOD        ?C?SCDIV

  -------         MODULE        ?C?CLDPTR
  C:1B96H         PUBLIC        ?C?CLDPTR
  -------         ENDMOD        ?C?CLDPTR

  -------         MODULE        ?C?CLDOPTR
  C:1BAFH         PUBLIC        ?C?CLDOPTR
  -------         ENDMOD        ?C?CLDOPTR

  -------         MODULE        ?C?CILDOPTR
  C:1BDCH         PUBLIC        ?C?CILDOPTR
  -------         ENDMOD        ?C?CILDOPTR

  -------         MODULE        ?C?CSTPTR
  C:1C0FH         PUBLIC        ?C?CSTPTR
  -------         ENDMOD        ?C?CSTPTR

  -------         MODULE        ?C?CSTOPTR
  C:1C21H         PUBLIC        ?C?CSTOPTR
  -------         ENDMOD        ?C?CSTOPTR

  -------         MODULE        ?C?IILDX
  C:1C43H         PUBLIC        ?C?IILDX
  -------         ENDMOD        ?C?IILDX

  -------         MODULE        ?C?ILDIX
  C:1C59H         PUBLIC        ?C?ILDIX
  -------         ENDMOD        ?C?ILDIX

  -------         MODULE        ?C?ILDOPTR
  C:1C6FH         PUBLIC        ?C?ILDOPTR
  -------         ENDMOD        ?C?ILDOPTR

  -------         MODULE        ?C?ISTPTR
  C:1CA7H         PUBLIC        ?C?ISTPTR
  -------         ENDMOD        ?C?ISTPTR

  -------         MODULE        ?C?LADD
  C:1CC6H         PUBLIC        ?C?LADD
  -------         ENDMOD        ?C?LADD

  -------         MODULE        ?C?LSUB
  C:1CD3H         PUBLIC        ?C?LSUB
  -------         ENDMOD        ?C?LSUB

  -------         MODULE        ?C?LMUL
  C:1CE1H         PUBLIC        ?C?LMUL
  -------         ENDMOD        ?C?LMUL

BL51 BANKED LINKER/LOCATER V6.22.2.0                                                  11/30/2021  16:22:28  PAGE 147


  -------         MODULE        ?C?ULDIV
  C:1D6CH         PUBLIC        ?C?ULDIV
  -------         ENDMOD        ?C?ULDIV

  -------         MODULE        ?C?LAND
  C:1DFEH         PUBLIC        ?C?LAND
  -------         ENDMOD        ?C?LAND

  -------         MODULE        ?C?LOR
  C:1E0BH         PUBLIC        ?C?LOR
  -------         ENDMOD        ?C?LOR

  -------         MODULE        ?C?LNOT
  C:1E18H         PUBLIC        ?C?LNOT
  -------         ENDMOD        ?C?LNOT

  -------         MODULE        ?C?LNEG
  C:1E25H         PUBLIC        ?C?LNEG
  -------         ENDMOD        ?C?LNEG

  -------         MODULE        ?C?ULCMP
  C:1E33H         PUBLIC        ?C?ULCMP
  -------         ENDMOD        ?C?ULCMP

  -------         MODULE        ?C?ULSHR
  C:1E44H         PUBLIC        ?C?ULSHR
  -------         ENDMOD        ?C?ULSHR

  -------         MODULE        ?C?LSHL
  C:1E57H         PUBLIC        ?C?LSHL
  -------         ENDMOD        ?C?LSHL

  -------         MODULE        ?C?LLDIDATA
  C:1E6AH         PUBLIC        ?C?LLDIDATA
  -------         ENDMOD        ?C?LLDIDATA

  -------         MODULE        ?C?LLDXDATA
  C:1E76H         PUBLIC        ?C?LLDXDATA
  -------         ENDMOD        ?C?LLDXDATA

  -------         MODULE        ?C?LLDIDATA0
  C:1E82H         PUBLIC        ?C?LLDIDATA0
  -------         ENDMOD        ?C?LLDIDATA0

  -------         MODULE        ?C?LLDXDATA0
  C:1E8FH         PUBLIC        ?C?LLDXDATA0
  -------         ENDMOD        ?C?LLDXDATA0

  -------         MODULE        ?C?LLDIXDATA
  C:1EA4H         PUBLIC        ?C?LLDIXDATA
  C:1E9BH         PUBLIC        ?C?LLDIXDATA1
  C:1E9DH         PUBLIC        ?C?LLDIXDATA8
  -------         ENDMOD        ?C?LLDIXDATA

  -------         MODULE        ?C?LSTIDATA
  C:1ED0H         PUBLIC        ?C?LSTIDATA
  -------         ENDMOD        ?C?LSTIDATA
BL51 BANKED LINKER/LOCATER V6.22.2.0                                                  11/30/2021  16:22:28  PAGE 148



  -------         MODULE        ?C?LSTXDATA
  C:1EDCH         PUBLIC        ?C?LSTXDATA
  -------         ENDMOD        ?C?LSTXDATA

  -------         MODULE        ?C?LSTKXDATA
  C:1EE8H         PUBLIC        ?C?LSTKXDATA
  -------         ENDMOD        ?C?LSTKXDATA

  -------         MODULE        ?C?OFFXADD
  C:1F19H         PUBLIC        ?C?OFFXADD
  -------         ENDMOD        ?C?OFFXADD

  -------         MODULE        ?C?PLDXDATA
  C:1F25H         PUBLIC        ?C?PLDXDATA
  -------         ENDMOD        ?C?PLDXDATA

  -------         MODULE        ?C?PLDIXDATA
  C:1F2EH         PUBLIC        ?C?PLDIXDATA
  -------         ENDMOD        ?C?PLDIXDATA

  -------         MODULE        ?C?PSTXDATA
  C:1F45H         PUBLIC        ?C?PSTXDATA
  -------         ENDMOD        ?C?PSTXDATA

  -------         MODULE        ?C?CCASE
  C:1F4EH         PUBLIC        ?C?CCASE
  -------         ENDMOD        ?C?CCASE

  -------         MODULE        ?C?LCASE
  C:1F74H         PUBLIC        ?C?LCASE
  -------         ENDMOD        ?C?LCASE

  -------         MODULE        ?C?LIMUL
  C:1FAEH         PUBLIC        ?C?LIMUL
  -------         ENDMOD        ?C?LIMUL

  -------         MODULE        STRLEN
  C:9420H         PUBLIC        _STRLEN
  -------         ENDMOD        STRLEN

  -------         MODULE        ?C?MEMSET
  C:1FDBH         PUBLIC        ?C?MEMSET
  -------         ENDMOD        ?C?MEMSET

Program Size: data=137.1 xdata=1222 code=38622
LINK/LOCATE RUN COMPLETE.  0 WARNING(S),  0 ERROR(S)
