BL51 BANKED LINKER/LOCATER V6.22.2.0                                                    11/10/2021  11:46:14  PAGE 1


BL51 BANKED LINKER/LOCATER V6.22.2.0, INVOKED BY:
C:\KEIL_V5\C51\BIN\BL51.EXE ..\obj\uartdrv.obj, ..\obj\timer.obj, ..\obj\interrupt.obj, ..\obj\main.obj, ..\obj\sysutil.
>> obj, ..\obj\event.obj, ..\obj\STARTUP_OCELOT.obj, ..\obj\vtss_os.obj, ..\obj\i2c_h.obj, ..\obj\i2c.obj, ..\obj\txrxts
>> t.obj, ..\obj\h2flowc.obj, ..\obj\h2ioutil.obj, ..\obj\h2mactab.obj, ..\obj\h2txrx.obj, ..\obj\h2vlan.obj, ..\obj\h2.
>> obj, ..\obj\h2io.obj, ..\obj\h2fan.obj, ..\obj\h2eee.obj, ..\obj\h2pcs1g.obj, ..\obj\h2sdcfg.obj, ..\obj\h2stats.obj,
>>  ..\obj\h2gpios.obj, ..\obj\h2txrxaux.obj, ..\obj\h2aggr.obj, ..\obj\h2e2etc.obj, ..\obj\h2mailc.obj, ..\obj\h2tcam.o
>> bj, ..\obj\txt.obj, ..\obj\print.obj, ..\obj\clihnd.obj, ..\obj\txt_moredef.obj, ..\obj\phytsk.obj, ..\obj\phymap.obj
>> , ..\obj\phydrv.obj, ..\obj\veriphy.obj, ..\obj\phy_base.obj, ..\obj\phy_atom12.obj, ..\obj\phy_tesla.obj, ..\obj\phy
>> _elise.obj, ..\obj\phy_spyder.obj, ..\obj\phy_quattro.obj, ..\obj\phy_enzo.obj, ..\obj\phy_cobra.obj, ..\obj\version.
>> obj, ..\obj\hwport.obj, ..\obj\spiflash.obj, ..\obj\misc1.obj, ..\obj\misc2.obj, ..\obj\misc3.obj, ..\obj\lldp.obj, .
>> .\obj\lldp_os.obj, ..\obj\lldp_remote.obj, ..\obj\lldp_sm.obj, ..\obj\lldp_tlv.obj, ..\obj\mib_common.obj, ..\obj\vts
>> s_lacp.obj, ..\obj\eee.obj, ..\obj\eee_base.obj, ..\obj\fan.obj, ..\obj\ledtsk.obj, ..\obj\loopdet.obj TO ..\obj\Ferr
>> et_Unmanaged_F5_REL PRINT (..\lst\Ferret_Unmanaged_F5_REL.m51) RAMSIZE (256) OVERLAY (?PR?_H2_WRITE_MASKED?H2IOUTIL !
>>  *) CODE (0X0000-0XDFFF) XDATA (0XE000-0XFFFF)


MEMORY MODEL: LARGE WITH FLOATING POINT ARITHMETIC


INPUT MODULES INCLUDED:
  ..\obj\uartdrv.obj (UARTDRV)
  ..\obj\timer.obj (TIMER)
  ..\obj\interrupt.obj (INTERRUPT)
  ..\obj\main.obj (MAIN)
  ..\obj\sysutil.obj (SYSUTIL)
  ..\obj\event.obj (EVENT)
  ..\obj\STARTUP_OCELOT.obj (?C_STARTUP)
  ..\obj\vtss_os.obj (VTSS_OS)
  ..\obj\i2c_h.obj (I2C_H)
  ..\obj\i2c.obj (I2C)
  ..\obj\txrxtst.obj (TXRXTST)
  ..\obj\h2flowc.obj (H2FLOWC)
  ..\obj\h2ioutil.obj (H2IOUTIL)
  ..\obj\h2mactab.obj (H2MACTAB)
  ..\obj\h2txrx.obj (H2TXRX)
  ..\obj\h2vlan.obj (H2VLAN)
  ..\obj\h2.obj (H2)
  ..\obj\h2io.obj (H2IO)
  ..\obj\h2fan.obj (H2FAN)
  ..\obj\h2eee.obj (H2EEE)
  ..\obj\h2pcs1g.obj (H2PCS1G)
  ..\obj\h2sdcfg.obj (H2SDCFG)
  ..\obj\h2stats.obj (H2STATS)
  ..\obj\h2gpios.obj (H2GPIOS)
  ..\obj\h2txrxaux.obj (H2TXRXAUX)
  ..\obj\h2aggr.obj (H2AGGR)
  ..\obj\h2e2etc.obj (H2E2ETC)
  ..\obj\h2mailc.obj (H2MAILC)
  ..\obj\h2tcam.obj (H2TCAM)
  ..\obj\txt.obj (TXT)
  ..\obj\print.obj (PRINT)
  ..\obj\clihnd.obj (CLIHND)
  ..\obj\txt_moredef.obj (TXT_MOREDEF)
  ..\obj\phytsk.obj (PHYTSK)
  ..\obj\phymap.obj (PHYMAP)
  ..\obj\phydrv.obj (PHYDRV)
  ..\obj\veriphy.obj (VERIPHY)
  ..\obj\phy_base.obj (PHY_BASE)
BL51 BANKED LINKER/LOCATER V6.22.2.0                                                  11/10/2021  11:46:14  PAGE 2


  ..\obj\phy_atom12.obj (PHY_ATOM12)
  ..\obj\phy_tesla.obj (PHY_TESLA)
  ..\obj\phy_elise.obj (PHY_ELISE)
  ..\obj\phy_spyder.obj (PHY_SPYDER)
  ..\obj\phy_quattro.obj (PHY_QUATTRO)
  ..\obj\phy_enzo.obj (PHY_ENZO)
  ..\obj\phy_cobra.obj (PHY_COBRA)
  ..\obj\version.obj (VERSION)
  ..\obj\hwport.obj (HWPORT)
  ..\obj\spiflash.obj (SPIFLASH)
  ..\obj\misc1.obj (MISC1)
  ..\obj\misc2.obj (MISCUTIL2)
  ..\obj\misc3.obj (MISCUTIL3)
  ..\obj\lldp.obj (LLDP)
  ..\obj\lldp_os.obj (LLDP_OS)
  ..\obj\lldp_remote.obj (LLDP_REMOTE)
  ..\obj\lldp_sm.obj (LLDP_SM)
  ..\obj\lldp_tlv.obj (LLDP_TLV)
  ..\obj\mib_common.obj (MIB_COMMON)
  ..\obj\vtss_lacp.obj (VTSS_LACP)
  ..\obj\eee.obj (EEE)
  ..\obj\eee_base.obj (EEE_BASE)
  ..\obj\fan.obj (FAN)
  ..\obj\ledtsk.obj (LEDTSK)
  ..\obj\loopdet.obj (LOOPDET)
  C:\KEIL_V5\C51\LIB\C51FPL.LIB (?C?FPADD)
  C:\KEIL_V5\C51\LIB\C51FPL.LIB (?C?FPMUL)
  C:\KEIL_V5\C51\LIB\C51FPL.LIB (?C?FPDIV)
  C:\KEIL_V5\C51\LIB\C51FPL.LIB (?C?FCAST)
  C:\KEIL_V5\C51\LIB\C51FPL.LIB (?C?CASTF)
  C:\KEIL_V5\C51\LIB\C51FPL.LIB (?C?FPGETOPN)
  C:\KEIL_V5\C51\LIB\C51L.LIB (?C_INIT)
  C:\KEIL_V5\C51\LIB\C51L.LIB (?C?COPY)
  C:\KEIL_V5\C51\LIB\C51L.LIB (?C?SCDIV)
  C:\KEIL_V5\C51\LIB\C51L.LIB (?C?CLDPTR)
  C:\KEIL_V5\C51\LIB\C51L.LIB (?C?CLDOPTR)
  C:\KEIL_V5\C51\LIB\C51L.LIB (?C?CILDOPTR)
  C:\KEIL_V5\C51\LIB\C51L.LIB (?C?CSTPTR)
  C:\KEIL_V5\C51\LIB\C51L.LIB (?C?CSTOPTR)
  C:\KEIL_V5\C51\LIB\C51L.LIB (?C?IILDX)
  C:\KEIL_V5\C51\LIB\C51L.LIB (?C?ILDIX)
  C:\KEIL_V5\C51\LIB\C51L.LIB (?C?ILDOPTR)
  C:\KEIL_V5\C51\LIB\C51L.LIB (?C?ISTPTR)
  C:\KEIL_V5\C51\LIB\C51L.LIB (?C?LADD)
  C:\KEIL_V5\C51\LIB\C51L.LIB (?C?LSUB)
  C:\KEIL_V5\C51\LIB\C51L.LIB (?C?LMUL)
  C:\KEIL_V5\C51\LIB\C51L.LIB (?C?ULDIV)
  C:\KEIL_V5\C51\LIB\C51L.LIB (?C?LAND)
  C:\KEIL_V5\C51\LIB\C51L.LIB (?C?LOR)
  C:\KEIL_V5\C51\LIB\C51L.LIB (?C?LNOT)
  C:\KEIL_V5\C51\LIB\C51L.LIB (?C?LNEG)
  C:\KEIL_V5\C51\LIB\C51L.LIB (?C?ULCMP)
  C:\KEIL_V5\C51\LIB\C51L.LIB (?C?ULSHR)
  C:\KEIL_V5\C51\LIB\C51L.LIB (?C?LSHL)
  C:\KEIL_V5\C51\LIB\C51L.LIB (?C?LLDIDATA)
  C:\KEIL_V5\C51\LIB\C51L.LIB (?C?LLDXDATA)
  C:\KEIL_V5\C51\LIB\C51L.LIB (?C?LLDIDATA0)
BL51 BANKED LINKER/LOCATER V6.22.2.0                                                  11/10/2021  11:46:14  PAGE 3


  C:\KEIL_V5\C51\LIB\C51L.LIB (?C?LLDXDATA0)
  C:\KEIL_V5\C51\LIB\C51L.LIB (?C?LLDIXDATA)
  C:\KEIL_V5\C51\LIB\C51L.LIB (?C?LSTIDATA)
  C:\KEIL_V5\C51\LIB\C51L.LIB (?C?LSTXDATA)
  C:\KEIL_V5\C51\LIB\C51L.LIB (?C?LSTKXDATA)
  C:\KEIL_V5\C51\LIB\C51L.LIB (?C?OFFXADD)
  C:\KEIL_V5\C51\LIB\C51L.LIB (?C?PLDXDATA)
  C:\KEIL_V5\C51\LIB\C51L.LIB (?C?PLDIXDATA)
  C:\KEIL_V5\C51\LIB\C51L.LIB (?C?PSTXDATA)
  C:\KEIL_V5\C51\LIB\C51L.LIB (?C?CCASE)
  C:\KEIL_V5\C51\LIB\C51L.LIB (?C?LCASE)
  C:\KEIL_V5\C51\LIB\C51L.LIB (?C?LIMUL)
  C:\KEIL_V5\C51\LIB\C51L.LIB (STRLEN)
  C:\KEIL_V5\C51\LIB\C51L.LIB (?C?MEMSET)


LINK MAP OF MODULE:  ..\obj\Ferret_Unmanaged_F5_REL (UARTDRV)


            TYPE    BASE      LENGTH    RELOCATION   SEGMENT NAME
            -----------------------------------------------------

            * * * * * * *   D A T A   M E M O R Y   * * * * * * *
            REG     0000H     0008H     ABSOLUTE     "REG BANK 0"
            REG     0008H     0008H     ABSOLUTE     "REG BANK 1"
            REG     0010H     0008H     ABSOLUTE     "REG BANK 2"
            DATA    0018H     0006H     UNIT         ?DT?TIMER
                    001EH     0002H                  *** GAP ***
            BIT     0020H.0   0000H.5   UNIT         ?BI?TIMER
            BIT     0020H.5   0000H.2   UNIT         ?BI?LOOPDET
            BIT     0020H.7   0000H.2   UNIT         _BIT_GROUP_
            BIT     0021H.1   0000H.1   UNIT         ?BI?UARTDRV
            BIT     0021H.2   0000H.1   UNIT         ?BI?PHYTSK
                    0021H.3   0000H.5                *** GAP ***
            DATA    0022H     0025H     UNIT         _DATA_GROUP_
            DATA    0047H     000CH     UNIT         ?DT?_H2_WRITE_MASKED?H2IOUTIL
            DATA    0053H     0004H     UNIT         ?DT?UARTDRV
            DATA    0057H     0004H     UNIT         ?DT?SPIFLASH
            IDATA   005BH     0020H     UNIT         ?ID?UARTDRV
            IDATA   007BH     0010H     UNIT         ?ID?CLIHND
            IDATA   008BH     0001H     UNIT         ?STACK

            * * * * * * *  X D A T A   M E M O R Y  * * * * * * *
                    0000H     E000H                  *** GAP ***
            XDATA   E000H     02C9H     UNIT         ?XD?TXT_MOREDEF
            XDATA   E2C9H     00E2H     UNIT         _XDATA_GROUP_
            XDATA   E3ABH     0044H     UNIT         ?XD?CLIHND
            XDATA   E3EFH     003FH     UNIT         ?XD?SPIFLASH
            XDATA   E42EH     0035H     UNIT         ?XD?PHYTSK
            XDATA   E463H     0022H     UNIT         ?XD?LEDTSK
            XDATA   E485H     0019H     UNIT         ?XD?H2STATS
            XDATA   E49EH     0017H     UNIT         ?XD?LOOPDET
            XDATA   E4B5H     000BH     UNIT         ?XD?H2PCS1G
            XDATA   E4C0H     000BH     UNIT         ?XD?PHYMAP
            XDATA   E4CBH     0006H     UNIT         ?XD?VERSION
            XDATA   E4D1H     0004H     UNIT         ?XD?TIMER
            XDATA   E4D5H     0004H     UNIT         ?XD?MAIN
BL51 BANKED LINKER/LOCATER V6.22.2.0                                                  11/10/2021  11:46:14  PAGE 4


            XDATA   E4D9H     0002H     UNIT         ?XD?SYSUTIL
            XDATA   E4DBH     0001H     UNIT         ?XD?VTSS_OS
            XDATA   E4DCH     0001H     UNIT         ?XD?HWPORT

            * * * * * * *   C O D E   M E M O R Y   * * * * * * *
            CODE    0000H     0003H     ABSOLUTE     
            CODE    0003H     0003H     ABSOLUTE     
                    0006H     000DH                  *** GAP ***
            CODE    0013H     0003H     ABSOLUTE     
                    0016H     07EAH                  *** GAP ***
            CODE    0800H     0E0FH     UNIT         ?PR?_H2_SD6G_CFG?H2SDCFG
            CODE    160FH     08FCH     UNIT         ?PR?_FERRET_BUF_CONF_SET?H2
            CODE    1F0BH     08E6H     UNIT         ?C?LIB_CODE
            CODE    27F1H     0590H     UNIT         ?CO?CLIHND
            CODE    2D81H     049AH     UNIT         ?PR?_I2C_RX?I2C_H
            CODE    321BH     0449H     UNIT         ?C_INITSEG
            CODE    3664H     0387H     UNIT         ?PR?__FERRET_PORT_FC_SETUP?H2FLOWC
            CODE    39EBH     036BH     UNIT         ?PR?_HANDLE_SERDES?PHYTSK
            CODE    3D56H     0339H     UNIT         ?PR?_H2_SD1G_CFG?H2SDCFG
            CODE    408FH     02B8H     UNIT         ?PR?LDETTSK?LOOPDET
            CODE    4347H     02A3H     UNIT         ?CO?I2C_H
            CODE    45EAH     0296H     UNIT         ?PR?HANDLE_COMMAND?CLIHND
            CODE    4880H     025DH     UNIT         ?PR?__SETUP_MAC?H2
            CODE    4ADDH     024EH     UNIT         ?PR?H2
            CODE    4D2BH     021DH     UNIT         ?PR?_H2_MACTAB_RESULT?H2MACTAB
            CODE    4F48H     020DH     UNIT         ?PR?_H2_PCS1G_CLAUSE_37_STATUS_GET?H2PCS1G
            CODE    5155H     01FCH     UNIT         ?PR?__SETUP_PCS?H2
            CODE    5351H     01F7H     UNIT         ?PR?_H2_MACTAB_SET?H2MACTAB
            CODE    5548H     01ACH     UNIT         ?PR?_PORT_INFO_FORMAT_OUTPUT?CLIHND
            CODE    56F4H     019EH     UNIT         ?PR?__FERRET_PORT_RESET?H2
            CODE    5892H     0189H     UNIT         ?PR?_H2_PCS1G_SETUP?H2PCS1G
            CODE    5A1BH     0177H     UNIT         PROG
            CODE    5B92H     0176H     UNIT         ?PR?_PRINT_PORT_STATISTICS?H2STATS
            CODE    5D08H     0154H     UNIT         ?PR?RETRIEVE_PARMS?CLIHND
            CODE    5E5CH     0151H     UNIT         ?PR?_H2_SGPIO_WRITE?H2GPIOS
            CODE    5FADH     0142H     UNIT         ?PR?_H2_PCS1G_100FX_STATUS_GET?H2PCS1G
            CODE    60EFH     013EH     UNIT         ?PR?_HANDLE_PHY?PHYTSK
            CODE    622DH     012AH     UNIT         ?PR?I2C_INIT?I2C_H
            CODE    6357H     012AH     UNIT         ?PR?CLI_SHOW_PORT_INFO?CLIHND
            CODE    6481H     0125H     UNIT         ?PR?H2PCS1G
            CODE    65A6H     0101H     UNIT         ?PR?UART_INIT?UARTDRV
            CODE    66A7H     00FBH     UNIT         ?PR?_CLI_SHOW_MAC_ADDR?CLIHND
            CODE    67A2H     00F9H     UNIT         ?PR?CMD_READY?CLIHND
            CODE    689BH     00F8H     UNIT         ?PR?__SETUP_PORT?H2
            CODE    6993H     00F4H     UNIT         ?PR?PHY_INIT?PHYTSK
            CODE    6A87H     00F1H     UNIT         ?PR?H2MACTAB
            CODE    6B78H     00EAH     UNIT         ?PR?H2_INIT_PORTS?H2
            CODE    6C62H     00E7H     UNIT         ?PR?_H2_GPIO_MODE_SET?H2GPIOS
            CODE    6D49H     00E0H     UNIT         ?PR?_H2_PCS1G_CLAUSE_37_CONTROL_SET?H2PCS1G
            CODE    6E29H     00DAH     UNIT         ?C_C51STARTUP
            CODE    6F03H     00D3H     UNIT         ?PR?_I2C_SET_GPIO_ALT?I2C_H
            CODE    6FD6H     00D1H     UNIT         ?PR?H2SDCFG
            CODE    70A7H     00C3H     UNIT         ?PR?_CMD_RETRIEVE_MAC_ADDR?CLIHND
            CODE    716AH     00C1H     UNIT         ?PR?_PHY_READ_ID?PHY_BASE
            CODE    722BH     00BDH     UNIT         ?PR?H2_SGPIO_ENABLE?H2GPIOS
            CODE    72E8H     00BDH     UNIT         ?PR?CLI_SHOW_HELP_MSG?CLIHND
            CODE    73A5H     00BDH     UNIT         ?PR?_SERDES_LINK_MODE_GET?PHYTSK
BL51 BANKED LINKER/LOCATER V6.22.2.0                                                  11/10/2021  11:46:14  PAGE 5


            CODE    7462H     00B4H     UNIT         ?PR?I2C_H
            CODE    7516H     00B4H     UNIT         ?PR?CLIHND
            CODE    75CAH     00B2H     UNIT         ?PR?_H2_MACTAB_AGE?H2MACTAB
            CODE    767CH     00B1H     UNIT         ?PR?_H2_PCS1G_2_5G_LINK_STATUS_GET?H2PCS1G
            CODE    772DH     00AEH     UNIT         ?PR?H2_SERDES_MACRO_PHASE_LOOP_LOCKED?H2SDCFG
            CODE    77DBH     00ADH     UNIT         ?PR?_CMP_CMD_TXT?TXT
            CODE    7888H     00ADH     UNIT         ?PR?PHY_HW_INIT?HWPORT
            CODE    7935H     00ABH     UNIT         ?PR?CLI_SHOW_SW_VER?CLIHND
            CODE    79E0H     00AAH     UNIT         ?PR?__LED_MODE_SET?LEDTSK
            CODE    7A8AH     00A7H     UNIT         ?PR?_PHY_RECEIVER_RECONFIG?PHYDRV
            CODE    7B31H     00A6H     UNIT         ?PR?_LED_PORT_EVENT_SET?LEDTSK
            CODE    7BD7H     00A4H     UNIT         ?PR?_I2C_SET_TAR_REGISTER?I2C_H
            CODE    7C7BH     00A2H     UNIT         ?PR?_PRINT_DEC_32?PRINT
            CODE    7D1DH     009DH     UNIT         ?PR?MAIN?MAIN
            CODE    7DBAH     009DH     UNIT         ?PR?H2_POST_RESET?H2
            CODE    7E57H     009CH     UNIT         ?PR?_I2C_TX?I2C_H
            CODE    7EF3H     009CH     UNIT         ?PR?GET_HW_VERSION?HWPORT
            CODE    7F8FH     009BH     UNIT         ?PR?PHYTSK
            CODE    802AH     009AH     UNIT         ?PR?_H2_STATS_COUNTER_GET?H2STATS
            CODE    80C4H     0097H     UNIT         ?PR?_PRINT_PHY_MODEL_2_TXT?CLIHND
            CODE    815BH     0093H     UNIT         ?PR?TIMER_1_INIT?TIMER
            CODE    81EEH     008FH     UNIT         ?PR?UART_INTERRUPT?UARTDRV
            CODE    827DH     008DH     UNIT         ?PR?H2GPIOS
            CODE    830AH     008DH     UNIT         ?PR?RETRIEVE_STR_PARMS?CLIHND
            CODE    8397H     008DH     UNIT         ?PR?__PHY_READ_REG_DATA?PHYDRV
            CODE    8424H     008AH     UNIT         ?CO?SYSUTIL
            CODE    84AEH     008AH     UNIT         ?PR?_H2_PCS1G_CLOCK_SET?H2PCS1G
            CODE    8538H     0085H     UNIT         ?CO?H2STATS
            CODE    85BDH     0083H     UNIT         ?PR?_PHY_ACTIPHY_SET?PHYTSK
            CODE    8640H     0081H     UNIT         ?CO?PRINT
            CODE    86C1H     0080H     UNIT         ?PR?__H2_STATS_COUNTER_GET_PRIVATE?H2STATS
            CODE    8741H     007FH     UNIT         ?PR?HANDLE_SYS_CONFIG?CLIHND
            CODE    87C0H     007DH     UNIT         ?PR?SYSUTIL_SHOW_CHIP_ID?SYSUTIL
            CODE    883DH     007BH     UNIT         ?PR?_PRINT_PORT_LIST?PRINT
            CODE    88B8H     007BH     UNIT         ?PR?_LED_UPDATE_PORT_BY_TOWER_MODE?LEDTSK
            CODE    8933H     007AH     UNIT         ?PR?PHY_TSK_INIT?PHYTSK
            CODE    89ADH     0076H     UNIT         ?PR?_PRINT_DEC?PRINT
            CODE    8A23H     0076H     UNIT         ?PR?_SFP_DETECT?PHYTSK
            CODE    8A99H     0071H     UNIT         ?PR?_PHY_WRITE?PHYDRV
            CODE    8B0AH     006FH     UNIT         ?PR?_PHY_STATE_TO_SETUP?PHYTSK
            CODE    8B79H     0068H     UNIT         ?PR?EXT_1_INTERRUPT?INTERRUPT
            CODE    8BE1H     0068H     UNIT         ?PR?EXT_0_INTERRUPT?INTERRUPT
            CODE    8C49H     0067H     UNIT         ?PR?_PHY_LINK_MODE_GET?PHYTSK
            CODE    8CB0H     0066H     UNIT         ?PR?CLI_TSK?CLIHND
            CODE    8D16H     0064H     UNIT         ?PR?_SFP_I2C_READ?PHYTSK
            CODE    8D7AH     005EH     UNIT         ?PR?_PRINT_BINARY_32?PRINT
            CODE    8DD8H     005EH     UNIT         ?PR?_FLASH_WRITE_MAC_ADDR?SPIFLASH
            CODE    8E36H     005CH     UNIT         ?PR?PHYDRV
            CODE    8E92H     0059H     UNIT         ?PR?_H2_MACTAB_GET_NEXT?H2MACTAB
            CODE    8EEBH     0057H     UNIT         ?PR?_TX_I2C_DATA?I2C_H
            CODE    8F42H     0056H     UNIT         ?PR?LOOPDET
            CODE    8F98H     0054H     UNIT         ?PR?_PHY_MMD_RD?PHYDRV
            CODE    8FECH     0052H     UNIT         ?PR?_UART_PUT_BYTE?UARTDRV
            CODE    903EH     004EH     UNIT         ?PR?_LDET_DOWN_PORTS_CLEAR?LOOPDET
            CODE    908CH     004BH     UNIT         ?PR?PRINT
            CODE    90D7H     0049H     UNIT         ?PR?_PHY_DO_LINK_UP_SETTINGS?PHYDRV
            CODE    9120H     0045H     UNIT         ?PR?_PRINT_PARSE_INFO_32?PRINT
BL51 BANKED LINKER/LOCATER V6.22.2.0                                                  11/10/2021  11:46:14  PAGE 6


            CODE    9165H     0045H     UNIT         ?PR?_PHY_INIT_STATE?PHYTSK
            CODE    91AAH     0045H     UNIT         ?PR?PHY_TSK?PHYTSK
            CODE    91EFH     0044H     UNIT         ?PR?_H2_WRITE_MASKED?H2IOUTIL
            CODE    9233H     0044H     UNIT         ?PR?_GET_MAC_ADDR?HWPORT
            CODE    9277H     003FH     UNIT         ?PR?_H2_SETUP_FLOW_CONTROL?H2FLOWC
            CODE    92B6H     003FH     UNIT         ?PR?H2FLOWC
            CODE    92F5H     003EH     UNIT         ?PR?__H2_VLAN_DO_COMMAND?H2VLAN
            CODE    9333H     003EH     UNIT         ?PR?_H2_GPIO_READ?H2GPIOS
            CODE    9371H     003EH     UNIT         ?CO?TXT
            CODE    93AFH     003CH     UNIT         ?CO?H2
            CODE    93EBH     003CH     UNIT         ?PR?_PRINT_MAC_ADDR?PRINT
            CODE    9427H     003CH     UNIT         ?CO?VERSION
            CODE    9463H     003BH     UNIT         ?PR?_H2_ENABLE_EXC_COL_DROP?H2
            CODE    949EH     0039H     UNIT         ?PR?_PHY_MAP_SERDES_IF_RESTORE?PHYMAP
            CODE    94D7H     0037H     UNIT         ?PR?TIMER_1_INTERRUPT?TIMER
            CODE    950EH     0035H     UNIT         ?PR?_WRITE_MACDATA_REG?H2MACTAB
            CODE    9543H     0035H     UNIT         ?PR?_PRINT_N_STR?PRINT
            CODE    9578H     0034H     UNIT         ?PR?_DO_MACTAB_CMD?H2MACTAB
            CODE    95ACH     0033H     UNIT         ?PR?_PRINT_TXT?TXT
            CODE    95DFH     0033H     UNIT         ?PR?_DO_LINK_DOWN?PHYTSK
            CODE    9612H     0032H     UNIT         ?PR?_BUILD_MACHDATA?H2MACTAB
            CODE    9644H     0032H     UNIT         ?PR?_H2_SD1G_READ?H2SDCFG
            CODE    9676H     0032H     UNIT         ?PR?_H2_GPIO_WRITE?H2GPIOS
            CODE    96A8H     0031H     UNIT         ?PR?WAIT_FOR_TX_BUFFER_EMPTY?I2C_H
            CODE    96D9H     0031H     UNIT         ?PR?_H2_SD6G_READ?H2SDCFG
            CODE    970AH     002FH     UNIT         ?PR?_PRINT_TXT_LEFT?TXT
            CODE    9739H     002EH     UNIT         ?PR?_PHY_WRITE_MASKED?PHYDRV
            CODE    9767H     002DH     UNIT         ?PR?_H2_SD1G_WRITE?H2SDCFG
            CODE    9794H     002DH     UNIT         ?PR?_DO_LINK_UP?PHYTSK
            CODE    97C1H     002DH     UNIT         ?PR?PHY_CHECK_ALL?PHYTSK
            CODE    97EEH     002CH     UNIT         ?PR?_H2_SD6G_WRITE?H2SDCFG
            CODE    981AH     002CH     UNIT         ?PR?_SERDES_PORT_SFP_DETECT?PHYTSK
            CODE    9846H     002BH     UNIT         ?PR?_BUILD_MACLDATA?H2MACTAB
            CODE    9871H     002BH     UNIT         ?PR?_PHY_MAP_SERDES?PHYMAP
            CODE    989CH     0028H     UNIT         ?PR?HANDLE_TIMEOUT_EVENT_1SEC?MAIN
            CODE    98C4H     0028H     UNIT         ?PR?_PHY_AWAIT_COMPLETED?PHYDRV
            CODE    98ECH     0027H     UNIT         ?PR?_PRINT_DEC_8_RIGHT_2?PRINT
            CODE    9913H     0027H     UNIT         ?PR?_ASCII_TO_HEX_NIB?MISC1
            CODE    993AH     0026H     UNIT         ?PR?SYSUTIL_HANG?SYSUTIL
            CODE    9960H     0025H     UNIT         ?PR?PHY_BASE
            CODE    9985H     0024H     UNIT         ?CO?MAIN
            CODE    99A9H     0024H     UNIT         ?PR?SYSUTIL_SHOW_SW_VER?SYSUTIL
            CODE    99CDH     0024H     UNIT         ?PR?LDET_AGING_1S?LOOPDET
            CODE    99F1H     0023H     UNIT         ?PR?H2_MACTAB_AGETIME_SET?H2MACTAB
            CODE    9A14H     0023H     UNIT         ?PR?_CONV_TO_UPPER_CASE?MISC1
            CODE    9A37H     0022H     UNIT         ?PR?_H2_MAC_TYPE?H2MACTAB
            CODE    9A59H     0022H     UNIT         ?PR?_PHY_READ?PHYDRV
            CODE    9A7BH     0021H     UNIT         ?PR?_H2_SETUP_PORT?H2
            CODE    9A9CH     0021H     UNIT         ?CO?PHYMAP
            CODE    9ABDH     0021H     UNIT         ?PR?LED_1S_TIMER?LEDTSK
            CODE    9ADEH     0020H     UNIT         ?PR?LED_INIT?LEDTSK
            CODE    9AFEH     001FH     UNIT         ?PR?_PHY_DO_LINK_DOWN_SETTINGS?PHYDRV
            CODE    9B1DH     001FH     UNIT         ?PR?_UPORT2CPORT?HWPORT
            CODE    9B3CH     001EH     UNIT         ?PR?H2_SERDES_MACRO_CONFIG?H2SDCFG
            CODE    9B5AH     001EH     UNIT         ?PR?TXT
            CODE    9B78H     001DH     UNIT         ?PR?_PRINT_HEX_B?PRINT
            CODE    9B95H     001DH     UNIT         ?PR?_PRINT_HEX_DW?PRINT
BL51 BANKED LINKER/LOCATER V6.22.2.0                                                  11/10/2021  11:46:14  PAGE 7


            CODE    9BB2H     001DH     UNIT         ?PR?_PRINT_LINE?PRINT
            CODE    9BCFH     001CH     UNIT         ?PR?_WM_ENC?H2FLOWC
            CODE    9BEBH     001CH     UNIT         ?PR?_IS_IPMC_ENTRY?H2MACTAB
            CODE    9C07H     001CH     UNIT         ?PR?_WM_ENC?H2
            CODE    9C23H     001CH     UNIT         ?PR?SFP_INIT?PHYTSK
            CODE    9C3FH     001BH     UNIT         ?PR?__PORT_RESET?H2
            CODE    9C5AH     001BH     UNIT         ?PR?_PRINT_STR?PRINT
            CODE    9C75H     001AH     UNIT         ?PR?_H2_STATS_COUNTER_CLEAR?H2STATS
            CODE    9C8FH     0019H     UNIT         ?PR?_PRINT_HEX_W?PRINT
            CODE    9CA8H     0019H     UNIT         ?PR?_PHY_GET_SPEED_AND_FDX?PHYDRV
            CODE    9CC1H     0018H     UNIT         ?PR?_DELAY_1?TIMER
            CODE    9CD9H     0018H     UNIT         ?PR?H2_CHIP_RESET?H2
            CODE    9CF1H     0017H     UNIT         ?PR?_IS_IPV6MC_ENTRY?H2MACTAB
            CODE    9D08H     0017H     UNIT         ?PR?LEDTSK
            CODE    9D1FH     0015H     UNIT         ?PR?UARTDRV
            CODE    9D34H     0015H     UNIT         ?PR?_H2_MACTAB_FLUSH_PORT?H2MACTAB
            CODE    9D49H     0015H     UNIT         ?PR?_TXT_LEN?TXT
            CODE    9D5EH     0015H     UNIT         ?PR?_PRINT_SPACES?PRINT
            CODE    9D73H     0015H     UNIT         ?PR?_PHY_MAP?PHYMAP
            CODE    9D88H     0015H     UNIT         ?PR?FLASH_LOAD_CONFIG?SPIFLASH
            CODE    9D9DH     0015H     UNIT         ?PR?LED_TSK?LEDTSK
            CODE    9DB2H     0015H     UNIT         ?PR?_STRLEN?STRLEN
            CODE    9DC7H     0014H     UNIT         ?PR?PHY_TIMER_10?PHYTSK
            CODE    9DDBH     0014H     UNIT         ?PR?PHYMAP
            CODE    9DEFH     0014H     UNIT         ?PR?_PHY_RESTART_ANEG?PHYDRV
            CODE    9E03H     0014H     UNIT         ?PR?_CPORT2UPORT?HWPORT
            CODE    9E17H     0013H     UNIT         ?PR?H2_RESET?H2
            CODE    9E2AH     0013H     UNIT         ?PR?_H2_SD6G_CFG_CHANGE?H2SDCFG
            CODE    9E3DH     0013H     UNIT         ?PR?_HEX_TO_ASCII_NIB?MISC1
            CODE    9E50H     0012H     UNIT         ?PR?SYSUTIL_SHOW_COMPILE_DATE?SYSUTIL
            CODE    9E62H     0012H     UNIT         ?PR?SYSUTIL_SHOW_HW_VER?SYSUTIL
            CODE    9E74H     0012H     UNIT         ?PR?_PRINT_PORT_MAC_ADDR?PRINT
            CODE    9E86H     0011H     UNIT         ?PR?INTERRUPT
            CODE    9E97H     0011H     UNIT         ?PR?_CLI_CSI_PREFIX?CLIHND
            CODE    9EA8H     0010H     UNIT         ?CO?HWPORT
            CODE    9EB8H     000FH     UNIT         ?PR?UART_GET_BYTE?UARTDRV
            CODE    9EC7H     000FH     UNIT         ?PR?_PHY_MAP_PHY_NO?PHYMAP
            CODE    9ED6H     000EH     UNIT         ?PR?_IS_PORT_LINK?PHYTSK
            CODE    9EE4H     000EH     UNIT         ?PR?_PHY_MAP_MIIM_NO?PHYMAP
            CODE    9EF2H     000DH     UNIT         ?PR?H2IOUTIL
            CODE    9EFFH     000DH     UNIT         ?PR?_PRINT_DEC_RIGHT?PRINT
            CODE    9F0CH     000DH     UNIT         ?PR?SKIP_SPACES?CLIHND
            CODE    9F19H     000DH     UNIT         ?PR?_PHY_LINK_STATUS?PHYDRV
            CODE    9F26H     000CH     UNIT         ?PR?ERROR_CHECK?MAIN
            CODE    9F32H     000CH     UNIT         ?PR?HANDLE_TIMEOUT_EVENT_10MS?MAIN
            CODE    9F3EH     000CH     UNIT         ?PR?HANDLE_TIMEOUT_EVENT_100MS?MAIN
            CODE    9F4AH     000BH     UNIT         ?PR?H2_VLAN_CLEAR_TAB?H2VLAN
            CODE    9F55H     000BH     UNIT         ?PR?__SFP_TX_DISABLE_SET?PHYTSK
            CODE    9F60H     000BH     UNIT         ?PR?_PHY_MAP_SERDES_IF_UPDATE?PHYMAP
            CODE    9F6BH     000AH     UNIT         ?PR?UART_BYTE_READY?UARTDRV
            CODE    9F75H     000AH     UNIT         ?PR?_DELAY?TIMER
            CODE    9F7FH     000AH     UNIT         ?PR?SYSUTIL
            CODE    9F89H     000AH     UNIT         ?PR?H2STATS
            CODE    9F93H     000AH     UNIT         ?PR?PRINT_HEX_PREFIX?PRINT
            CODE    9F9DH     000AH     UNIT         ?PR?PRINT_CR_LF?PRINT
            CODE    9FA7H     000AH     UNIT         ?PR?CLI_BACKSPACE?CLIHND
            CODE    9FB1H     000AH     UNIT         ?PR?_PHY_PRE_RESET?PHYDRV
BL51 BANKED LINKER/LOCATER V6.22.2.0                                                  11/10/2021  11:46:14  PAGE 8


            CODE    9FBBH     000AH     UNIT         ?PR?_PHY_POST_RESET?PHYDRV
            CODE    9FC5H     000AH     UNIT         ?PR?_PHY_SETUP?PHYDRV
            CODE    9FCFH     0009H     UNIT         ?PR?EXT_INTERRUPT_INIT?INTERRUPT
            CODE    9FD8H     0009H     UNIT         ?PR?_PORT_LINK_MODE_GET?PHYTSK
            CODE    9FE1H     0009H     UNIT         ?PR?_PHY_PAGE_TP?PHYDRV
            CODE    9FEAH     0009H     UNIT         ?PR?_PHY_PAGE_TR?PHYDRV
            CODE    9FF3H     0009H     UNIT         ?PR?LDET_TIMER_REFRESH?LOOPDET
            CODE    9FFCH     0008H     UNIT         ?PR?SYSUTIL_REBOOT?SYSUTIL
            CODE    A004H     0008H     UNIT         ?PR?H2_MACTAB_CLEAR?H2MACTAB
            CODE    A00CH     0008H     UNIT         ?PR?_PHY_PAGE_STD?PHYDRV
            CODE    A014H     0007H     UNIT         ?PR?_START_TIMER?TIMER
            CODE    A01BH     0007H     UNIT         ?PR?TIMER
            CODE    A022H     0007H     UNIT         ?PR?HWPORT
            CODE    A029H     0007H     UNIT         ?PR?_FLASH_READ_MAC_ADDR?SPIFLASH
            CODE    A030H     0007H     UNIT         ?PR?LED_REFRESH?LEDTSK
            CODE    A037H     0007H     UNIT         ?PR?_LED_UPDATE_SYSTEM?LEDTSK
            CODE    A03EH     0006H     UNIT         ?PR?_SYSUTIL_ASSERT_EVENT_SET?SYSUTIL
            CODE    A044H     0006H     UNIT         ?PR?SYSUTIL_ASSERT_EVENT_GET?SYSUTIL
            CODE    A04AH     0006H     UNIT         ?PR?_SYSUTIL_SET_SUSPEND?SYSUTIL
            CODE    A050H     0006H     UNIT         ?PR?SYSUTIL_GET_SUSPEND?SYSUTIL
            CODE    A056H     0006H     UNIT         ?PR?_PRINTLN_STR?PRINT
            CODE    A05CH     0006H     UNIT         ?PR?_PHY_FLOWCONTROL_GET?PHYTSK
            CODE    A062H     0006H     UNIT         ?PR?_PHY_FLOWCONTROL_SET?PHYTSK
            CODE    A068H     0006H     UNIT         ?PR?LINKUP_CPORT_MASK_GET?PHYTSK
            CODE    A06EH     0006H     UNIT         ?PR?_PHY_POWER_DOWN?PHYDRV
            CODE    A074H     0006H     UNIT         ?PR?_LDET_STATUS_SET?LOOPDET
            CODE    A07AH     0004H     UNIT         ?PR?TIMEOUT?TIMER
            CODE    A07EH     0003H     UNIT         ?PR?_CALLBACK_LINK_UP?EVENT
            CODE    A081H     0003H     UNIT         ?PR?_CALLBACK_LINK_DOWN?EVENT
            CODE    A084H     0003H     UNIT         ?PR?_PRINT_CH?PRINT
            CODE    A087H     0003H     UNIT         ?PR?GPIO_INIT?HWPORT
            CODE    A08AH     0001H     UNIT         ?PR?_H2_SETUP_CPU_IF?H2
            CODE    A08BH     0001H     UNIT         ?PR?VTSS_UPDATE_MASKS?H2



OVERLAY MAP OF MODULE:   ..\obj\Ferret_Unmanaged_F5_REL (UARTDRV)


SEGMENT                                             BIT_GROUP          DATA_GROUP          XDATA_GROUP
  +--> CALLED SEGMENT                            START    LENGTH     START    LENGTH     START    LENGTH
--------------------------------------------------------------------------------------------------------
?PR?EXT_1_INTERRUPT?INTERRUPT                    -----    -----      0022H    0004H      -----    -----
  +--> ?PR?INTERRUPT
  +--> ?PR?UART_INTERRUPT?UARTDRV
  +--> ?PR?_H2_WRITE_MASKED?H2IOUTIL

?PR?UART_INTERRUPT?UARTDRV                       -----    -----      0026H    0004H      -----    -----
  +--> ?PR?UARTDRV

?PR?_H2_WRITE_MASKED?H2IOUTIL                    -----    -----      -----    -----      -----    -----
  +--> ?PR?H2IOUTIL

*** NEW ROOT ***************************************************

?PR?EXT_0_INTERRUPT?INTERRUPT                    -----    -----      002AH    0004H      -----    -----
  +--> ?PR?INTERRUPT
BL51 BANKED LINKER/LOCATER V6.22.2.0                                                  11/10/2021  11:46:14  PAGE 9


  +--> ?PR?TIMER_1_INTERRUPT?TIMER
  +--> ?PR?_H2_WRITE_MASKED?H2IOUTIL

*** NEW ROOT ***************************************************

?C_C51STARTUP                                    -----    -----      -----    -----      -----    -----
  +--> ?PR?MAIN?MAIN
  +--> ?C_INITSEG

?PR?MAIN?MAIN                                    -----    -----      -----    -----      E2C9H    0001H
  +--> ?PR?GET_HW_VERSION?HWPORT
  +--> ?PR?TIMER_1_INIT?TIMER
  +--> ?PR?UART_INIT?UARTDRV
  +--> ?PR?EXT_INTERRUPT_INIT?INTERRUPT
  +--> ?PR?_DELAY_1?TIMER
  +--> ?PR?PRINT_CR_LF?PRINT
  +--> ?PR?SYSUTIL_SHOW_CHIP_ID?SYSUTIL
  +--> ?PR?SYSUTIL_SHOW_SW_VER?SYSUTIL
  +--> ?PR?SYSUTIL_SHOW_COMPILE_DATE?SYSUTIL
  +--> ?PR?SYSUTIL_SHOW_HW_VER?SYSUTIL
  +--> ?PR?H2_POST_RESET?H2
  +--> ?PR?GPIO_INIT?HWPORT
  +--> ?PR?FLASH_LOAD_CONFIG?SPIFLASH
  +--> ?PR?SYSUTIL_ASSERT_EVENT_GET?SYSUTIL
  +--> ?PR?SYSUTIL_HANG?SYSUTIL
  +--> ?PR?PHY_HW_INIT?HWPORT
  +--> ?PR?H2_INIT_PORTS?H2
  +--> ?PR?PHY_TSK_INIT?PHYTSK
  +--> ?PR?LED_INIT?LEDTSK
  +--> ?PR?_PHY_ACTIPHY_SET?PHYTSK
  +--> ?PR?I2C_INIT?I2C_H
  +--> ?CO?MAIN
  +--> ?PR?_PRINTLN_STR?PRINT
  +--> ?PR?_UART_PUT_BYTE?UARTDRV
  +--> ?PR?SYSUTIL_REBOOT?SYSUTIL
  +--> ?PR?CLI_TSK?CLIHND
  +--> ?PR?SYSUTIL_GET_SUSPEND?SYSUTIL
  +--> ?PR?HANDLE_TIMEOUT_EVENT_10MS?MAIN
  +--> ?PR?HANDLE_TIMEOUT_EVENT_100MS?MAIN
  +--> ?PR?HANDLE_TIMEOUT_EVENT_1SEC?MAIN

?PR?GET_HW_VERSION?HWPORT                        -----    -----      -----    -----      E2D1H    0010H
  +--> ?PR?HWPORT

?PR?TIMER_1_INIT?TIMER                           -----    -----      -----    -----      -----    -----
  +--> ?PR?TIMER
  +--> ?PR?_H2_WRITE_MASKED?H2IOUTIL

?PR?UART_INIT?UARTDRV                            -----    -----      -----    -----      -----    -----
  +--> ?PR?UARTDRV
  +--> ?PR?_H2_WRITE_MASKED?H2IOUTIL

?PR?PRINT_CR_LF?PRINT                            -----    -----      -----    -----      -----    -----
  +--> ?PR?_UART_PUT_BYTE?UARTDRV

?PR?_UART_PUT_BYTE?UARTDRV                       -----    -----      002FH    0005H      -----    -----
  +--> ?PR?UARTDRV
BL51 BANKED LINKER/LOCATER V6.22.2.0                                                  11/10/2021  11:46:14  PAGE 10



?PR?SYSUTIL_SHOW_CHIP_ID?SYSUTIL                 -----    -----      -----    -----      E2D1H    0005H
  +--> ?CO?SYSUTIL
  +--> ?PR?_PRINT_STR?PRINT
  +--> ?PR?_PRINT_CH?PRINT
  +--> ?PR?PRINT_CR_LF?PRINT

?PR?_PRINT_STR?PRINT                             -----    -----      -----    -----      E328H    0003H
  +--> ?PR?PRINT
  +--> ?PR?_UART_PUT_BYTE?UARTDRV

?PR?_PRINT_CH?PRINT                              -----    -----      -----    -----      -----    -----
  +--> ?PR?_UART_PUT_BYTE?UARTDRV

?PR?SYSUTIL_SHOW_SW_VER?SYSUTIL                  -----    -----      -----    -----      -----    -----
  +--> ?CO?SYSUTIL
  +--> ?PR?_PRINT_STR?PRINT
  +--> ?PR?SYSUTIL
  +--> ?PR?_PRINTLN_STR?PRINT

?PR?_PRINTLN_STR?PRINT                           -----    -----      -----    -----      -----    -----
  +--> ?PR?_PRINT_STR?PRINT
  +--> ?PR?PRINT_CR_LF?PRINT

?PR?SYSUTIL_SHOW_COMPILE_DATE?SYSUTIL            -----    -----      -----    -----      -----    -----
  +--> ?CO?SYSUTIL
  +--> ?PR?_PRINT_STR?PRINT
  +--> ?PR?SYSUTIL
  +--> ?PR?_PRINTLN_STR?PRINT

?PR?SYSUTIL_SHOW_HW_VER?SYSUTIL                  -----    -----      -----    -----      -----    -----
  +--> ?CO?SYSUTIL
  +--> ?PR?_PRINT_STR?PRINT
  +--> ?PR?GET_HW_VERSION?HWPORT
  +--> ?PR?_PRINT_CH?PRINT
  +--> ?PR?PRINT_CR_LF?PRINT

?PR?H2_POST_RESET?H2                             -----    -----      -----    -----      -----    -----
  +--> ?PR?_H2_SETUP_CPU_IF?H2
  +--> ?PR?H2_SERDES_MACRO_PHASE_LOOP_LOCKED...
  +--> ?CO?H2
  +--> ?PR?_PRINTLN_STR?PRINT
  +--> ?PR?H2_SERDES_MACRO_CONFIG?H2SDCFG
  +--> ?PR?H2
  +--> ?PR?_START_TIMER?TIMER
  +--> ?PR?TIMEOUT?TIMER
  +--> ?PR?_SYSUTIL_ASSERT_EVENT_SET?SYSUTIL
  +--> ?PR?_H2_WRITE_MASKED?H2IOUTIL
  +--> ?PR?H2_MACTAB_CLEAR?H2MACTAB
  +--> ?PR?H2_VLAN_CLEAR_TAB?H2VLAN
  +--> ?PR?_DELAY?TIMER
  +--> ?PR?H2_MACTAB_AGETIME_SET?H2MACTAB
  +--> ?PR?_FERRET_BUF_CONF_SET?H2

?PR?H2_SERDES_MACRO_PHASE_LOOP_LOCKED...         -----    -----      -----    -----      -----    -----
  +--> ?PR?H2SDCFG
  +--> ?PR?_DELAY_1?TIMER
BL51 BANKED LINKER/LOCATER V6.22.2.0                                                  11/10/2021  11:46:14  PAGE 11


  +--> ?PR?_H2_WRITE_MASKED?H2IOUTIL

?PR?H2_SERDES_MACRO_CONFIG?H2SDCFG               -----    -----      -----    -----      -----    -----
  +--> ?PR?_H2_SD6G_CFG?H2SDCFG
  +--> ?PR?_H2_SD1G_CFG?H2SDCFG

?PR?_H2_SD6G_CFG?H2SDCFG                         -----    -----      -----    -----      E2DFH    00B5H
  +--> ?PR?_H2_SD6G_READ?H2SDCFG
  +--> ?PR?H2SDCFG
  +--> ?PR?_H2_WRITE_MASKED?H2IOUTIL
  +--> ?PR?_DELAY_1?TIMER
  +--> ?PR?_H2_SD6G_WRITE?H2SDCFG

?PR?_H2_SD6G_READ?H2SDCFG                        -----    -----      -----    -----      E394H    0004H
  +--> ?PR?H2SDCFG

?PR?_H2_SD6G_WRITE?H2SDCFG                       -----    -----      -----    -----      E394H    0004H
  +--> ?PR?H2SDCFG

?PR?_H2_SD1G_CFG?H2SDCFG                         -----    -----      -----    -----      E2DAH    0029H
  +--> ?PR?_H2_SD1G_READ?H2SDCFG
  +--> ?PR?H2SDCFG
  +--> ?PR?_H2_WRITE_MASKED?H2IOUTIL
  +--> ?PR?_H2_SD1G_WRITE?H2SDCFG

?PR?_H2_SD1G_READ?H2SDCFG                        -----    -----      -----    -----      E303H    0004H
  +--> ?PR?H2SDCFG

?PR?_H2_SD1G_WRITE?H2SDCFG                       -----    -----      -----    -----      E303H    0004H
  +--> ?PR?H2SDCFG

?PR?H2                                           -----    -----      -----    -----      -----    -----
  +--> ?PR?_WM_ENC?H2

?PR?H2_MACTAB_CLEAR?H2MACTAB                     -----    -----      -----    -----      -----    -----
  +--> ?PR?H2MACTAB
  +--> ?PR?_DO_MACTAB_CMD?H2MACTAB

?PR?_DO_MACTAB_CMD?H2MACTAB                      -----    -----      -----    -----      E2FDH    0004H
  +--> ?PR?H2MACTAB

?PR?H2_VLAN_CLEAR_TAB?H2VLAN                     -----    -----      -----    -----      -----    -----
  +--> ?PR?__H2_VLAN_DO_COMMAND?H2VLAN

?PR?__H2_VLAN_DO_COMMAND?H2VLAN                  -----    -----      -----    -----      -----    -----
  +--> ?PR?_START_TIMER?TIMER
  +--> ?PR?TIMEOUT?TIMER

?PR?H2_MACTAB_AGETIME_SET?H2MACTAB               -----    -----      -----    -----      -----    -----
  +--> ?PR?H2MACTAB
  +--> ?PR?_H2_WRITE_MASKED?H2IOUTIL

?PR?_FERRET_BUF_CONF_SET?H2                      -----    -----      -----    -----      E2CAH    00E1H
  +--> ?PR?H2
  +--> ?PR?_WM_ENC?H2
  +--> ?PR?_UPORT2CPORT?HWPORT

BL51 BANKED LINKER/LOCATER V6.22.2.0                                                  11/10/2021  11:46:14  PAGE 12


?PR?_UPORT2CPORT?HWPORT                          -----    -----      -----    -----      -----    -----
  +--> ?CO?HWPORT

?PR?GPIO_INIT?HWPORT                             -----    -----      -----    -----      -----    -----
  +--> ?PR?H2_SGPIO_ENABLE?H2GPIOS

?PR?H2_SGPIO_ENABLE?H2GPIOS                      -----    -----      -----    -----      E2CAH    0001H
  +--> ?PR?_H2_GPIO_MODE_SET?H2GPIOS
  +--> ?PR?_H2_WRITE_MASKED?H2IOUTIL
  +--> ?PR?_H2_SGPIO_WRITE?H2GPIOS

?PR?_H2_GPIO_MODE_SET?H2GPIOS                    -----    -----      -----    -----      E2CCH    0005H
  +--> ?PR?H2GPIOS
  +--> ?PR?_H2_WRITE_MASKED?H2IOUTIL

?PR?_H2_SGPIO_WRITE?H2GPIOS                      -----    -----      -----    -----      E2E6H    0004H
  +--> ?PR?H2GPIOS
  +--> ?PR?_H2_WRITE_MASKED?H2IOUTIL
  +--> ?PR?_DELAY_1?TIMER

?PR?FLASH_LOAD_CONFIG?SPIFLASH                   -----    -----      -----    -----      E2CAH    0002H

?PR?SYSUTIL_HANG?SYSUTIL                         -----    -----      -----    -----      E2CAH    0001H
  +--> ?PR?SYSUTIL_ASSERT_EVENT_GET?SYSUTIL
  +--> ?PR?_DELAY_1?TIMER
  +--> ?CO?SYSUTIL
  +--> ?PR?_PRINT_STR?PRINT
  +--> ?PR?_PRINT_HEX_B?PRINT
  +--> ?PR?SYSUTIL_SHOW_SW_VER?SYSUTIL
  +--> ?PR?SYSUTIL_SHOW_COMPILE_DATE?SYSUTIL

?PR?_PRINT_HEX_B?PRINT                           -----    -----      -----    -----      E324H    0001H
  +--> ?PR?_HEX_TO_ASCII_NIB?MISC1
  +--> ?PR?_UART_PUT_BYTE?UARTDRV

?PR?PHY_HW_INIT?HWPORT                           -----    -----      -----    -----      E2CAH    0005H
  +--> ?PR?_START_TIMER?TIMER
  +--> ?PR?HWPORT
  +--> ?PR?TIMEOUT?TIMER
  +--> ?PR?_DELAY_1?TIMER
  +--> ?PR?_H2_WRITE_MASKED?H2IOUTIL

?PR?H2_INIT_PORTS?H2                             -----    -----      -----    -----      E2CAH    0006H
  +--> ?PR?_UPORT2CPORT?HWPORT
  +--> ?PR?H2
  +--> ?PR?_H2_SETUP_PORT?H2
  +--> ?PR?__PORT_RESET?H2
  +--> ?PR?_H2_WRITE_MASKED?H2IOUTIL
  +--> ?PR?VTSS_UPDATE_MASKS?H2

?PR?_H2_SETUP_PORT?H2                            -----    -----      -----    -----      E2DBH    0002H
  +--> ?PR?__PORT_RESET?H2
  +--> ?PR?__SETUP_PORT?H2
  +--> ?PR?__SETUP_PCS?H2

?PR?__PORT_RESET?H2                              -----    -----      -----    -----      E2DDH    0002H
  +--> ?PR?__FERRET_PORT_RESET?H2
BL51 BANKED LINKER/LOCATER V6.22.2.0                                                  11/10/2021  11:46:14  PAGE 13


  +--> ?PR?_H2_MACTAB_FLUSH_PORT?H2MACTAB

?PR?__FERRET_PORT_RESET?H2                       -----    -----      -----    -----      E2E0H    0007H
  +--> ?PR?H2
  +--> ?PR?_H2_WRITE_MASKED?H2IOUTIL
  +--> ?PR?_DELAY_1?TIMER
  +--> ?PR?__SETUP_MAC?H2
  +--> ?PR?_H2_SETUP_FLOW_CONTROL?H2FLOWC

?PR?__SETUP_MAC?H2                               -----    -----      -----    -----      E2E7H    0013H
  +--> ?PR?H2
  +--> ?PR?_H2_WRITE_MASKED?H2IOUTIL
  +--> ?PR?_DELAY_1?TIMER
  +--> ?PR?_PHY_MAP_MIIM_NO?PHYMAP

?PR?_PHY_MAP_MIIM_NO?PHYMAP                      -----    -----      -----    -----      -----    -----
  +--> ?PR?PHYMAP

?PR?_H2_SETUP_FLOW_CONTROL?H2FLOWC               -----    -----      -----    -----      E2E7H    0003H
  +--> ?PR?_PHY_FLOWCONTROL_GET?PHYTSK
  +--> ?PR?__FERRET_PORT_FC_SETUP?H2FLOWC

?PR?_PHY_FLOWCONTROL_GET?PHYTSK                  -----    -----      -----    -----      -----    -----
  +--> ?PR?PHYTSK

?PR?__FERRET_PORT_FC_SETUP?H2FLOWC               -----    -----      -----    -----      E2EAH    003AH
  +--> ?PR?H2FLOWC
  +--> ?PR?_GET_MAC_ADDR?HWPORT
  +--> ?PR?_H2_WRITE_MASKED?H2IOUTIL
  +--> ?PR?_UPORT2CPORT?HWPORT
  +--> ?PR?_PORT_LINK_MODE_GET?PHYTSK
  +--> ?PR?_WM_ENC?H2FLOWC

?PR?_GET_MAC_ADDR?HWPORT                         -----    -----      -----    -----      E324H    0004H
  +--> ?PR?_FLASH_READ_MAC_ADDR?SPIFLASH

?PR?_PORT_LINK_MODE_GET?PHYTSK                   -----    -----      -----    -----      -----    -----
  +--> ?PR?PHYTSK

?PR?_H2_MACTAB_FLUSH_PORT?H2MACTAB               -----    -----      -----    -----      E2DFH    0001H
  +--> ?PR?H2MACTAB
  +--> ?PR?_H2_MACTAB_AGE?H2MACTAB

?PR?_H2_MACTAB_AGE?H2MACTAB                      -----    -----      -----    -----      E2E0H    0005H
  +--> ?PR?H2MACTAB
  +--> ?PR?_H2_WRITE_MASKED?H2IOUTIL
  +--> ?PR?_DO_MACTAB_CMD?H2MACTAB

?PR?__SETUP_PORT?H2                              -----    -----      -----    -----      E2DDH    0003H
  +--> ?PR?_H2_SETUP_FLOW_CONTROL?H2FLOWC
  +--> ?PR?_H2_ENABLE_EXC_COL_DROP?H2
  +--> ?PR?H2
  +--> ?PR?_H2_WRITE_MASKED?H2IOUTIL
  +--> ?PR?__FERRET_PORT_RESET?H2
  +--> ?PR?VTSS_UPDATE_MASKS?H2

?PR?_H2_ENABLE_EXC_COL_DROP?H2                   -----    -----      -----    -----      E2E0H    0001H
BL51 BANKED LINKER/LOCATER V6.22.2.0                                                  11/10/2021  11:46:14  PAGE 14


  +--> ?PR?H2
  +--> ?PR?_H2_WRITE_MASKED?H2IOUTIL

?PR?__SETUP_PCS?H2                               -----    -----      -----    -----      E2DDH    000BH
  +--> ?PR?_PHY_MAP_MIIM_NO?PHYMAP
  +--> ?PR?_PHY_MAP_SERDES?PHYMAP
  +--> ?PR?H2
  +--> ?PR?_H2_WRITE_MASKED?H2IOUTIL
  +--> ?PR?_H2_PCS1G_CLOCK_SET?H2PCS1G

?PR?_PHY_MAP_SERDES?PHYMAP                       -----    -----      -----    -----      -----    -----
  +--> ?PR?PHYMAP

?PR?_H2_PCS1G_CLOCK_SET?H2PCS1G                  -----    -----      -----    -----      E2E8H    0001H
  +--> ?PR?H2PCS1G
  +--> ?PR?_H2_WRITE_MASKED?H2IOUTIL
  +--> ?PR?_DELAY_1?TIMER

?PR?PHY_TSK_INIT?PHYTSK                          -----    -----      -----    -----      E2CAH    0002H
  +--> ?PR?PHYTSK
  +--> ?PR?_UPORT2CPORT?HWPORT
  +--> ?PR?_PHY_INIT_STATE?PHYTSK
  +--> ?PR?_PHY_MAP?PHYMAP
  +--> ?PR?_PHY_MAP_SERDES?PHYMAP
  +--> ?PR?PHY_INIT?PHYTSK
  +--> ?PR?SFP_INIT?PHYTSK
  +--> ?PR?PHY_CHECK_ALL?PHYTSK

?PR?_PHY_INIT_STATE?PHYTSK                       -----    -----      -----    -----      E2CCH    0001H
  +--> ?PR?_PHY_MAP?PHYMAP
  +--> ?PR?_PHY_WRITE_MASKED?PHYDRV
  +--> ?PR?_PHY_MAP_SERDES?PHYMAP

?PR?_PHY_MAP?PHYMAP                              -----    -----      -----    -----      -----    -----
  +--> ?PR?PHYMAP

?PR?_PHY_WRITE_MASKED?PHYDRV                     -----    -----      002EH    0006H      -----    -----
  +--> ?PR?_PHY_READ?PHYDRV
  +--> ?PR?_PHY_WRITE?PHYDRV

?PR?_PHY_READ?PHYDRV                             -----    -----      0034H    0004H      -----    -----
  +--> ?PR?_PHY_MAP?PHYMAP
  +--> ?PR?__PHY_READ_REG_DATA?PHYDRV

?PR?__PHY_READ_REG_DATA?PHYDRV                   -----    -----      0038H    000AH      -----    -----
  +--> ?PR?_PHY_MAP_MIIM_NO?PHYMAP
  +--> ?PR?_PHY_MAP_PHY_NO?PHYMAP
  +--> ?PR?PHYDRV
  +--> ?PR?_PHY_AWAIT_COMPLETED?PHYDRV

?PR?_PHY_MAP_PHY_NO?PHYMAP                       -----    -----      -----    -----      -----    -----
  +--> ?PR?PHYMAP
  +--> ?CO?PHYMAP

?PR?_PHY_AWAIT_COMPLETED?PHYDRV                  -----    -----      0042H    0005H      -----    -----
  +--> ?PR?PHYDRV

BL51 BANKED LINKER/LOCATER V6.22.2.0                                                  11/10/2021  11:46:14  PAGE 15


?PR?_PHY_WRITE?PHYDRV                            -----    -----      0034H    0005H      -----    -----
  +--> ?PR?_PHY_MAP?PHYMAP
  +--> ?PR?_PHY_MAP_MIIM_NO?PHYMAP
  +--> ?PR?_PHY_MAP_PHY_NO?PHYMAP
  +--> ?PR?PHYDRV
  +--> ?PR?_PHY_AWAIT_COMPLETED?PHYDRV

?PR?PHY_INIT?PHYTSK                              -----    -----      -----    -----      E2CCH    0004H
  +--> ?PR?_DELAY?TIMER
  +--> ?PR?_PHY_PRE_RESET?PHYDRV
  +--> ?PR?_PHY_PAGE_STD?PHYDRV
  +--> ?PR?PHYTSK
  +--> ?PR?_UPORT2CPORT?HWPORT
  +--> ?PR?_PHY_MAP?PHYMAP
  +--> ?PR?_PHY_PAGE_TR?PHYDRV
  +--> ?PR?_PHY_WRITE?PHYDRV
  +--> ?PR?_PHY_SETUP?PHYDRV
  +--> ?PR?_PHY_POST_RESET?PHYDRV
  +--> ?PR?_PHY_POWER_DOWN?PHYDRV
  +--> ?PR?_PHY_READ?PHYDRV

?PR?_PHY_PRE_RESET?PHYDRV                        -----    -----      -----    -----      E2D0H    0004H
  +--> ?PR?_PHY_READ_ID?PHY_BASE

?PR?_PHY_READ_ID?PHY_BASE                        -----    -----      -----    -----      E2DEH    0008H
  +--> ?PR?_PHY_MAP?PHYMAP
  +--> ?PR?PHY_BASE
  +--> ?PR?_PHY_READ?PHYDRV

?PR?_PHY_PAGE_STD?PHYDRV                         -----    -----      -----    -----      -----    -----
  +--> ?PR?_PHY_WRITE?PHYDRV

?PR?_PHY_PAGE_TR?PHYDRV                          -----    -----      -----    -----      -----    -----
  +--> ?PR?_PHY_WRITE?PHYDRV

?PR?_PHY_SETUP?PHYDRV                            -----    -----      -----    -----      E2D0H    0004H
  +--> ?PR?_PHY_READ_ID?PHY_BASE

?PR?_PHY_POST_RESET?PHYDRV                       -----    -----      -----    -----      E2D0H    0004H
  +--> ?PR?_PHY_READ_ID?PHY_BASE

?PR?_PHY_POWER_DOWN?PHYDRV                       -----    -----      -----    -----      -----    -----
  +--> ?PR?PHYDRV
  +--> ?PR?_PHY_WRITE_MASKED?PHYDRV

?PR?SFP_INIT?PHYTSK                              -----    -----      -----    -----      -----    -----
  +--> ?PR?_H2_GPIO_MODE_SET?H2GPIOS
  +--> ?PR?_H2_GPIO_WRITE?H2GPIOS
  +--> ?PR?__SFP_TX_DISABLE_SET?PHYTSK

?PR?_H2_GPIO_WRITE?H2GPIOS                       -----    -----      -----    -----      E2DAH    0001H
  +--> ?PR?H2GPIOS
  +--> ?PR?_H2_WRITE_MASKED?H2IOUTIL

?PR?__SFP_TX_DISABLE_SET?PHYTSK                  -----    -----      -----    -----      -----    -----
  +--> ?PR?_H2_GPIO_WRITE?H2GPIOS

BL51 BANKED LINKER/LOCATER V6.22.2.0                                                  11/10/2021  11:46:14  PAGE 16


?PR?PHY_CHECK_ALL?PHYTSK                         -----    -----      -----    -----      E2CCH    0003H
  +--> ?PR?PHYTSK
  +--> ?PR?_UPORT2CPORT?HWPORT
  +--> ?PR?_PHY_MAP?PHYMAP

?PR?LED_INIT?LEDTSK                              -----    -----      -----    -----      -----    -----
  +--> ?PR?LEDTSK
  +--> ?PR?_LED_UPDATE_SYSTEM?LEDTSK
  +--> ?PR?_LED_UPDATE_PORT_BY_TOWER_MODE?LE...

?PR?_LED_UPDATE_SYSTEM?LEDTSK                    -----    -----      -----    -----      -----    -----
  +--> ?PR?__LED_MODE_SET?LEDTSK

?PR?__LED_MODE_SET?LEDTSK                        0020H.7  0000H.1    -----    -----      E2E3H    0003H
  +--> ?PR?_H2_SGPIO_WRITE?H2GPIOS

?PR?_LED_UPDATE_PORT_BY_TOWER_MODE?LE...         -----    -----      -----    -----      E2CAH    0003H
  +--> ?PR?_UPORT2CPORT?HWPORT
  +--> ?PR?_PORT_LINK_MODE_GET?PHYTSK
  +--> ?PR?__LED_MODE_SET?LEDTSK

?PR?_PHY_ACTIPHY_SET?PHYTSK                      -----    -----      -----    -----      E2CAH    0003H
  +--> ?PR?PHYTSK
  +--> ?PR?_UPORT2CPORT?HWPORT
  +--> ?PR?_PHY_MAP?PHYMAP
  +--> ?PR?_PHY_PAGE_TP?PHYDRV
  +--> ?PR?_PHY_WRITE_MASKED?PHYDRV
  +--> ?PR?_PHY_PAGE_STD?PHYDRV
  +--> ?PR?_DELAY_1?TIMER

?PR?_PHY_PAGE_TP?PHYDRV                          -----    -----      -----    -----      -----    -----
  +--> ?PR?_PHY_WRITE?PHYDRV

?PR?I2C_INIT?I2C_H                               -----    -----      -----    -----      E31EH    0004H
  +--> ?PR?I2C_H

?PR?SYSUTIL_REBOOT?SYSUTIL                       -----    -----      -----    -----      -----    -----
  +--> ?PR?H2_CHIP_RESET?H2

?PR?H2_CHIP_RESET?H2                             -----    -----      -----    -----      -----    -----
  +--> ?PR?H2

?PR?CLI_TSK?CLIHND                               -----    -----      -----    -----      E2CAH    0001H
  +--> ?PR?CMD_READY?CLIHND
  +--> ?PR?SKIP_SPACES?CLIHND
  +--> ?PR?_CMP_CMD_TXT?TXT
  +--> ?PR?CLIHND
  +--> ?PR?HANDLE_SYS_CONFIG?CLIHND
  +--> ?PR?HANDLE_COMMAND?CLIHND
  +--> ?PR?UART_BYTE_READY?UARTDRV
  +--> ?PR?UART_GET_BYTE?UARTDRV
  +--> ?CO?CLIHND
  +--> ?PR?_PRINTLN_STR?PRINT
  +--> ?PR?_UART_PUT_BYTE?UARTDRV

?PR?CMD_READY?CLIHND                             -----    -----      -----    -----      E2CBH    0001H
  +--> ?PR?UART_BYTE_READY?UARTDRV
BL51 BANKED LINKER/LOCATER V6.22.2.0                                                  11/10/2021  11:46:14  PAGE 17


  +--> ?PR?UART_GET_BYTE?UARTDRV
  +--> ?PR?CLI_BACKSPACE?CLIHND
  +--> ?PR?_DELAY_1?TIMER
  +--> ?PR?CLIHND
  +--> ?PR?_UART_PUT_BYTE?UARTDRV

?PR?CLI_BACKSPACE?CLIHND                         -----    -----      -----    -----      -----    -----
  +--> ?PR?_CLI_CSI_PREFIX?CLIHND

?PR?_CLI_CSI_PREFIX?CLIHND                       -----    -----      002EH    0001H      -----    -----
  +--> ?PR?_UART_PUT_BYTE?UARTDRV

?PR?SKIP_SPACES?CLIHND                           -----    -----      -----    -----      -----    -----
  +--> ?PR?CLIHND

?PR?_CMP_CMD_TXT?TXT                             -----    -----      -----    -----      E2D2H    0009H
  +--> ?PR?TXT
  +--> ?PR?_CONV_TO_UPPER_CASE?MISC1

?PR?HANDLE_SYS_CONFIG?CLIHND                     -----    -----      -----    -----      E2CBH    0007H
  +--> ?PR?RETRIEVE_STR_PARMS?CLIHND
  +--> ?PR?_FLASH_READ_MAC_ADDR?SPIFLASH
  +--> ?PR?_PRINT_MAC_ADDR?PRINT
  +--> ?PR?PRINT_CR_LF?PRINT
  +--> ?PR?_CMP_CMD_TXT?TXT
  +--> ?PR?_CMD_RETRIEVE_MAC_ADDR?CLIHND
  +--> ?PR?_FLASH_WRITE_MAC_ADDR?SPIFLASH

?PR?RETRIEVE_STR_PARMS?CLIHND                    -----    -----      -----    -----      -----    -----
  +--> ?PR?CLIHND
  +--> ?PR?SKIP_SPACES?CLIHND

?PR?_PRINT_MAC_ADDR?PRINT                        -----    -----      -----    -----      E2E5H    0004H
  +--> ?PR?PRINT
  +--> ?PR?_PRINT_HEX_B?PRINT
  +--> ?PR?_PRINT_CH?PRINT

?PR?_CMD_RETRIEVE_MAC_ADDR?CLIHND                -----    -----      -----    -----      E2D2H    000CH
  +--> ?PR?CLIHND
  +--> ?PR?_ASCII_TO_HEX_NIB?MISC1

?PR?_ASCII_TO_HEX_NIB?MISC1                      -----    -----      -----    -----      -----    -----
  +--> ?PR?_CONV_TO_UPPER_CASE?MISC1

?PR?_FLASH_WRITE_MAC_ADDR?SPIFLASH               -----    -----      -----    -----      E2D2H    000EH
  +--> ?PR?_H2_MACTAB_SET?H2MACTAB

?PR?_H2_MACTAB_SET?H2MACTAB                      -----    -----      -----    -----      E2E0H    001DH
  +--> ?PR?H2MACTAB
  +--> ?PR?_WRITE_MACDATA_REG?H2MACTAB
  +--> ?PR?_H2_MAC_TYPE?H2MACTAB
  +--> ?PR?_BUILD_MACHDATA?H2MACTAB
  +--> ?PR?_BUILD_MACLDATA?H2MACTAB
  +--> ?PR?_DO_MACTAB_CMD?H2MACTAB

?PR?_WRITE_MACDATA_REG?H2MACTAB                  -----    -----      -----    -----      E2FDH    0002H
  +--> ?PR?_BUILD_MACHDATA?H2MACTAB
BL51 BANKED LINKER/LOCATER V6.22.2.0                                                  11/10/2021  11:46:14  PAGE 18


  +--> ?PR?H2MACTAB
  +--> ?PR?_BUILD_MACLDATA?H2MACTAB

?PR?_BUILD_MACHDATA?H2MACTAB                     -----    -----      -----    -----      E2FFH    0004H

?PR?_BUILD_MACLDATA?H2MACTAB                     -----    -----      -----    -----      E2FFH    0004H
  +--> ?PR?H2MACTAB

?PR?_H2_MAC_TYPE?H2MACTAB                        -----    -----      -----    -----      -----    -----
  +--> ?PR?_IS_IPMC_ENTRY?H2MACTAB
  +--> ?PR?_IS_IPV6MC_ENTRY?H2MACTAB

?PR?_IS_IPMC_ENTRY?H2MACTAB                      -----    -----      -----    -----      -----    -----
  +--> ?PR?H2MACTAB

?PR?_IS_IPV6MC_ENTRY?H2MACTAB                    -----    -----      -----    -----      -----    -----
  +--> ?PR?H2MACTAB

?PR?HANDLE_COMMAND?CLIHND                        -----    -----      -----    -----      E2CBH    0004H
  +--> ?PR?CLIHND
  +--> ?PR?RETRIEVE_PARMS?CLIHND
  +--> ?PR?_CONV_TO_UPPER_CASE?MISC1
  +--> ?PR?CLI_SHOW_SW_VER?CLIHND
  +--> ?PR?CLI_SHOW_PORT_INFO?CLIHND
  +--> ?PR?_PRINT_PARSE_INFO_32?PRINT
  +--> ?PR?_PHY_WRITE?PHYDRV
  +--> ?PR?PRINT_HEX_PREFIX?PRINT
  +--> ?PR?_PHY_READ?PHYDRV
  +--> ?PR?_PRINT_HEX_W?PRINT
  +--> ?PR?PRINT_CR_LF?PRINT
  +--> ?PR?_CLI_SHOW_MAC_ADDR?CLIHND
  +--> ?PR?_H2_MACTAB_FLUSH_PORT?H2MACTAB
  +--> ?PR?CLI_SHOW_HELP_MSG?CLIHND
  +--> ?PR?_PHY_FLOWCONTROL_SET?PHYTSK
  +--> ?PR?_PHY_STATE_TO_SETUP?PHYTSK
  +--> ?PR?_UPORT2CPORT?HWPORT
  +--> ?PR?_IS_PORT_LINK?PHYTSK
  +--> ?PR?_H2_ENABLE_EXC_COL_DROP?H2
  +--> ?PR?_PRINT_PORT_STATISTICS?H2STATS
  +--> ?PR?_H2_STATS_COUNTER_CLEAR?H2STATS
  +--> ?PR?H2_RESET?H2
  +--> ?PR?_SYSUTIL_SET_SUSPEND?SYSUTIL

?PR?RETRIEVE_PARMS?CLIHND                        -----    -----      -----    -----      E2CFH    0012H
  +--> ?PR?CLIHND
  +--> ?PR?SKIP_SPACES?CLIHND
  +--> ?PR?_CONV_TO_UPPER_CASE?MISC1
  +--> ?PR?_ASCII_TO_HEX_NIB?MISC1

?PR?CLI_SHOW_SW_VER?CLIHND                       -----    -----      -----    -----      E2CFH    0002H
  +--> ?PR?SYSUTIL_SHOW_CHIP_ID?SYSUTIL
  +--> ?PR?SYSUTIL_SHOW_SW_VER?SYSUTIL
  +--> ?PR?SYSUTIL_SHOW_COMPILE_DATE?SYSUTIL
  +--> ?PR?SYSUTIL_SHOW_HW_VER?SYSUTIL
  +--> ?CO?CLIHND
  +--> ?PR?_PRINT_STR?PRINT
  +--> ?PR?_PRINT_SPACES?PRINT
BL51 BANKED LINKER/LOCATER V6.22.2.0                                                  11/10/2021  11:46:14  PAGE 19


  +--> ?PR?_PRINT_DEC?PRINT
  +--> ?PR?PRINT_CR_LF?PRINT
  +--> ?PR?_PRINTLN_STR?PRINT
  +--> ?PR?CLIHND
  +--> ?PR?_UPORT2CPORT?HWPORT
  +--> ?PR?_PHY_MAP?PHYMAP
  +--> ?PR?_PHY_MAP_SERDES?PHYMAP
  +--> ?PR?_PRINT_PORT_MAC_ADDR?PRINT
  +--> ?PR?_PHY_MAP_MIIM_NO?PHYMAP
  +--> ?PR?_PHY_MAP_PHY_NO?PHYMAP
  +--> ?PR?_PRINT_DEC_8_RIGHT_2?PRINT

?PR?_PRINT_SPACES?PRINT                          -----    -----      -----    -----      E2E5H    0001H
  +--> ?PR?PRINT
  +--> ?PR?_UART_PUT_BYTE?UARTDRV

?PR?_PRINT_DEC?PRINT                             -----    -----      -----    -----      E31EH    000FH
  +--> ?PR?PRINT
  +--> ?PR?_UART_PUT_BYTE?UARTDRV

?PR?_PRINT_PORT_MAC_ADDR?PRINT                   -----    -----      -----    -----      E2D1H    0006H
  +--> ?PR?_GET_MAC_ADDR?HWPORT
  +--> ?PR?_PRINT_MAC_ADDR?PRINT

?PR?_PRINT_DEC_8_RIGHT_2?PRINT                   -----    -----      -----    -----      E2E3H    0001H
  +--> ?PR?PRINT
  +--> ?PR?_UART_PUT_BYTE?UARTDRV

?PR?CLI_SHOW_PORT_INFO?CLIHND                    -----    -----      -----    -----      E2CFH    000FH
  +--> ?CO?CLIHND
  +--> ?PR?_PRINT_STR?PRINT
  +--> ?PR?_PRINT_SPACES?PRINT
  +--> ?PR?_PRINTLN_STR?PRINT
  +--> ?PR?_PRINT_LINE?PRINT
  +--> ?PR?PRINT_CR_LF?PRINT
  +--> ?PR?CLIHND
  +--> ?PR?_UPORT2CPORT?HWPORT
  +--> ?PR?_PHY_READ_ID?PHY_BASE
  +--> ?PR?_PHY_MAP_MIIM_NO?PHYMAP
  +--> ?PR?_PHY_MAP_PHY_NO?PHYMAP
  +--> ?PR?_PORT_LINK_MODE_GET?PHYTSK
  +--> ?PR?_PORT_INFO_FORMAT_OUTPUT?CLIHND

?PR?_PRINT_LINE?PRINT                            -----    -----      -----    -----      E2DEH    0001H
  +--> ?PR?PRINT
  +--> ?PR?_UART_PUT_BYTE?UARTDRV

?PR?_PORT_INFO_FORMAT_OUTPUT?CLIHND              -----    -----      -----    -----      E2DEH    0005H
  +--> ?PR?_PRINT_SPACES?PRINT
  +--> ?PR?CLIHND
  +--> ?PR?_PRINT_DEC_8_RIGHT_2?PRINT
  +--> ?PR?PRINT_HEX_PREFIX?PRINT
  +--> ?PR?_PRINT_HEX_B?PRINT
  +--> ?PR?_PHY_MAP?PHYMAP
  +--> ?PR?_PRINT_PHY_MODEL_2_TXT?CLIHND
  +--> ?CO?CLIHND
  +--> ?PR?_PRINT_N_STR?PRINT
BL51 BANKED LINKER/LOCATER V6.22.2.0                                                  11/10/2021  11:46:14  PAGE 20


  +--> ?PR?_PRINT_STR?PRINT
  +--> ?PR?PRINT_CR_LF?PRINT

?PR?PRINT_HEX_PREFIX?PRINT                       -----    -----      -----    -----      -----    -----
  +--> ?PR?_UART_PUT_BYTE?UARTDRV

?PR?_PRINT_PHY_MODEL_2_TXT?CLIHND                -----    -----      -----    -----      -----    -----
  +--> ?CO?CLIHND
  +--> ?PR?_PRINT_N_STR?PRINT

?PR?_PRINT_N_STR?PRINT                           -----    -----      -----    -----      E2E3H    0004H
  +--> ?PR?PRINT
  +--> ?PR?_UART_PUT_BYTE?UARTDRV

?PR?_PRINT_PARSE_INFO_32?PRINT                   -----    -----      -----    -----      E2CFH    0004H
  +--> ?CO?PRINT
  +--> ?PR?_PRINT_STR?PRINT
  +--> ?PR?PRINT_CR_LF?PRINT
  +--> ?PR?PRINT_HEX_PREFIX?PRINT
  +--> ?PR?_PRINT_HEX_DW?PRINT
  +--> ?PR?_PRINT_DEC_RIGHT?PRINT
  +--> ?PR?_PRINT_BINARY_32?PRINT
  +--> ?PR?_PRINT_SPACES?PRINT

?PR?_PRINT_HEX_DW?PRINT                          -----    -----      -----    -----      E31EH    0004H
  +--> ?PR?_PRINT_HEX_W?PRINT

?PR?_PRINT_HEX_W?PRINT                           -----    -----      -----    -----      E322H    0002H
  +--> ?PR?_PRINT_HEX_B?PRINT

?PR?_PRINT_DEC_RIGHT?PRINT                       -----    -----      -----    -----      -----    -----
  +--> ?PR?_PRINT_DEC_32?PRINT

?PR?_PRINT_DEC_32?PRINT                          -----    -----      -----    -----      E2DAH    0011H
  +--> ?PR?_UART_PUT_BYTE?UARTDRV
  +--> ?PR?PRINT

?PR?_PRINT_BINARY_32?PRINT                       -----    -----      -----    -----      E2D3H    0005H
  +--> ?PR?_UART_PUT_BYTE?UARTDRV

?PR?_CLI_SHOW_MAC_ADDR?CLIHND                    -----    -----      -----    -----      E2CFH    0016H
  +--> ?PR?_H2_MACTAB_GET_NEXT?H2MACTAB
  +--> ?PR?_PRINT_MAC_ADDR?PRINT
  +--> ?PR?_PRINT_SPACES?PRINT
  +--> ?CO?CLIHND
  +--> ?PR?_PRINT_STR?PRINT
  +--> ?PR?_PRINT_PORT_LIST?PRINT
  +--> ?PR?PRINT_CR_LF?PRINT
  +--> ?PR?_PRINT_DEC?PRINT

?PR?_H2_MACTAB_GET_NEXT?H2MACTAB                 -----    -----      -----    -----      E2E5H    0007H
  +--> ?PR?_WRITE_MACDATA_REG?H2MACTAB
  +--> ?PR?_H2_MAC_TYPE?H2MACTAB
  +--> ?PR?H2MACTAB
  +--> ?PR?_DO_MACTAB_CMD?H2MACTAB
  +--> ?PR?_H2_MACTAB_RESULT?H2MACTAB

BL51 BANKED LINKER/LOCATER V6.22.2.0                                                  11/10/2021  11:46:14  PAGE 21


?PR?_H2_MACTAB_RESULT?H2MACTAB                   -----    -----      -----    -----      E2ECH    001CH
  +--> ?PR?H2MACTAB

?PR?_PRINT_PORT_LIST?PRINT                       -----    -----      -----    -----      E2E5H    0006H
  +--> ?CO?PRINT
  +--> ?PR?_PRINT_STR?PRINT
  +--> ?PR?_PRINT_CH?PRINT
  +--> ?PR?_CPORT2UPORT?HWPORT
  +--> ?PR?_PRINT_DEC?PRINT

?PR?_CPORT2UPORT?HWPORT                          -----    -----      -----    -----      -----    -----
  +--> ?CO?HWPORT

?PR?CLI_SHOW_HELP_MSG?CLIHND                     -----    -----      -----    -----      -----    -----
  +--> ?CO?CLIHND
  +--> ?PR?_PRINTLN_STR?PRINT

?PR?_PHY_FLOWCONTROL_SET?PHYTSK                  -----    -----      -----    -----      -----    -----
  +--> ?PR?PHYTSK

?PR?_PHY_STATE_TO_SETUP?PHYTSK                   -----    -----      -----    -----      E2CFH    0001H
  +--> ?PR?_PHY_MAP?PHYMAP
  +--> ?PR?PHYTSK
  +--> ?PR?_DO_LINK_DOWN?PHYTSK
  +--> ?PR?_PHY_WRITE?PHYDRV
  +--> ?PR?_PHY_WRITE_MASKED?PHYDRV
  +--> ?PR?_PHY_MAP_SERDES?PHYMAP

?PR?_DO_LINK_DOWN?PHYTSK                         -----    -----      -----    -----      E2DAH    0001H
  +--> ?PR?PHYTSK
  +--> ?PR?_PHY_MAP?PHYMAP
  +--> ?PR?_PHY_DO_LINK_DOWN_SETTINGS?PHYDRV
  +--> ?PR?_H2_SETUP_PORT?H2
  +--> ?PR?_CALLBACK_LINK_DOWN?EVENT

?PR?_PHY_DO_LINK_DOWN_SETTINGS?PHYDRV            -----    -----      -----    -----      E2DBH    0001H
  +--> ?PR?PHYDRV
  +--> ?PR?_PHY_WRITE_MASKED?PHYDRV
  +--> ?PR?_DELAY_1?TIMER

?PR?_CALLBACK_LINK_DOWN?EVENT                    -----    -----      -----    -----      -----    -----
  +--> ?PR?LED_REFRESH?LEDTSK

?PR?_IS_PORT_LINK?PHYTSK                         -----    -----      -----    -----      -----    -----
  +--> ?PR?PHYTSK

?PR?_PRINT_PORT_STATISTICS?H2STATS               -----    -----      -----    -----      E2CFH    000BH
  +--> ?PR?H2STATS
  +--> ?PR?_PRINT_TXT?TXT
  +--> ?PR?_TXT_LEN?TXT
  +--> ?PR?_PRINT_LINE?PRINT
  +--> ?PR?PRINT_CR_LF?PRINT
  +--> ?CO?H2STATS
  +--> ?PR?_PRINT_TXT_LEFT?TXT
  +--> ?PR?_H2_STATS_COUNTER_GET?H2STATS
  +--> ?PR?_PRINT_DEC_RIGHT?PRINT
  +--> ?PR?_PRINT_STR?PRINT
BL51 BANKED LINKER/LOCATER V6.22.2.0                                                  11/10/2021  11:46:14  PAGE 22


  +--> ?PR?_PRINT_SPACES?PRINT

?PR?_PRINT_TXT?TXT                               -----    -----      -----    -----      E2DDH    0001H
  +--> ?PR?TXT
  +--> ?PR?_PRINT_STR?PRINT
  +--> ?CO?TXT
  +--> ?PR?_PRINT_HEX_B?PRINT
  +--> ?PR?PRINT_CR_LF?PRINT

?PR?_TXT_LEN?TXT                                 -----    -----      -----    -----      -----    -----
  +--> ?PR?TXT
  +--> ?PR?_STRLEN?STRLEN

?PR?_PRINT_TXT_LEFT?TXT                          -----    -----      -----    -----      E2DAH    0003H
  +--> ?PR?_TXT_LEN?TXT
  +--> ?PR?_PRINT_TXT?TXT
  +--> ?PR?_PRINT_SPACES?PRINT

?PR?_H2_STATS_COUNTER_GET?H2STATS                -----    -----      -----    -----      E2DAH    0009H
  +--> ?PR?__H2_STATS_COUNTER_GET_PRIVATE?H2...

?PR?__H2_STATS_COUNTER_GET_PRIVATE?H2...         -----    -----      -----    -----      E2E3H    0006H
  +--> ?PR?_H2_WRITE_MASKED?H2IOUTIL

?PR?H2_RESET?H2                                  -----    -----      -----    -----      -----    -----
  +--> ?PR?H2
  +--> ?PR?_H2_WRITE_MASKED?H2IOUTIL

?PR?HANDLE_TIMEOUT_EVENT_10MS?MAIN               -----    -----      -----    -----      -----    -----
  +--> ?PR?PHY_TIMER_10?PHYTSK
  +--> ?PR?PHY_TSK?PHYTSK

?PR?PHY_TSK?PHYTSK                               -----    -----      -----    -----      E2CAH    0002H
  +--> ?PR?PHYTSK
  +--> ?PR?_UPORT2CPORT?HWPORT
  +--> ?PR?_PHY_MAP?PHYMAP
  +--> ?PR?_HANDLE_PHY?PHYTSK
  +--> ?PR?_PHY_MAP_SERDES?PHYMAP
  +--> ?PR?_HANDLE_SERDES?PHYTSK

?PR?_HANDLE_PHY?PHYTSK                           -----    -----      -----    -----      E2CCH    0004H
  +--> ?PR?PHYTSK
  +--> ?PR?_PHY_FLOWCONTROL_GET?PHYTSK
  +--> ?PR?_PHY_WRITE?PHYDRV
  +--> ?PR?_PHY_RESTART_ANEG?PHYDRV
  +--> ?PR?_H2_SETUP_PORT?H2
  +--> ?PR?_PHY_DO_LINK_UP_SETTINGS?PHYDRV
  +--> ?PR?_DO_LINK_UP?PHYTSK
  +--> ?PR?_PHY_READ?PHYDRV
  +--> ?PR?_PHY_WRITE_MASKED?PHYDRV
  +--> ?PR?_DO_LINK_DOWN?PHYTSK
  +--> ?PR?_PHY_LINK_MODE_GET?PHYTSK

?PR?_PHY_RESTART_ANEG?PHYDRV                     -----    -----      -----    -----      -----    -----
  +--> ?PR?_PHY_WRITE_MASKED?PHYDRV
  +--> ?PR?_DELAY_1?TIMER

BL51 BANKED LINKER/LOCATER V6.22.2.0                                                  11/10/2021  11:46:14  PAGE 23


?PR?_PHY_DO_LINK_UP_SETTINGS?PHYDRV              -----    -----      -----    -----      E2D0H    0003H
  +--> ?PR?PHYDRV
  +--> ?PR?_PHY_WRITE_MASKED?PHYDRV
  +--> ?PR?_PHY_RECEIVER_RECONFIG?PHYDRV

?PR?_PHY_RECEIVER_RECONFIG?PHYDRV                -----    -----      -----    -----      E2D3H    0008H
  +--> ?PR?_PHY_READ_ID?PHY_BASE
  +--> ?PR?_PHY_PAGE_TR?PHYDRV
  +--> ?PR?_PHY_WRITE?PHYDRV
  +--> ?PR?_PHY_READ?PHYDRV
  +--> ?PR?_PHY_PAGE_TP?PHYDRV
  +--> ?PR?PHYDRV
  +--> ?PR?_PHY_WRITE_MASKED?PHYDRV
  +--> ?PR?_PHY_PAGE_STD?PHYDRV

?PR?_DO_LINK_UP?PHYTSK                           -----    -----      -----    -----      E2DAH    0002H
  +--> ?PR?PHYTSK
  +--> ?PR?VTSS_UPDATE_MASKS?H2
  +--> ?PR?_PHY_READ?PHYDRV
  +--> ?PR?_CALLBACK_LINK_UP?EVENT

?PR?_CALLBACK_LINK_UP?EVENT                      -----    -----      -----    -----      -----    -----
  +--> ?PR?LED_REFRESH?LEDTSK

?PR?_PHY_LINK_MODE_GET?PHYTSK                    -----    -----      -----    -----      E2D0H    0002H
  +--> ?PR?_PHY_LINK_STATUS?PHYDRV
  +--> ?PR?_PHY_GET_SPEED_AND_FDX?PHYDRV
  +--> ?PR?_PHY_READ?PHYDRV
  +--> ?PR?_PHY_MMD_RD?PHYDRV

?PR?_PHY_LINK_STATUS?PHYDRV                      -----    -----      -----    -----      -----    -----
  +--> ?PR?_PHY_READ?PHYDRV

?PR?_PHY_GET_SPEED_AND_FDX?PHYDRV                -----    -----      -----    -----      -----    -----
  +--> ?PR?_PHY_READ?PHYDRV

?PR?_PHY_MMD_RD?PHYDRV                           -----    -----      -----    -----      E2D2H    0005H
  +--> ?PR?_PHY_PAGE_STD?PHYDRV
  +--> ?PR?_PHY_WRITE?PHYDRV
  +--> ?PR?_PHY_READ?PHYDRV

?PR?_HANDLE_SERDES?PHYTSK                        -----    -----      -----    -----      E2CCH    000EH
  +--> ?PR?PHYTSK
  +--> ?PR?__SFP_TX_DISABLE_SET?PHYTSK
  +--> ?PR?_H2_PCS1G_CLOCK_SET?H2PCS1G
  +--> ?PR?_DELAY_1?TIMER
  +--> ?PR?_SFP_DETECT?PHYTSK
  +--> ?PR?_PHY_MAP_SERDES_IF_RESTORE?PHYMAP
  +--> ?PR?_PHY_MAP_SERDES_IF_UPDATE?PHYMAP
  +--> ?PR?_H2_SD6G_CFG_CHANGE?H2SDCFG
  +--> ?PR?_H2_SD1G_CFG?H2SDCFG
  +--> ?PR?_H2_PCS1G_SETUP?H2PCS1G
  +--> ?PR?_PHY_FLOWCONTROL_GET?PHYTSK
  +--> ?PR?_H2_PCS1G_CLAUSE_37_CONTROL_SET?H...
  +--> ?PR?_H2_SETUP_PORT?H2
  +--> ?PR?_H2_WRITE_MASKED?H2IOUTIL
  +--> ?PR?_DO_LINK_UP?PHYTSK
BL51 BANKED LINKER/LOCATER V6.22.2.0                                                  11/10/2021  11:46:14  PAGE 24


  +--> ?PR?_SERDES_PORT_SFP_DETECT?PHYTSK
  +--> ?PR?_DO_LINK_DOWN?PHYTSK
  +--> ?PR?_SERDES_LINK_MODE_GET?PHYTSK
  +--> ?PR?_PHY_MAP_MIIM_NO?PHYMAP

?PR?_SFP_DETECT?PHYTSK                           -----    -----      -----    -----      E2DAH    001FH
  +--> ?PR?_SFP_I2C_READ?PHYTSK

?PR?_SFP_I2C_READ?PHYTSK                         -----    -----      -----    -----      E2F9H    0008H
  +--> ?PR?_PHY_MAP_SERDES?PHYMAP
  +--> ?PR?_PHY_MAP_PHY_NO?PHYMAP
  +--> ?PR?_I2C_TX?I2C_H
  +--> ?PR?_I2C_RX?I2C_H

?PR?_I2C_TX?I2C_H                                -----    -----      -----    -----      E301H    000FH
  +--> ?PR?I2C_H
  +--> ?PR?_I2C_SET_GPIO_ALT?I2C_H
  +--> ?PR?_I2C_SET_TAR_REGISTER?I2C_H
  +--> ?PR?WAIT_FOR_TX_BUFFER_EMPTY?I2C_H
  +--> ?PR?_TX_I2C_DATA?I2C_H
  +--> ?PR?_DELAY?TIMER

?PR?_I2C_SET_GPIO_ALT?I2C_H                      -----    -----      -----    -----      E31EH    0001H
  +--> ?PR?I2C_H
  +--> ?PR?_H2_WRITE_MASKED?H2IOUTIL

?PR?_I2C_SET_TAR_REGISTER?I2C_H                  -----    -----      -----    -----      E31EH    000AH
  +--> ?PR?I2C_H
  +--> ?CO?I2C_H
  +--> ?PR?_PRINTLN_STR?PRINT

?PR?WAIT_FOR_TX_BUFFER_EMPTY?I2C_H               -----    -----      -----    -----      E31EH    0004H
  +--> ?PR?_START_TIMER?TIMER
  +--> ?PR?I2C_H
  +--> ?PR?TIMEOUT?TIMER
  +--> ?CO?I2C_H
  +--> ?PR?_PRINTLN_STR?PRINT

?PR?_TX_I2C_DATA?I2C_H                           -----    -----      -----    -----      E31EH    0008H
  +--> ?PR?_START_TIMER?TIMER
  +--> ?PR?I2C_H
  +--> ?PR?TIMEOUT?TIMER
  +--> ?CO?I2C_H
  +--> ?PR?_PRINTLN_STR?PRINT

?PR?_I2C_RX?I2C_H                                -----    -----      -----    -----      E301H    001DH
  +--> ?PR?I2C_H
  +--> ?PR?_I2C_SET_GPIO_ALT?I2C_H
  +--> ?PR?_I2C_SET_TAR_REGISTER?I2C_H
  +--> ?PR?WAIT_FOR_TX_BUFFER_EMPTY?I2C_H
  +--> ?PR?_TX_I2C_DATA?I2C_H
  +--> ?CO?I2C_H
  +--> ?PR?_PRINTLN_STR?PRINT
  +--> ?PR?_START_TIMER?TIMER
  +--> ?PR?TIMEOUT?TIMER
  +--> ?PR?_PRINT_STR?PRINT
  +--> ?PR?_PRINT_DEC?PRINT
BL51 BANKED LINKER/LOCATER V6.22.2.0                                                  11/10/2021  11:46:14  PAGE 25


  +--> ?PR?PRINT_CR_LF?PRINT
  +--> ?PR?_PRINT_HEX_W?PRINT
  +--> ?PR?I2C_INIT?I2C_H
  +--> ?PR?_DELAY?TIMER
  +--> ?PR?_PRINT_HEX_DW?PRINT

?PR?_PHY_MAP_SERDES_IF_RESTORE?PHYMAP            -----    -----      002EH    000CH      -----    -----
  +--> ?CO?PHYMAP
  +--> ?PR?PHYMAP

?PR?_PHY_MAP_SERDES_IF_UPDATE?PHYMAP             -----    -----      -----    -----      -----    -----
  +--> ?PR?PHYMAP

?PR?_H2_SD6G_CFG_CHANGE?H2SDCFG                  -----    -----      -----    -----      E2DAH    0005H
  +--> ?PR?_H2_SD6G_CFG?H2SDCFG

?PR?_H2_PCS1G_SETUP?H2PCS1G                      -----    -----      -----    -----      E2DAH    0006H
  +--> ?PR?H2PCS1G
  +--> ?PR?_H2_WRITE_MASKED?H2IOUTIL
  +--> ?PR?_H2_PCS1G_CLOCK_SET?H2PCS1G

?PR?_H2_PCS1G_CLAUSE_37_CONTROL_SET?H...         -----    -----      -----    -----      E2EFH    0007H
  +--> ?PR?H2PCS1G
  +--> ?PR?_PHY_MAP_MIIM_NO?PHYMAP
  +--> ?PR?_H2_WRITE_MASKED?H2IOUTIL
  +--> ?PR?_DELAY_1?TIMER

?PR?_SERDES_PORT_SFP_DETECT?PHYTSK               -----    -----      -----    -----      E2DAH    0002H
  +--> ?PR?_PHY_MAP_SERDES?PHYMAP
  +--> ?PR?_H2_GPIO_READ?H2GPIOS

?PR?_H2_GPIO_READ?H2GPIOS                        -----    -----      -----    -----      E2DCH    0008H
  +--> ?PR?H2GPIOS

?PR?_SERDES_LINK_MODE_GET?PHYTSK                 -----    -----      -----    -----      E2DAH    0003H
  +--> ?PR?_PHY_MAP_SERDES?PHYMAP
  +--> ?PR?_PHY_MAP_MIIM_NO?PHYMAP
  +--> ?PR?_H2_PCS1G_CLAUSE_37_STATUS_GET?H2...
  +--> ?PR?_H2_PCS1G_100FX_STATUS_GET?H2PCS1G
  +--> ?PR?_H2_PCS1G_2_5G_LINK_STATUS_GET?H2...
  +--> ?PR?_DELAY_1?TIMER
  +--> ?PR?PHYTSK

?PR?_H2_PCS1G_CLAUSE_37_STATUS_GET?H2...         0020H.7  0000H.2    -----    -----      E2DDH    0012H
  +--> ?PR?H2PCS1G
  +--> ?PR?_PHY_MAP_MIIM_NO?PHYMAP
  +--> ?PR?_H2_WRITE_MASKED?H2IOUTIL
  +--> ?PR?_DELAY_1?TIMER
  +--> ?PR?_H2_PCS1G_CLAUSE_37_CONTROL_SET?H...

?PR?_H2_PCS1G_100FX_STATUS_GET?H2PCS1G           -----    -----      -----    -----      E2DDH    0009H
  +--> ?PR?H2PCS1G
  +--> ?PR?_H2_WRITE_MASKED?H2IOUTIL
  +--> ?PR?_DELAY_1?TIMER

?PR?_H2_PCS1G_2_5G_LINK_STATUS_GET?H2...         -----    -----      -----    -----      E2DDH    0009H
  +--> ?PR?H2PCS1G
BL51 BANKED LINKER/LOCATER V6.22.2.0                                                  11/10/2021  11:46:14  PAGE 26


  +--> ?PR?_H2_WRITE_MASKED?H2IOUTIL
  +--> ?PR?_DELAY_1?TIMER

?PR?HANDLE_TIMEOUT_EVENT_100MS?MAIN              -----    -----      -----    -----      -----    -----
  +--> ?PR?LED_TSK?LEDTSK
  +--> ?PR?LDETTSK?LOOPDET

?PR?LED_TSK?LEDTSK                               -----    -----      -----    -----      -----    -----
  +--> ?PR?_LED_UPDATE_PORT_BY_TOWER_MODE?LE...

?PR?LDETTSK?LOOPDET                              -----    -----      -----    -----      E2CAH    0015H
  +--> ?PR?LINKUP_CPORT_MASK_GET?PHYTSK
  +--> ?PR?_LDET_DOWN_PORTS_CLEAR?LOOPDET
  +--> ?PR?LOOPDET
  +--> ?PR?LDET_TIMER_REFRESH?LOOPDET
  +--> ?PR?_LDET_STATUS_SET?LOOPDET
  +--> ?PR?_LED_PORT_EVENT_SET?LEDTSK
  +--> ?PR?_UPORT2CPORT?HWPORT
  +--> ?PR?_H2_WRITE_MASKED?H2IOUTIL

?PR?_LDET_DOWN_PORTS_CLEAR?LOOPDET               -----    -----      -----    -----      E2DFH    0006H
  +--> ?PR?LOOPDET
  +--> ?PR?_UPORT2CPORT?HWPORT

?PR?_LED_PORT_EVENT_SET?LEDTSK                   -----    -----      -----    -----      E2DFH    0004H
  +--> ?PR?_UPORT2CPORT?HWPORT
  +--> ?PR?LEDTSK
  +--> ?PR?LED_REFRESH?LEDTSK
  +--> ?PR?__LED_MODE_SET?LEDTSK

?PR?HANDLE_TIMEOUT_EVENT_1SEC?MAIN               -----    -----      -----    -----      -----    -----
  +--> ?PR?LED_1S_TIMER?LEDTSK
  +--> ?PR?ERROR_CHECK?MAIN
  +--> ?PR?LDET_AGING_1S?LOOPDET

?PR?LED_1S_TIMER?LEDTSK                          -----    -----      -----    -----      -----    -----
  +--> ?PR?_LED_PORT_EVENT_SET?LEDTSK

?PR?ERROR_CHECK?MAIN                             -----    -----      -----    -----      -----    -----
  +--> ?PR?PHY_CHECK_ALL?PHYTSK
  +--> ?PR?_SYSUTIL_ASSERT_EVENT_SET?SYSUTIL

?C_INITSEG                                       -----    -----      -----    -----      -----    -----
  +--> ?CO?VERSION



SYMBOL TABLE OF MODULE:  ..\obj\Ferret_Unmanaged_F5_REL (UARTDRV)

  VALUE           TYPE          NAME
  ----------------------------------

  -------         MODULE        UARTDRV
  C:0000H         SYMBOL        _ICE_DUMMY_
  D:0090H         PUBLIC        P1
  D:00B0H         PUBLIC        P3
  B:00A8H.7       PUBLIC        EA
BL51 BANKED LINKER/LOCATER V6.22.2.0                                                  11/10/2021  11:46:14  PAGE 27


  I:005BH         SYMBOL        rx_buf
  D:00A8H         PUBLIC        IE
  C:8FECH         PUBLIC        _uart_put_byte
  C:81EEH         PUBLIC        uart_interrupt
  D:00B8H         PUBLIC        IP
  B:0021H.1       PUBLIC        uart_rx_buf_overrun
  D:0098H         PUBLIC        SCON
  D:0088H         PUBLIC        TCON
  C:9F6BH         PUBLIC        uart_byte_ready
  D:0053H         SYMBOL        redir_ptr
  C:65A6H         PUBLIC        uart_init
  D:0055H         SYMBOL        rx_head
  D:00C8H         PUBLIC        T2CON
  D:0056H         SYMBOL        rx_tail
  C:9EB8H         PUBLIC        uart_get_byte
  D:00D0H         PUBLIC        PSW
  C:9D1FH         SYMBOL        Com0017
  C:9D1FH         SYMBOL        L?0024
  C:9D1FH         SYMBOL        L?0025
  C:9D26H         SYMBOL        L?0026
  C:9D26H         SYMBOL        L?0027
  C:9D2DH         SYMBOL        L?0030
  C:9D2DH         SYMBOL        L?0031
  -------         PROC          COM0017
  -------         ENDPROC       COM0017
  C:6672H         SYMBOL        L?0022
  C:6683H         SYMBOL        L?0028
  C:6691H         SYMBOL        L?0029
  C:669DH         SYMBOL        L?0032
  -------         PROC          UART_INIT
  C:65A6H         LINE#         110
  C:65A6H         LINE#         128
  C:65BDH         LINE#         131
  C:65CAH         LINE#         135
  C:65D7H         LINE#         136
  C:65E4H         LINE#         137
  C:65F0H         LINE#         140
  C:6607H         LINE#         146
  C:6619H         LINE#         149
  C:6643H         LINE#         152
  C:6672H         LINE#         190
  -------         ENDPROC       UART_INIT
  C:826BH         SYMBOL        L?0021
  -------         PROC          UART_INTERRUPT
  -------         DO            
  D:0007H         SYMBOL        ch
  D:0026H         SYMBOL        temp
  -------         ENDDO         
  C:81EEH         LINE#         194
  C:81EEH         LINE#         214
  C:81F0H         LINE#         216
  C:81F5H         LINE#         217
  C:8203H         LINE#         219
  C:8224H         LINE#         220
  C:8224H         LINE#         221
  C:8229H         LINE#         222
  C:8229H         LINE#         224
BL51 BANKED LINKER/LOCATER V6.22.2.0                                                  11/10/2021  11:46:14  PAGE 28


  C:8239H         LINE#         225
  C:823BH         LINE#         226
  C:823DH         LINE#         227
  C:8244H         LINE#         228
  C:824BH         LINE#         229
  C:824BH         LINE#         230
  C:825BH         LINE#         231
  C:8268H         LINE#         232
  C:8268H         LINE#         233
  C:826AH         LINE#         270
  -------         ENDPROC       UART_INTERRUPT
  -------         PROC          UART_BYTE_READY
  C:9F6BH         LINE#         273
  C:9F6BH         LINE#         282
  C:9F74H         LINE#         283
  -------         ENDPROC       UART_BYTE_READY
  -------         PROC          UART_GET_BYTE
  -------         DO            
  D:0007H         SYMBOL        tmp
  -------         ENDDO         
  C:9EB8H         LINE#         286
  C:9EB8H         LINE#         297
  C:9EBFH         LINE#         298
  C:9EC6H         LINE#         299
  C:9EC6H         LINE#         300
  -------         ENDPROC       UART_GET_BYTE
  -------         PROC          _UART_PUT_BYTE
  D:002FH         SYMBOL        ch
  -------         DO            
  D:0030H         SYMBOL        lsr
  -------         ENDDO         
  C:8FECH         LINE#         302
  C:8FEEH         LINE#         306
  C:8FF4H         LINE#         307
  C:9007H         LINE#         309
  C:9007H         LINE#         312
  C:9007H         LINE#         314
  C:901BH         LINE#         315
  C:9028H         LINE#         317
  C:903DH         LINE#         327
  -------         ENDPROC       _UART_PUT_BYTE
  -------         ENDMOD        UARTDRV

  -------         MODULE        TIMER
  C:0000H         SYMBOL        _ICE_DUMMY_
  D:0090H         PUBLIC        P1
  D:00B0H         PUBLIC        P3
  C:94D7H         PUBLIC        timer_1_interrupt
  C:A07AH         PUBLIC        timeout
  B:0020H.0       PUBLIC        ms_10_timeout_flag
  D:00A8H         PUBLIC        IE
  C:9F75H         PUBLIC        _delay
  X:E4D1H         SYMBOL        time_since_boot_t
  D:00B8H         PUBLIC        IP
  C:9CC1H         PUBLIC        _delay_1
  D:001BH         SYMBOL        timer_count
  D:0098H         PUBLIC        SCON
BL51 BANKED LINKER/LOCATER V6.22.2.0                                                  11/10/2021  11:46:14  PAGE 29


  D:0088H         PUBLIC        TCON
  C:A014H         PUBLIC        _start_timer
  B:0020H.1       PUBLIC        sec_1_timeout_flag
  D:001CH         PUBLIC        tick_count
  B:0020H.2       PUBLIC        ms_100_timeout_flag
  C:815BH         PUBLIC        timer_1_init
  B:0020H.3       SYMBOL        sw_timer_active_flag
  B:0020H.4       SYMBOL        ms_1_timeout_flag
  D:00C8H         PUBLIC        T2CON
  D:00D0H         PUBLIC        PSW
  C:A01BH         SYMBOL        Com0014
  C:A01BH         SYMBOL        L?0021
  C:A01BH         SYMBOL        L?0022
  -------         PROC          COM0014
  -------         ENDPROC       COM0014
  C:81D6H         SYMBOL        L?0019
  C:81E4H         SYMBOL        L?0023
  -------         PROC          TIMER_1_INIT
  C:815BH         LINE#         140
  C:815BH         LINE#         150
  C:8168H         LINE#         155
  C:8197H         LINE#         160
  C:81C6H         LINE#         166
  C:81D6H         LINE#         184
  -------         ENDPROC       TIMER_1_INIT
  -------         PROC          TIMER_1_INTERRUPT
  -------         DO            
  D:0018H         SYMBOL        ms_1_count
  D:0019H         SYMBOL        ms_10_count
  D:001AH         SYMBOL        ms_100_count
  -------         ENDDO         
  C:94D7H         LINE#         191
  C:94D7H         LINE#         201
  C:94DFH         LINE#         202
  C:94E1H         LINE#         204
  C:94E7H         LINE#         205
  C:94EAH         LINE#         208
  C:94ECH         LINE#         211
  C:94F2H         LINE#         212
  C:94F5H         LINE#         215
  C:94F7H         LINE#         217
  C:94FDH         LINE#         218
  C:9500H         LINE#         219
  C:9502H         LINE#         220
  C:9502H         LINE#         221
  C:9502H         LINE#         224
  C:9505H         LINE#         225
  C:950BH         LINE#         226
  C:950DH         LINE#         227
  C:950DH         LINE#         228
  C:950DH         LINE#         229
  C:950DH         LINE#         230
  -------         ENDPROC       TIMER_1_INTERRUPT
  -------         PROC          _DELAY
  D:0007H         SYMBOL        delay_in_10_msec
  C:9F75H         LINE#         244
  C:9F75H         LINE#         247
BL51 BANKED LINKER/LOCATER V6.22.2.0                                                  11/10/2021  11:46:14  PAGE 30


  C:9F77H         LINE#         248
  C:9F79H         LINE#         249
  C:9F7BH         LINE#         252
  C:9F7EH         LINE#         254
  C:9F7EH         LINE#         255
  -------         ENDPROC       _DELAY
  -------         PROC          _DELAY_1
  D:0007H         SYMBOL        delay_in_1_msec
  C:9CC1H         LINE#         267
  C:9CC1H         LINE#         270
  C:9CC3H         LINE#         273
  C:9CD1H         LINE#         274
  C:9CD4H         LINE#         275
  C:9CD4H         LINE#         276
  C:9CD6H         LINE#         277
  C:9CD8H         LINE#         278
  -------         ENDPROC       _DELAY_1
  -------         PROC          _START_TIMER
  D:0007H         SYMBOL        time_in_10_msec
  C:A014H         LINE#         297
  C:A014H         LINE#         299
  C:A016H         LINE#         300
  C:A018H         LINE#         301
  C:A01AH         LINE#         302
  -------         ENDPROC       _START_TIMER
  -------         PROC          TIMEOUT
  C:A07AH         LINE#         312
  C:A07AH         LINE#         314
  C:A07DH         LINE#         315
  -------         ENDPROC       TIMEOUT
  -------         ENDMOD        TIMER

  -------         MODULE        INTERRUPT
  C:0000H         SYMBOL        _ICE_DUMMY_
  D:0090H         PUBLIC        P1
  D:00B0H         PUBLIC        P3
  B:00A8H.7       PUBLIC        EA
  D:00A8H         PUBLIC        IE
  D:00B8H         PUBLIC        IP
  D:0098H         PUBLIC        SCON
  D:0088H         PUBLIC        TCON
  C:8BE1H         PUBLIC        ext_0_interrupt
  C:8B79H         PUBLIC        ext_1_interrupt
  C:9FCFH         PUBLIC        ext_interrupt_init
  B:00A8H.0       PUBLIC        EX0
  B:00A8H.2       PUBLIC        EX1
  B:00B8H.0       PUBLIC        PX0
[...]
  C:7A33H         LINE#         128
  C:7A38H         LINE#         129
  C:7A3AH         LINE#         130
  C:7A3AH         LINE#         131
  C:7A40H         LINE#         132
  C:7A46H         LINE#         133
  C:7A48H         LINE#         134
  C:7A48H         LINE#         135
  C:7A4DH         LINE#         136
  C:7A51H         LINE#         137
  C:7A53H         LINE#         138
  C:7A53H         LINE#         139
  C:7A58H         LINE#         140
  C:7A5AH         LINE#         141
  C:7A5AH         LINE#         142
  C:7A62H         LINE#         143
  C:7A64H         LINE#         180
  C:7A64H         LINE#         186
  C:7A66H         LINE#         187
  C:7A66H         LINE#         188
  C:7A66H         LINE#         190
  C:7A69H         LINE#         191
  C:7A7AH         LINE#         192
  C:7A89H         LINE#         193
  C:7A89H         LINE#         194
  -------         ENDPROC       __LED_MODE_SET
  -------         PROC          LED_TSK
  C:9D9DH         LINE#         302
  C:9D9DH         LINE#         310
  C:9D9DH         LINE#         330
  C:9DA9H         LINE#         332
  C:9DACH         LINE#         333
  C:9DACH         LINE#         335
  C:9DB1H         LINE#         351
  -------         ENDPROC       LED_TSK
  -------         PROC          _LED_UPDATE_PORT_BY_TOWER_MODE
  -------         DO            
  X:E2CAH         SYMBOL        iport_idx
  X:E2CBH         SYMBOL        chip_port
BL51 BANKED LINKER/LOCATER V6.22.2.0                                                  11/10/2021  11:46:14  PAGE 144


  X:E2CCH         SYMBOL        link_mode
  -------         ENDDO         
  C:88B8H         LINE#         379
  C:88B8H         LINE#         387
  C:88B8H         LINE#         392
  C:88CBH         LINE#         393
  C:88DFH         LINE#         395
  C:88DFH         LINE#         396
  C:88DFH         LINE#         398
  C:88EDH         LINE#         399
  C:88F5H         LINE#         415
  C:88FBH         LINE#         460
  C:88FBH         LINE#         462
  C:8902H         LINE#         464
  C:8909H         LINE#         465
  C:8917H         LINE#         466
  C:8917H         LINE#         468
  C:891EH         LINE#         469
  C:8920H         LINE#         471
  C:892AH         LINE#         472
  C:892AH         LINE#         473
  C:892AH         LINE#         475
  C:892AH         LINE#         476
  C:892AH         LINE#         477
  C:892AH         LINE#         478
  C:8932H         LINE#         479
  -------         ENDPROC       _LED_UPDATE_PORT_BY_TOWER_MODE
  -------         PROC          LED_REFRESH
  C:A030H         LINE#         481
  C:A030H         LINE#         482
  C:A030H         LINE#         483
  C:A036H         LINE#         484
  -------         ENDPROC       LED_REFRESH
  -------         PROC          LED_INIT
  C:9ADEH         LINE#         488
  C:9ADEH         LINE#         496
  C:9ADEH         LINE#         504
  C:9AE7H         LINE#         505
  C:9AF0H         LINE#         510
  C:9AF6H         LINE#         513
  C:9AFBH         LINE#         521
  -------         ENDPROC       LED_INIT
  -------         PROC          _LED_PORT_EVENT_SET
  X:E2DFH         SYMBOL        iport
  X:E2E0H         SYMBOL        event
  X:E2E1H         SYMBOL        mode
  -------         DO            
  D:0007H         SYMBOL        led_event
  D:0006H         SYMBOL        temp_led_port_event
  X:E2E2H         SYMBOL        chip_port
  -------         ENDDO         
  C:7B31H         LINE#         526
  C:7B3EH         LINE#         547
  C:7B3EH         LINE#         552
  C:7B42H         LINE#         553
  C:7B4DH         LINE#         554
  C:7B4FH         LINE#         555
BL51 BANKED LINKER/LOCATER V6.22.2.0                                                  11/10/2021  11:46:14  PAGE 145


  C:7B55H         LINE#         556
  C:7B5BH         LINE#         557
  C:7B5BH         LINE#         559
  C:7B79H         LINE#         562
  C:7B7FH         LINE#         563
  C:7B8BH         LINE#         565
  C:7BAFH         LINE#         566
  C:7BB1H         LINE#         567
  C:7BB4H         LINE#         568
  C:7BC3H         LINE#         578
  C:7BC9H         LINE#         580
  C:7BCCH         LINE#         586
  C:7BCCH         LINE#         589
  C:7BD6H         LINE#         593
  -------         ENDPROC       _LED_PORT_EVENT_SET
  -------         PROC          _LED_UPDATE_SYSTEM
  D:0007H         SYMBOL        mode
  C:A037H         LINE#         596
  C:A037H         LINE#         597
  C:A037H         LINE#         599
  -------         ENDPROC       _LED_UPDATE_SYSTEM
  -------         PROC          LED_1S_TIMER
  -------         DO            
  X:E463H         SYMBOL        i
  -------         ENDDO         
  C:9ABDH         LINE#         603
  C:9ABDH         LINE#         604
  C:9ABDH         LINE#         608
  C:9AD5H         LINE#         614
  C:9ADBH         LINE#         615
  C:9ADDH         LINE#         616
  -------         ENDPROC       LED_1S_TIMER
  -------         ENDMOD        LEDTSK

  -------         MODULE        LOOPDET
  C:0000H         SYMBOL        _ICE_DUMMY_
  C:408FH         PUBLIC        ldettsk
  D:0090H         PUBLIC        P1
  D:00B0H         PUBLIC        P3
  C:9FF3H         SYMBOL        ldet_timer_refresh
  B:00A8H.7       PUBLIC        EA
  X:E49EH         SYMBOL        log_blocked_mask
  D:00A8H         PUBLIC        IE
  D:00B8H         PUBLIC        IP
  C:99CDH         PUBLIC        ldet_aging_1s
  X:E4A2H         SYMBOL        ldet_uptime
  X:E4A6H         SYMBOL        loopback_aging_timeout
  D:0098H         PUBLIC        SCON
  D:0088H         PUBLIC        TCON
  X:E4A7H         SYMBOL        cpu_learned_loop_mask
  X:E4ABH         SYMBOL        log_block_mask
  X:E4AFH         SYMBOL        loop_count
  C:903EH         SYMBOL        _ldet_down_ports_clear
  C:A074H         SYMBOL        _ldet_status_set
  D:00C8H         PUBLIC        T2CON
  X:E4B4H         SYMBOL        g_state
  B:0020H.5       SYMBOL        led_on_flag
BL51 BANKED LINKER/LOCATER V6.22.2.0                                                  11/10/2021  11:46:14  PAGE 146


  B:0020H.6       SYMBOL        ldet_aging_timer_started
  D:00D0H         PUBLIC        PSW
  C:8F42H         SYMBOL        Com003A
  C:8F42H         SYMBOL        L?0059
  C:8F42H         SYMBOL        L?0060
  C:8F45H         SYMBOL        L?0061
  C:8F46H         SYMBOL        L?0062
  C:8F48H         SYMBOL        L?0063
  C:8F4FH         SYMBOL        L?0064
  C:8F4FH         SYMBOL        L?0065
  C:8F5BH         SYMBOL        L?0066
  C:8F5EH         SYMBOL        L?0067
  C:8F66H         SYMBOL        L?0068
  C:8F67H         SYMBOL        L?0069
  C:8F69H         SYMBOL        L?0070
  C:8F71H         SYMBOL        L?0072
  C:8F75H         SYMBOL        L?0073
  C:8F7CH         SYMBOL        L?0076
  C:8F88H         SYMBOL        L?0077
  C:8F88H         SYMBOL        L?0078
  C:8F8FH         SYMBOL        L?0079
  -------         PROC          COM003A
  -------         ENDPROC       COM003A
  -------         PROC          _LDET_STATUS_SET
  D:0007H         SYMBOL        new_state
  C:A074H         LINE#         134
  C:A074H         LINE#         135
  C:A074H         LINE#         136
  C:A074H         LINE#         148
  C:A074H         LINE#         150
  C:A079H         LINE#         151
  -------         ENDPROC       _LDET_STATUS_SET
  -------         PROC          _LDET_DOWN_PORTS_CLEAR
  X:E2DFH         SYMBOL        link_mask
  -------         DO            
  X:E2E3H         SYMBOL        port_no
  X:E2E4H         SYMBOL        i_port_no
  -------         ENDDO         
  C:903EH         LINE#         160
  C:9044H         LINE#         163
  C:9044H         LINE#         167
  C:9052H         LINE#         168
  C:9052H         LINE#         169
  C:905AH         LINE#         171
  C:9065H         LINE#         172
  C:9065H         LINE#         175
  C:906DH         LINE#         178
  C:907AH         LINE#         181
  C:9083H         LINE#         182
  C:908BH         LINE#         183
  -------         ENDPROC       _LDET_DOWN_PORTS_CLEAR
  -------         PROC          LDET_TIMER_REFRESH
  C:9FF3H         LINE#         185
  C:9FF3H         LINE#         186
  C:9FF3H         LINE#         188
  C:9FF5H         LINE#         189
  C:9FFBH         LINE#         190
BL51 BANKED LINKER/LOCATER V6.22.2.0                                                  11/10/2021  11:46:14  PAGE 147


  -------         ENDPROC       LDET_TIMER_REFRESH
  C:4300H         SYMBOL        L?0057
  C:431EH         SYMBOL        L?0071
  C:4332H         SYMBOL        L?0074
  C:433EH         SYMBOL        L?0075
  -------         PROC          LDETTSK
  -------         DO            
  X:E2CAH         SYMBOL        move_mask
  X:E2CEH         SYMBOL        link_mask
  X:E2D2H         SYMBOL        port_no
  X:E2D3H         SYMBOL        chip_port
  X:E2D4H         SYMBOL        i_port_no
  X:E2D5H         SYMBOL        iport_idx
  X:E2D6H         SYMBOL        lp_eab
  -------         DO            
  X:E2D7H         SYMBOL        led_mode
  -------         ENDDO         
  -------         DO            
  X:E2D7H         SYMBOL        addr
  X:E2DBH         SYMBOL        inv_mask
  -------         ENDDO         
  -------         ENDDO         
  C:408FH         LINE#         201
  C:408FH         LINE#         202
  C:408FH         LINE#         203
  C:408FH         LINE#         215
  C:40A4H         LINE#         216
  C:40BEH         LINE#         222
  C:40C7H         LINE#         223
  C:40D0H         LINE#         229
  C:40DDH         LINE#         249
  C:40E3H         LINE#         250
  C:40E6H         LINE#         251
  C:40EBH         LINE#         264
  C:40EBH         LINE#         265
  C:40EBH         LINE#         275
  C:40FBH         LINE#         276
  C:4106H         LINE#         277
  C:4109H         LINE#         279
  C:4114H         LINE#         287
  C:4114H         LINE#         288
  C:4119H         LINE#         289
  C:4122H         LINE#         291
  C:4122H         LINE#         292
  C:4134H         LINE#         293
  C:4146H         LINE#         295
  C:414FH         LINE#         296
  C:4151H         LINE#         304
  C:4151H         LINE#         306
  C:4156H         LINE#         308
  C:415BH         LINE#         309
  C:415BH         LINE#         310
  C:415BH         LINE#         311
  C:4161H         LINE#         312
  C:4161H         LINE#         319
  C:416AH         LINE#         320
  C:4176H         LINE#         327
BL51 BANKED LINKER/LOCATER V6.22.2.0                                                  11/10/2021  11:46:14  PAGE 148


  C:4184H         LINE#         330
  C:4185H         LINE#         331
  C:418AH         LINE#         332
  C:4192H         LINE#         333
  C:4192H         LINE#         339
  C:41A6H         LINE#         342
  C:41ABH         LINE#         348
  C:41B0H         LINE#         349
  C:41B0H         LINE#         360
  C:41B0H         LINE#         364
  C:41BAH         LINE#         365
  C:41BDH         LINE#         366
  C:41CCH         LINE#         367
  C:41D0H         LINE#         368
  C:41D5H         LINE#         369
  C:41DDH         LINE#         370
  C:41DDH         LINE#         372
  C:41EAH         LINE#         373
  C:41ECH         LINE#         374
  C:41EEH         LINE#         375
  C:41F5H         LINE#         376
  C:41F5H         LINE#         378
  C:41FDH         LINE#         380
  C:4206H         LINE#         390
  C:4208H         LINE#         394
  C:4208H         LINE#         395
  C:4208H         LINE#         400
  C:420BH         LINE#         401
  C:420EH         LINE#         403
  C:421EH         LINE#         404
  C:4220H         LINE#         405
  C:4225H         LINE#         406
  C:422EH         LINE#         416
  C:4230H         LINE#         417
  C:4235H         LINE#         418
  C:4235H         LINE#         420
  C:4240H         LINE#         421
  C:4243H         LINE#         422
  C:424BH         LINE#         423
  C:4250H         LINE#         425
  C:425AH         LINE#         426
  C:4264H         LINE#         427
  C:4264H         LINE#         433
  C:426AH         LINE#         435
  C:4276H         LINE#         443
  C:427EH         LINE#         448
  C:42A7H         LINE#         462
  C:42BBH         LINE#         464
  C:42C1H         LINE#         465
  C:42D3H         LINE#         466
  C:42D3H         LINE#         468
  C:42F9H         LINE#         481
  C:42FFH         LINE#         482
  -------         ENDPROC       LDETTSK
  -------         PROC          LDET_AGING_1S
  C:99CDH         LINE#         497
  C:99CDH         LINE#         498
BL51 BANKED LINKER/LOCATER V6.22.2.0                                                  11/10/2021  11:46:14  PAGE 149


  C:99CDH         LINE#         499
  C:99E2H         LINE#         500
  C:99E5H         LINE#         501
  C:99EBH         LINE#         502
  C:99EEH         LINE#         503
  C:99F0H         LINE#         504
  C:99F0H         LINE#         505
  C:99F0H         LINE#         506
  -------         ENDPROC       LDET_AGING_1S
  -------         ENDMOD        LOOPDET

  -------         MODULE        ?C?FPADD
  C:1F12H         PUBLIC        ?C?FPADD
  C:1F0EH         PUBLIC        ?C?FPSUB
  -------         ENDMOD        ?C?FPADD

  -------         MODULE        ?C?FPMUL
  C:2003H         PUBLIC        ?C?FPMUL
  -------         ENDMOD        ?C?FPMUL

  -------         MODULE        ?C?FPDIV
  C:210CH         PUBLIC        ?C?FPDIV
  -------         ENDMOD        ?C?FPDIV

  -------         MODULE        ?C?FCAST
  C:21B3H         PUBLIC        ?C?FCASTC
  C:21AEH         PUBLIC        ?C?FCASTI
  C:21A9H         PUBLIC        ?C?FCASTL
  -------         ENDMOD        ?C?FCAST

  -------         MODULE        ?C?CASTF
  C:21E7H         PUBLIC        ?C?CASTF
  -------         ENDMOD        ?C?CASTF

  -------         MODULE        ?C?COPY
  C:2338H         PUBLIC        ?C?COPY
  -------         ENDMOD        ?C?COPY

  -------         MODULE        ?C?SCDIV
  C:235EH         PUBLIC        ?C?SCDIV
  -------         ENDMOD        ?C?SCDIV

  -------         MODULE        ?C?CLDPTR
  C:2380H         PUBLIC        ?C?CLDPTR
  -------         ENDMOD        ?C?CLDPTR

  -------         MODULE        ?C?CLDOPTR
  C:2399H         PUBLIC        ?C?CLDOPTR
  -------         ENDMOD        ?C?CLDOPTR

  -------         MODULE        ?C?CILDOPTR
  C:23C6H         PUBLIC        ?C?CILDOPTR
  -------         ENDMOD        ?C?CILDOPTR

  -------         MODULE        ?C?CSTPTR
  C:23F9H         PUBLIC        ?C?CSTPTR
  -------         ENDMOD        ?C?CSTPTR
BL51 BANKED LINKER/LOCATER V6.22.2.0                                                  11/10/2021  11:46:14  PAGE 150



  -------         MODULE        ?C?CSTOPTR
  C:240BH         PUBLIC        ?C?CSTOPTR
  -------         ENDMOD        ?C?CSTOPTR

  -------         MODULE        ?C?IILDX
  C:242DH         PUBLIC        ?C?IILDX
  -------         ENDMOD        ?C?IILDX

  -------         MODULE        ?C?ILDIX
  C:2443H         PUBLIC        ?C?ILDIX
  -------         ENDMOD        ?C?ILDIX

  -------         MODULE        ?C?ILDOPTR
  C:2459H         PUBLIC        ?C?ILDOPTR
  -------         ENDMOD        ?C?ILDOPTR

  -------         MODULE        ?C?ISTPTR
  C:2491H         PUBLIC        ?C?ISTPTR
  -------         ENDMOD        ?C?ISTPTR

  -------         MODULE        ?C?LADD
  C:24B0H         PUBLIC        ?C?LADD
  -------         ENDMOD        ?C?LADD

  -------         MODULE        ?C?LSUB
  C:24BDH         PUBLIC        ?C?LSUB
  -------         ENDMOD        ?C?LSUB

  -------         MODULE        ?C?LMUL
  C:24CBH         PUBLIC        ?C?LMUL
  -------         ENDMOD        ?C?LMUL

  -------         MODULE        ?C?ULDIV
  C:2556H         PUBLIC        ?C?ULDIV
  -------         ENDMOD        ?C?ULDIV

  -------         MODULE        ?C?LAND
  C:25E8H         PUBLIC        ?C?LAND
  -------         ENDMOD        ?C?LAND

  -------         MODULE        ?C?LOR
  C:25F5H         PUBLIC        ?C?LOR
  -------         ENDMOD        ?C?LOR

  -------         MODULE        ?C?LNOT
  C:2602H         PUBLIC        ?C?LNOT
  -------         ENDMOD        ?C?LNOT

  -------         MODULE        ?C?LNEG
  C:260FH         PUBLIC        ?C?LNEG
  -------         ENDMOD        ?C?LNEG

  -------         MODULE        ?C?ULCMP
  C:261DH         PUBLIC        ?C?ULCMP
  -------         ENDMOD        ?C?ULCMP

BL51 BANKED LINKER/LOCATER V6.22.2.0                                                  11/10/2021  11:46:14  PAGE 151


  -------         MODULE        ?C?ULSHR
  C:262EH         PUBLIC        ?C?ULSHR
  -------         ENDMOD        ?C?ULSHR

  -------         MODULE        ?C?LSHL
  C:2641H         PUBLIC        ?C?LSHL
  -------         ENDMOD        ?C?LSHL

  -------         MODULE        ?C?LLDIDATA
  C:2654H         PUBLIC        ?C?LLDIDATA
  -------         ENDMOD        ?C?LLDIDATA

  -------         MODULE        ?C?LLDXDATA
  C:2660H         PUBLIC        ?C?LLDXDATA
  -------         ENDMOD        ?C?LLDXDATA

  -------         MODULE        ?C?LLDIDATA0
  C:266CH         PUBLIC        ?C?LLDIDATA0
  -------         ENDMOD        ?C?LLDIDATA0

  -------         MODULE        ?C?LLDXDATA0
  C:2679H         PUBLIC        ?C?LLDXDATA0
  -------         ENDMOD        ?C?LLDXDATA0

  -------         MODULE        ?C?LLDIXDATA
  C:268EH         PUBLIC        ?C?LLDIXDATA
  C:2685H         PUBLIC        ?C?LLDIXDATA1
  C:2687H         PUBLIC        ?C?LLDIXDATA8
  -------         ENDMOD        ?C?LLDIXDATA

  -------         MODULE        ?C?LSTIDATA
  C:26BAH         PUBLIC        ?C?LSTIDATA
  -------         ENDMOD        ?C?LSTIDATA

  -------         MODULE        ?C?LSTXDATA
  C:26C6H         PUBLIC        ?C?LSTXDATA
  -------         ENDMOD        ?C?LSTXDATA

  -------         MODULE        ?C?LSTKXDATA
  C:26D2H         PUBLIC        ?C?LSTKXDATA
  -------         ENDMOD        ?C?LSTKXDATA

  -------         MODULE        ?C?OFFXADD
  C:2703H         PUBLIC        ?C?OFFXADD
  -------         ENDMOD        ?C?OFFXADD

  -------         MODULE        ?C?PLDXDATA
  C:270FH         PUBLIC        ?C?PLDXDATA
  -------         ENDMOD        ?C?PLDXDATA

  -------         MODULE        ?C?PLDIXDATA
  C:2718H         PUBLIC        ?C?PLDIXDATA
  -------         ENDMOD        ?C?PLDIXDATA

  -------         MODULE        ?C?PSTXDATA
  C:272FH         PUBLIC        ?C?PSTXDATA
  -------         ENDMOD        ?C?PSTXDATA
BL51 BANKED LINKER/LOCATER V6.22.2.0                                                  11/10/2021  11:46:14  PAGE 152



  -------         MODULE        ?C?CCASE
  C:2738H         PUBLIC        ?C?CCASE
  -------         ENDMOD        ?C?CCASE

  -------         MODULE        ?C?LCASE
  C:275EH         PUBLIC        ?C?LCASE
  -------         ENDMOD        ?C?LCASE

  -------         MODULE        ?C?LIMUL
  C:2798H         PUBLIC        ?C?LIMUL
  -------         ENDMOD        ?C?LIMUL

  -------         MODULE        STRLEN
  C:9DB2H         PUBLIC        _STRLEN
  -------         ENDMOD        STRLEN

  -------         MODULE        ?C?MEMSET
  C:27C5H         PUBLIC        ?C?MEMSET
  -------         ENDMOD        ?C?MEMSET

******************************************************************************
* RESTRICTED VERSION WITH 0800H BYTE CODE SIZE LIMIT; USED: 8F19H BYTE (1788%) *
******************************************************************************

Program Size: data=137.3 xdata=1245 code=39061
LINK/LOCATE RUN COMPLETE.  0 WARNING(S),  0 ERROR(S)

*** FATAL ERROR L250: CODE SIZE LIMIT IN RESTRICTED VERSION EXCEEDED
    MODULE:  C:\KEIL_V5\C51\LIB\C51L.LIB (-----)
    LIMIT:   0800H BYTES